Component: ARM Compiler 5.05 update 1 (build 106) Tool: armlink [4d0efa]

==============================================================================

Section Cross References

    startup_stm32f405xx.o(RESET) refers to startup_stm32f405xx.o(STACK) for __initial_sp
    startup_stm32f405xx.o(RESET) refers to startup_stm32f405xx.o(.text) for Reset_Handler
    startup_stm32f405xx.o(RESET) refers to stm32f4xx_it.o(i.NMI_Handler) for NMI_Handler
    startup_stm32f405xx.o(RESET) refers to stm32f4xx_it.o(i.HardFault_Handler) for HardFault_Handler
    startup_stm32f405xx.o(RESET) refers to stm32f4xx_it.o(i.MemManage_Handler) for MemManage_Handler
    startup_stm32f405xx.o(RESET) refers to stm32f4xx_it.o(i.BusFault_Handler) for BusFault_Handler
    startup_stm32f405xx.o(RESET) refers to stm32f4xx_it.o(i.UsageFault_Handler) for UsageFault_Handler
    startup_stm32f405xx.o(RESET) refers to port.o(.emb_text) for SVC_Handler
    startup_stm32f405xx.o(RESET) refers to stm32f4xx_it.o(i.DebugMon_Handler) for DebugMon_Handler
    startup_stm32f405xx.o(RESET) refers to stm32f4xx_it.o(i.SysTick_Handler) for SysTick_Handler
    startup_stm32f405xx.o(RESET) refers to stm32f4xx_it.o(i.EXTI0_IRQHandler) for EXTI0_IRQHandler
    startup_stm32f405xx.o(RESET) refers to stm32f4xx_it.o(i.DMA1_Stream5_IRQHandler) for DMA1_Stream5_IRQHandler
    startup_stm32f405xx.o(RESET) refers to stm32f4xx_it.o(i.DMA1_Stream6_IRQHandler) for DMA1_Stream6_IRQHandler
    startup_stm32f405xx.o(RESET) refers to stm32f4xx_it.o(i.CAN1_RX0_IRQHandler) for CAN1_RX0_IRQHandler
    startup_stm32f405xx.o(RESET) refers to stm32f4xx_it.o(i.TIM3_IRQHandler) for TIM3_IRQHandler
    startup_stm32f405xx.o(RESET) refers to stm32f4xx_it.o(i.USART1_IRQHandler) for USART1_IRQHandler
    startup_stm32f405xx.o(RESET) refers to stm32f4xx_it.o(i.USART2_IRQHandler) for USART2_IRQHandler
    startup_stm32f405xx.o(RESET) refers to stm32f4xx_it.o(i.DMA2_Stream2_IRQHandler) for DMA2_Stream2_IRQHandler
    startup_stm32f405xx.o(.text) refers to system_stm32f4xx.o(i.SystemInit) for SystemInit
    startup_stm32f405xx.o(.text) refers to entry.o(.ARM.Collect$$$$00000000) for __main
    chassis_control.o(i.chassis_control) refers to chassis_control.o(i.chassis_speed_analysis) for chassis_speed_analysis
    chassis_control.o(i.chassis_control) refers to robo_base.o(i.PID_Send) for PID_Send
    chassis_control.o(i.chassis_control) refers to robo_base.o(i.SystemIO_Usart_ToString) for SystemIO_Usart_ToString
    chassis_control.o(i.chassis_control) refers to usart2_route.o(.bss) for Route_Data
    chassis_control.o(i.chassis_control) refers to stm32f4xx_it.o(.bss) for Robo_Base
    chassis_control.o(i.chassis_control) refers to chassis_control.o(.data) for .data
    chassis_control.o(i.chassis_speed_analysis) refers to f2d.o(.text) for __aeabi_f2d
    chassis_control.o(i.chassis_speed_analysis) refers to cos.o(i.__hardfp_cos) for __hardfp_cos
    chassis_control.o(i.chassis_speed_analysis) refers to dflti.o(.text) for __aeabi_i2d
    chassis_control.o(i.chassis_speed_analysis) refers to dmul.o(.text) for __aeabi_dmul
    chassis_control.o(i.chassis_speed_analysis) refers to dfixi.o(.text) for __aeabi_d2iz
    chassis_control.o(i.chassis_speed_analysis) refers to sin.o(i.__hardfp_sin) for __hardfp_sin
    chassis_control.o(i.chassis_speed_analysis) refers to sqrt.o(i.__hardfp_sqrt) for __hardfp_sqrt
    chassis_control.o(i.chassis_speed_analysis) refers to ddiv.o(.text) for __aeabi_ddiv
    chassis_control.o(i.chassis_speed_analysis) refers to dadd.o(.text) for __aeabi_dsub
    chassis_control.o(i.chassis_speed_analysis) refers to d2f.o(.text) for __aeabi_d2f
    robo_base.o(i.BASE_Init) refers to robo_base.o(i.PID_Init) for PID_Init
    robo_base.o(i.Motor_Speed_Analysis) refers to robo_base.o(i.Speed_Info_Analysis) for Speed_Info_Analysis
    robo_base.o(i.PID_Send) refers to robo_base.o(i.PID_Speed_Cal) for PID_Speed_Cal
    robo_base.o(i.PID_Send) refers to robo_base.o(i.Send_To_Motor_) for Send_To_Motor_
    robo_base.o(i.PID_Send) refers to can.o(.bss) for hcan1
    robo_base.o(i.Send_To_Motor_) refers to stm32f4xx_hal_can.o(i.HAL_CAN_AddTxMessage) for HAL_CAN_AddTxMessage
    robo_base.o(i.Send_To_Motor_) refers to main.o(i.Error_Handler) for Error_Handler
    remote.o(i.RemoteDataProcess) refers to remote.o(.data) for .data
    main.o(i.Send_To_Motor) refers to stm32f4xx_hal_can.o(i.HAL_CAN_AddTxMessage) for HAL_CAN_AddTxMessage
    main.o(i.Send_To_Motor) refers to stm32f4xx_it.o(.data) for Tx_Data
    main.o(i.Send_To_Motor) refers to can.o(.bss) for hcan1
    main.o(i.SystemClock_Config) refers to memseta.o(.text) for __aeabi_memclr4
    main.o(i.SystemClock_Config) refers to stm32f4xx_hal_rcc.o(i.HAL_RCC_OscConfig) for HAL_RCC_OscConfig
    main.o(i.SystemClock_Config) refers to stm32f4xx_hal_rcc.o(i.HAL_RCC_ClockConfig) for HAL_RCC_ClockConfig
    main.o(i.main) refers to main.o(i.SystemClock_Config) for SystemClock_Config
[...]
    i.HAL_CAN_RxFifo0FullCallback            0x08001238   Section        0  stm32f4xx_hal_can.o(i.HAL_CAN_RxFifo0FullCallback)
    i.HAL_CAN_RxFifo0MsgPendingCallback      0x0800123a   Section        0  stm32f4xx_hal_can.o(i.HAL_CAN_RxFifo0MsgPendingCallback)
    i.HAL_CAN_RxFifo1FullCallback            0x0800123c   Section        0  stm32f4xx_hal_can.o(i.HAL_CAN_RxFifo1FullCallback)
    i.HAL_CAN_RxFifo1MsgPendingCallback      0x0800123e   Section        0  stm32f4xx_hal_can.o(i.HAL_CAN_RxFifo1MsgPendingCallback)
    i.HAL_CAN_SleepCallback                  0x08001240   Section        0  stm32f4xx_hal_can.o(i.HAL_CAN_SleepCallback)
    i.HAL_CAN_Start                          0x08001244   Section        0  stm32f4xx_hal_can.o(i.HAL_CAN_Start)
    i.HAL_CAN_TxMailbox0AbortCallback        0x0800129c   Section        0  stm32f4xx_hal_can.o(i.HAL_CAN_TxMailbox0AbortCallback)
    i.HAL_CAN_TxMailbox0CompleteCallback     0x0800129e   Section        0  stm32f4xx_hal_can.o(i.HAL_CAN_TxMailbox0CompleteCallback)
    i.HAL_CAN_TxMailbox1AbortCallback        0x080012a0   Section        0  stm32f4xx_hal_can.o(i.HAL_CAN_TxMailbox1AbortCallback)
    i.HAL_CAN_TxMailbox1CompleteCallback     0x080012a2   Section        0  stm32f4xx_hal_can.o(i.HAL_CAN_TxMailbox1CompleteCallback)
    i.HAL_CAN_TxMailbox2AbortCallback        0x080012a4   Section        0  stm32f4xx_hal_can.o(i.HAL_CAN_TxMailbox2AbortCallback)
    i.HAL_CAN_TxMailbox2CompleteCallback     0x080012a6   Section        0  stm32f4xx_hal_can.o(i.HAL_CAN_TxMailbox2CompleteCallback)
    i.HAL_CAN_WakeUpFromRxMsgCallback        0x080012a8   Section        0  stm32f4xx_hal_can.o(i.HAL_CAN_WakeUpFromRxMsgCallback)
    i.HAL_DMA_Abort_IT                       0x080012aa   Section        0  stm32f4xx_hal_dma.o(i.HAL_DMA_Abort_IT)
    i.HAL_DMA_IRQHandler                     0x080012d0   Section        0  stm32f4xx_hal_dma.o(i.HAL_DMA_IRQHandler)
    i.HAL_DMA_Init                           0x08001470   Section        0  stm32f4xx_hal_dma.o(i.HAL_DMA_Init)
    i.HAL_DMA_Start_IT                       0x08001544   Section        0  stm32f4xx_hal_dma.o(i.HAL_DMA_Start_IT)
    i.HAL_GPIO_EXTI_Callback                 0x080015b2   Section        0  stm32f4xx_hal_gpio.o(i.HAL_GPIO_EXTI_Callback)
    i.HAL_GPIO_EXTI_IRQHandler               0x080015b4   Section        0  stm32f4xx_hal_gpio.o(i.HAL_GPIO_EXTI_IRQHandler)
    i.HAL_GPIO_Init                          0x080015cc   Section        0  stm32f4xx_hal_gpio.o(i.HAL_GPIO_Init)
    i.HAL_GPIO_WritePin                      0x08001784   Section        0  stm32f4xx_hal_gpio.o(i.HAL_GPIO_WritePin)
    i.HAL_GetTick                            0x08001790   Section        0  stm32f4xx_hal.o(i.HAL_GetTick)
    i.HAL_IncTick                            0x0800179c   Section        0  stm32f4xx_hal.o(i.HAL_IncTick)
    i.HAL_InitTick                           0x080017ac   Section        0  stm32f4xx_hal.o(i.HAL_InitTick)
    i.HAL_NVIC_EnableIRQ                     0x080017ec   Section        0  stm32f4xx_hal_cortex.o(i.HAL_NVIC_EnableIRQ)
    i.HAL_NVIC_SetPriority                   0x08001808   Section        0  stm32f4xx_hal_cortex.o(i.HAL_NVIC_SetPriority)
    i.HAL_RCC_ClockConfig                    0x08001848   Section        0  stm32f4xx_hal_rcc.o(i.HAL_RCC_ClockConfig)
    i.HAL_RCC_GetPCLK1Freq                   0x0800197c   Section        0  stm32f4xx_hal_rcc.o(i.HAL_RCC_GetPCLK1Freq)
    i.HAL_RCC_GetPCLK2Freq                   0x0800199c   Section        0  stm32f4xx_hal_rcc.o(i.HAL_RCC_GetPCLK2Freq)
    i.HAL_RCC_GetSysClockFreq                0x080019bc   Section        0  stm32f4xx_hal_rcc.o(i.HAL_RCC_GetSysClockFreq)
    i.HAL_RCC_OscConfig                      0x08001a1c   Section        0  stm32f4xx_hal_rcc.o(i.HAL_RCC_OscConfig)
    i.HAL_SYSTICK_Config                     0x08001d78   Section        0  stm32f4xx_hal_cortex.o(i.HAL_SYSTICK_Config)
    i.HAL_TIMEx_BreakCallback                0x08001da0   Section        0  stm32f4xx_hal_tim_ex.o(i.HAL_TIMEx_BreakCallback)
    i.HAL_TIMEx_CommutCallback               0x08001da2   Section        0  stm32f4xx_hal_tim_ex.o(i.HAL_TIMEx_CommutCallback)
    i.HAL_TIMEx_MasterConfigSynchronization  0x08001da4   Section        0  stm32f4xx_hal_tim_ex.o(i.HAL_TIMEx_MasterConfigSynchronization)
    i.HAL_TIM_Base_Init                      0x08001e34   Section        0  stm32f4xx_hal_tim.o(i.HAL_TIM_Base_Init)
    i.HAL_TIM_Base_MspInit                   0x08001e6c   Section        0  tim.o(i.HAL_TIM_Base_MspInit)
    i.HAL_TIM_Base_Start_IT                  0x08001ea8   Section        0  stm32f4xx_hal_tim.o(i.HAL_TIM_Base_Start_IT)
    i.HAL_TIM_ConfigClockSource              0x08001eca   Section        0  stm32f4xx_hal_tim.o(i.HAL_TIM_ConfigClockSource)
    i.HAL_TIM_IC_CaptureCallback             0x08001fa0   Section        0  stm32f4xx_hal_tim.o(i.HAL_TIM_IC_CaptureCallback)
    i.HAL_TIM_IRQHandler                     0x08001fa2   Section        0  stm32f4xx_hal_tim.o(i.HAL_TIM_IRQHandler)
    i.HAL_TIM_OC_DelayElapsedCallback        0x08002108   Section        0  stm32f4xx_hal_tim.o(i.HAL_TIM_OC_DelayElapsedCallback)
    i.HAL_TIM_PWM_PulseFinishedCallback      0x0800210a   Section        0  stm32f4xx_hal_tim.o(i.HAL_TIM_PWM_PulseFinishedCallback)
    i.HAL_TIM_PeriodElapsedCallback          0x0800210c   Section        0  stm32f4xx_hal_tim.o(i.HAL_TIM_PeriodElapsedCallback)
    i.HAL_TIM_TriggerCallback                0x0800210e   Section        0  stm32f4xx_hal_tim.o(i.HAL_TIM_TriggerCallback)
    i.HAL_UART_ErrorCallback                 0x08002110   Section        0  stm32f4xx_hal_uart.o(i.HAL_UART_ErrorCallback)
    i.HAL_UART_IRQHandler                    0x08002114   Section        0  stm32f4xx_hal_uart.o(i.HAL_UART_IRQHandler)
    i.HAL_UART_Init                          0x08002228   Section        0  stm32f4xx_hal_uart.o(i.HAL_UART_Init)
    i.HAL_UART_MspInit                       0x0800228c   Section        0  usart.o(i.HAL_UART_MspInit)
    i.HAL_UART_Receive_DMA                   0x08002400   Section        0  stm32f4xx_hal_uart.o(i.HAL_UART_Receive_DMA)
    i.HAL_UART_RxCpltCallback                0x08002498   Section        0  stm32f4xx_hal_uart.o(i.HAL_UART_RxCpltCallback)
    i.HAL_UART_RxHalfCpltCallback            0x0800249a   Section        0  stm32f4xx_hal_uart.o(i.HAL_UART_RxHalfCpltCallback)
    i.HAL_UART_Transmit_DMA                  0x0800249c   Section        0  stm32f4xx_hal_uart.o(i.HAL_UART_Transmit_DMA)
    i.HAL_UART_TxCpltCallback                0x0800251c   Section        0  stm32f4xx_hal_uart.o(i.HAL_UART_TxCpltCallback)
    i.HAL_UART_TxHalfCpltCallback            0x0800251e   Section        0  stm32f4xx_hal_uart.o(i.HAL_UART_TxHalfCpltCallback)
    i.HardFault_Handler                      0x08002520   Section        0  stm32f4xx_it.o(i.HardFault_Handler)
    i.LED_ALL_Shine                          0x08002524   Section        0  led.o(i.LED_ALL_Shine)
    i.LED_Task                               0x08002534   Section        0  led.o(i.LED_Task)
    i.MX_CAN1_Init                           0x08002554   Section        0  can.o(i.MX_CAN1_Init)
    i.MX_DMA_Init                            0x08002598   Section        0  dma.o(i.MX_DMA_Init)
    i.MX_FREERTOS_Init                       0x080025f4   Section        0  freertos.o(i.MX_FREERTOS_Init)
    i.MX_GPIO_Init                           0x08002630   Section        0  gpio.o(i.MX_GPIO_Init)
    i.MX_TIM3_Init                           0x080026d4   Section        0  tim.o(i.MX_TIM3_Init)
    i.MX_USART1_UART_Init                    0x0800273c   Section        0  usart.o(i.MX_USART1_UART_Init)
    i.MX_USART2_UART_Init                    0x08002780   Section        0  usart.o(i.MX_USART2_UART_Init)
    i.MemManage_Handler                      0x080027b8   Section        0  stm32f4xx_it.o(i.MemManage_Handler)
    i.Motor_Speed_Analysis                   0x080027ba   Section        0  robo_base.o(i.Motor_Speed_Analysis)
    i.NMI_Handler                            0x080027da   Section        0  stm32f4xx_it.o(i.NMI_Handler)
    i.PID_Init                               0x080027dc   Section        0  robo_base.o(i.PID_Init)
    i.PID_Send                               0x08002810   Section        0  robo_base.o(i.PID_Send)
    i.PID_Speed_Cal                          0x08002844   Section        0  robo_base.o(i.PID_Speed_Cal)
    i.RED_ALL_Shine                          0x0800298c   Section        0  led.o(i.RED_ALL_Shine)
    i.RemoteDataProcess                      0x080029ac   Section        0  remote.o(i.RemoteDataProcess)
    i.RouteData_analysis                     0x08002a2c   Section        0  usart2_route.o(i.RouteData_analysis)
    i.Send_To_Motor_                         0x08002a84   Section        0  robo_base.o(i.Send_To_Motor_)
    i.Speed_Info_Analysis                    0x08002ab2   Section        0  robo_base.o(i.Speed_Info_Analysis)
    i.StartDefaultTask                       0x08002ac4   Section        0  freertos.o(i.StartDefaultTask)
    i.StartTask02                            0x08002acc   Section        0  freertos.o(i.StartTask02)
    i.SysTick_Handler                        0x08002ad8   Section        0  stm32f4xx_it.o(i.SysTick_Handler)
    i.SystemClock_Config                     0x08002af0   Section        0  main.o(i.SystemClock_Config)
    i.SystemIO_Usart_ToString                0x08002b74   Section        0  robo_base.o(i.SystemIO_Usart_ToString)
    i.SystemInit                             0x08002cec   Section        0  system_stm32f4xx.o(i.SystemInit)
    i.TIM3_IRQHandler                        0x08002d08   Section        0  stm32f4xx_it.o(i.TIM3_IRQHandler)
    i.TIM_Base_SetConfig                     0x08002d40   Section        0  stm32f4xx_hal_tim.o(i.TIM_Base_SetConfig)
    i.TIM_ETR_SetConfig                      0x08002e08   Section        0  stm32f4xx_hal_tim.o(i.TIM_ETR_SetConfig)
    i.TIM_ITRx_SetConfig                     0x08002e1c   Section        0  stm32f4xx_hal_tim.o(i.TIM_ITRx_SetConfig)
    TIM_ITRx_SetConfig                       0x08002e1d   Thumb Code    16  stm32f4xx_hal_tim.o(i.TIM_ITRx_SetConfig)
    i.TIM_TI1_ConfigInputStage               0x08002e2c   Section        0  stm32f4xx_hal_tim.o(i.TIM_TI1_ConfigInputStage)
    TIM_TI1_ConfigInputStage                 0x08002e2d   Thumb Code    34  stm32f4xx_hal_tim.o(i.TIM_TI1_ConfigInputStage)
    i.TIM_TI2_ConfigInputStage               0x08002e4e   Section        0  stm32f4xx_hal_tim.o(i.TIM_TI2_ConfigInputStage)
    TIM_TI2_ConfigInputStage                 0x08002e4f   Thumb Code    36  stm32f4xx_hal_tim.o(i.TIM_TI2_ConfigInputStage)
    i.UART_DMAAbortOnError                   0x08002e72   Section        0  stm32f4xx_hal_uart.o(i.UART_DMAAbortOnError)
    UART_DMAAbortOnError                     0x08002e73   Thumb Code    16  stm32f4xx_hal_uart.o(i.UART_DMAAbortOnError)
    i.UART_DMAError                          0x08002e82   Section        0  stm32f4xx_hal_uart.o(i.UART_DMAError)
    UART_DMAError                            0x08002e83   Thumb Code    74  stm32f4xx_hal_uart.o(i.UART_DMAError)
    i.UART_DMAReceiveCplt                    0x08002ecc   Section        0  stm32f4xx_hal_uart.o(i.UART_DMAReceiveCplt)
    UART_DMAReceiveCplt                      0x08002ecd   Thumb Code    60  stm32f4xx_hal_uart.o(i.UART_DMAReceiveCplt)
    i.UART_DMARxHalfCplt                     0x08002f08   Section        0  stm32f4xx_hal_uart.o(i.UART_DMARxHalfCplt)
    UART_DMARxHalfCplt                       0x08002f09   Thumb Code    10  stm32f4xx_hal_uart.o(i.UART_DMARxHalfCplt)
    i.UART_DMATransmitCplt                   0x08002f12   Section        0  stm32f4xx_hal_uart.o(i.UART_DMATransmitCplt)
    UART_DMATransmitCplt                     0x08002f13   Thumb Code    46  stm32f4xx_hal_uart.o(i.UART_DMATransmitCplt)
    i.UART_DMATxHalfCplt                     0x08002f40   Section        0  stm32f4xx_hal_uart.o(i.UART_DMATxHalfCplt)
    UART_DMATxHalfCplt                       0x08002f41   Thumb Code    10  stm32f4xx_hal_uart.o(i.UART_DMATxHalfCplt)
    i.UART_EndRxTransfer                     0x08002f4a   Section        0  stm32f4xx_hal_uart.o(i.UART_EndRxTransfer)
    UART_EndRxTransfer                       0x08002f4b   Thumb Code    28  stm32f4xx_hal_uart.o(i.UART_EndRxTransfer)
    i.UART_EndTxTransfer                     0x08002f66   Section        0  stm32f4xx_hal_uart.o(i.UART_EndTxTransfer)
    UART_EndTxTransfer                       0x08002f67   Thumb Code    18  stm32f4xx_hal_uart.o(i.UART_EndTxTransfer)
    i.UART_Receive_IT                        0x08002f78   Section        0  stm32f4xx_hal_uart.o(i.UART_Receive_IT)
    UART_Receive_IT                          0x08002f79   Thumb Code   150  stm32f4xx_hal_uart.o(i.UART_Receive_IT)
    i.UART_SetConfig                         0x08003010   Section        0  stm32f4xx_hal_uart.o(i.UART_SetConfig)
    UART_SetConfig                           0x08003011   Thumb Code   286  stm32f4xx_hal_uart.o(i.UART_SetConfig)
    i.UART_Transmit_IT                       0x08003138   Section        0  stm32f4xx_hal_uart.o(i.UART_Transmit_IT)
    UART_Transmit_IT                         0x08003139   Thumb Code    98  stm32f4xx_hal_uart.o(i.UART_Transmit_IT)
    i.USART1_IRQHandler                      0x0800319c   Section        0  stm32f4xx_it.o(i.USART1_IRQHandler)
    i.USART2_IRQHandler                      0x080031c4   Section        0  stm32f4xx_it.o(i.USART2_IRQHandler)
    i.Uart_DMA_Process                       0x080031ec   Section        0  uart_communicate.o(i.Uart_DMA_Process)
    i.UsageFault_Handler                     0x08003256   Section        0  stm32f4xx_it.o(i.UsageFault_Handler)
    i.Usart_All_Init                         0x08003258   Section        0  uart_communicate.o(i.Usart_All_Init)
    i.__ARM_fpclassify                       0x080032c8   Section        0  fpclassify.o(i.__ARM_fpclassify)
    i.__NVIC_SetPriority                     0x080032f8   Section        0  stm32f4xx_hal_cortex.o(i.__NVIC_SetPriority)
    __NVIC_SetPriority                       0x080032f9   Thumb Code    32  stm32f4xx_hal_cortex.o(i.__NVIC_SetPriority)
    i.__hardfp_cos                           0x08003318   Section        0  cos.o(i.__hardfp_cos)
    i.__hardfp_sin                           0x080033e0   Section        0  sin.o(i.__hardfp_sin)
    i.__hardfp_sqrt                          0x080034a8   Section        0  sqrt.o(i.__hardfp_sqrt)
    i.__ieee754_rem_pio2                     0x08003528   Section        0  rred.o(i.__ieee754_rem_pio2)
    i.__kernel_cos                           0x08003960   Section        0  cos_i.o(i.__kernel_cos)
    i.__kernel_poly                          0x08003ad0   Section        0  poly.o(i.__kernel_poly)
    i.__kernel_sin                           0x08003bc8   Section        0  sin_i.o(i.__kernel_sin)
    i.__mathlib_dbl_infnan                   0x08003cf8   Section        0  dunder.o(i.__mathlib_dbl_infnan)
    i.__mathlib_dbl_invalid                  0x08003d10   Section        0  dunder.o(i.__mathlib_dbl_invalid)
    i.__mathlib_dbl_underflow                0x08003d30   Section        0  dunder.o(i.__mathlib_dbl_underflow)
    i.__scatterload_copy                     0x08003d50   Section       14  handlers.o(i.__scatterload_copy)
    i.__scatterload_null                     0x08003d5e   Section        2  handlers.o(i.__scatterload_null)
    i.__scatterload_zeroinit                 0x08003d60   Section       14  handlers.o(i.__scatterload_zeroinit)
    i.__set_errno                            0x08003d70   Section        0  errno.o(i.__set_errno)
    i.chassis_control                        0x08003d7c   Section        0  chassis_control.o(i.chassis_control)
    i.chassis_speed_analysis                 0x08003dac   Section        0  chassis_control.o(i.chassis_speed_analysis)
    i.fabs                                   0x08003f30   Section        0  fabs.o(i.fabs)
    i.main                                   0x08003f48   Section        0  main.o(i.main)
    i.makeFreeRtosPriority                   0x08003fb8   Section        0  cmsis_os.o(i.makeFreeRtosPriority)
    makeFreeRtosPriority                     0x08003fb9   Thumb Code    12  cmsis_os.o(i.makeFreeRtosPriority)
    i.malloc                                 0x08003fc4   Section        0  malloc.o(i.malloc)
    i.osDelay                                0x08004030   Section        0  cmsis_os.o(i.osDelay)
    i.osKernelStart                          0x0800403e   Section        0  cmsis_os.o(i.osKernelStart)
    i.osThreadCreate                         0x08004048   Section        0  cmsis_os.o(i.osThreadCreate)
    i.prvAddCurrentTaskToDelayedList         0x0800409c   Section        0  tasks.o(i.prvAddCurrentTaskToDelayedList)
    prvAddCurrentTaskToDelayedList           0x0800409d   Thumb Code   102  tasks.o(i.prvAddCurrentTaskToDelayedList)
    i.prvAddNewTaskToReadyList               0x0800410c   Section        0  tasks.o(i.prvAddNewTaskToReadyList)
    prvAddNewTaskToReadyList                 0x0800410d   Thumb Code   194  tasks.o(i.prvAddNewTaskToReadyList)
    i.prvDeleteTCB                           0x080041dc   Section        0  tasks.o(i.prvDeleteTCB)
    prvDeleteTCB                             0x080041dd   Thumb Code    52  tasks.o(i.prvDeleteTCB)
    i.prvHeapInit                            0x08004210   Section        0  heap_4.o(i.prvHeapInit)
    prvHeapInit                              0x08004211   Thumb Code    66  heap_4.o(i.prvHeapInit)
    i.prvIdleTask                            0x0800425c   Section        0  tasks.o(i.prvIdleTask)
    prvIdleTask                              0x0800425d   Thumb Code    82  tasks.o(i.prvIdleTask)
    i.prvInitialiseNewTask                   0x080042bc   Section        0  tasks.o(i.prvInitialiseNewTask)
    prvInitialiseNewTask                     0x080042bd   Thumb Code   152  tasks.o(i.prvInitialiseNewTask)
    i.prvInsertBlockIntoFreeList             0x08004354   Section        0  heap_4.o(i.prvInsertBlockIntoFreeList)
    prvInsertBlockIntoFreeList               0x08004355   Thumb Code    72  heap_4.o(i.prvInsertBlockIntoFreeList)
    i.prvResetNextTaskUnblockTime            0x080043a0   Section        0  tasks.o(i.prvResetNextTaskUnblockTime)
    prvResetNextTaskUnblockTime              0x080043a1   Thumb Code    26  tasks.o(i.prvResetNextTaskUnblockTime)
    i.prvTaskExitError                       0x080043c0   Section        0  port.o(i.prvTaskExitError)
    prvTaskExitError                         0x080043c1   Thumb Code    36  port.o(i.prvTaskExitError)
    i.pvPortMalloc                           0x080043e8   Section        0  heap_4.o(i.pvPortMalloc)
    i.pxPortInitialiseStack                  0x080044c0   Section        0  port.o(i.pxPortInitialiseStack)
    i.uxListRemove                           0x080044ec   Section        0  list.o(i.uxListRemove)
    i.vApplicationGetIdleTaskMemory          0x08004514   Section        0  freertos.o(i.vApplicationGetIdleTaskMemory)
    i.vListInitialise                        0x08004528   Section        0  list.o(i.vListInitialise)
    i.vListInitialiseItem                    0x0800453e   Section        0  list.o(i.vListInitialiseItem)
    i.vListInsert                            0x08004544   Section        0  list.o(i.vListInsert)
    i.vListInsertEnd                         0x08004574   Section        0  list.o(i.vListInsertEnd)
    i.vPortEnterCritical                     0x0800458c   Section        0  port.o(i.vPortEnterCritical)
    i.vPortExitCritical                      0x080045cc   Section        0  port.o(i.vPortExitCritical)
    i.vPortFree                              0x080045f4   Section        0  heap_4.o(i.vPortFree)
    i.vPortSetupTimerInterrupt               0x08004650   Section        0  port.o(i.vPortSetupTimerInterrupt)
    i.vTaskDelay                             0x08004674   Section        0  tasks.o(i.vTaskDelay)
    i.vTaskStartScheduler                    0x080046c0   Section        0  tasks.o(i.vTaskStartScheduler)
    i.vTaskSuspendAll                        0x0800472c   Section        0  tasks.o(i.vTaskSuspendAll)
    i.vTaskSwitchContext                     0x0800473c   Section        0  tasks.o(i.vTaskSwitchContext)
    i.xPortStartScheduler                    0x08004798   Section        0  port.o(i.xPortStartScheduler)
    i.xPortSysTickHandler                    0x0800488c   Section        0  port.o(i.xPortSysTickHandler)
    i.xTaskCreate                            0x080048b8   Section        0  tasks.o(i.xTaskCreate)
    i.xTaskCreateStatic                      0x08004912   Section        0  tasks.o(i.xTaskCreateStatic)
    i.xTaskGetSchedulerState                 0x08004968   Section        0  tasks.o(i.xTaskGetSchedulerState)
    i.xTaskIncrementTick                     0x08004984   Section        0  tasks.o(i.xTaskIncrementTick)
    i.xTaskResumeAll                         0x08004a4c   Section        0  tasks.o(i.xTaskResumeAll)
    .constdata                               0x08004b10   Section       56  freertos.o(.constdata)
    .constdata                               0x08004b48   Section        8  stm32f4xx_hal_dma.o(.constdata)
    flagBitshiftOffset                       0x08004b48   Data           8  stm32f4xx_hal_dma.o(.constdata)
    .constdata                               0x08004b50   Section       16  system_stm32f4xx.o(.constdata)
    .constdata                               0x08004b60   Section        8  system_stm32f4xx.o(.constdata)
    .constdata                               0x08004b68   Section       48  cos_i.o(.constdata)
    C                                        0x08004b68   Data          48  cos_i.o(.constdata)
    .constdata                               0x08004b98   Section      200  rred.o(.constdata)
    pio2s                                    0x08004b98   Data          48  rred.o(.constdata)
    twooverpi                                0x08004bc8   Data         152  rred.o(.constdata)
    .constdata                               0x08004c60   Section       40  sin_i.o(.constdata)
    S                                        0x08004c60   Data          40  sin_i.o(.constdata)
    .conststring                             0x08004c88   Section       24  freertos.o(.conststring)
    .data                                    0x20000000   Section        8  chassis_control.o(.data)
    .data                                    0x20000008   Section       78  remote.o(.data)
    .data                                    0x20000058   Section        4  main.o(.data)
    .data                                    0x2000005c   Section        4  main.o(.data)
    .data                                    0x20000060   Section        8  freertos.o(.data)
    .data                                    0x20000068   Section        1  stm32f4xx_it.o(.data)
    .data                                    0x2000006a   Section        2  usart2_route.o(.data)
    .data                                    0x2000006c   Section       12  stm32f4xx_hal.o(.data)
    .data                                    0x20000078   Section        4  system_stm32f4xx.o(.data)
    .data                                    0x2000007c   Section       60  tasks.o(.data)
    pxDelayedTaskList                        0x20000080   Data           4  tasks.o(.data)
    pxOverflowDelayedTaskList                0x20000084   Data           4  tasks.o(.data)
    uxDeletedTasksWaitingCleanUp             0x20000088   Data           4  tasks.o(.data)
    uxCurrentNumberOfTasks                   0x2000008c   Data           4  tasks.o(.data)
    xTickCount                               0x20000090   Data           4  tasks.o(.data)
    uxTopReadyPriority                       0x20000094   Data           4  tasks.o(.data)
    xSchedulerRunning                        0x20000098   Data           4  tasks.o(.data)
    uxPendedTicks                            0x2000009c   Data           4  tasks.o(.data)
    xYieldPending                            0x200000a0   Data           4  tasks.o(.data)
    xNumOfOverflows                          0x200000a4   Data           4  tasks.o(.data)
    uxTaskNumber                             0x200000a8   Data           4  tasks.o(.data)
    xNextTaskUnblockTime                     0x200000ac   Data           4  tasks.o(.data)
    xIdleTaskHandle                          0x200000b0   Data           4  tasks.o(.data)
    uxSchedulerSuspended                     0x200000b4   Data           4  tasks.o(.data)
    .data                                    0x200000b8   Section       24  heap_4.o(.data)
    pxEnd                                    0x200000b8   Data           4  heap_4.o(.data)
    xFreeBytesRemaining                      0x200000bc   Data           4  heap_4.o(.data)
    xMinimumEverFreeBytesRemaining           0x200000c0   Data           4  heap_4.o(.data)
    xBlockAllocatedBit                       0x200000c4   Data           4  heap_4.o(.data)
    xStart                                   0x200000c8   Data           8  heap_4.o(.data)
    .data                                    0x200000d0   Section       12  port.o(.data)
    ucMaxSysCallPriority                     0x200000d0   Data           1  port.o(.data)
    uxCriticalNesting                        0x200000d4   Data           4  port.o(.data)
    ulMaxPRIGROUPValue                       0x200000d8   Data           4  port.o(.data)
    .data                                    0x200000dc   Section        4  mvars.o(.data)
    .data                                    0x200000e0   Section        4  mvars.o(.data)
    .data                                    0x200000e4   Section        4  errno.o(.data)
    _errno                                   0x200000e4   Data           4  errno.o(.data)
    .bss                                     0x200000e8   Section      596  freertos.o(.bss)
    xIdleTaskTCBBuffer                       0x200000e8   Data          84  freertos.o(.bss)
    xIdleStack                               0x2000013c   Data         512  freertos.o(.bss)
    .bss                                     0x2000033c   Section       40  can.o(.bss)
    .bss                                     0x20000364   Section       64  tim.o(.bss)
    .bss                                     0x200003a4   Section      416  usart.o(.bss)
    .bss                                     0x20000544   Section      328  stm32f4xx_it.o(.bss)
    .bss                                     0x2000068c   Section       76  uart_communicate.o(.bss)
    .bss                                     0x200006d8   Section       16  usart2_route.o(.bss)
    .bss                                     0x200006e8   Section      240  tasks.o(.bss)
    pxReadyTasksLists                        0x200006e8   Data         140  tasks.o(.bss)
    xDelayedTaskList1                        0x20000774   Data          20  tasks.o(.bss)
    xDelayedTaskList2                        0x20000788   Data          20  tasks.o(.bss)
    xPendingReadyList                        0x2000079c   Data          20  tasks.o(.bss)
    xTasksWaitingTermination                 0x200007b0   Data          20  tasks.o(.bss)
    xSuspendedTaskList                       0x200007c4   Data          20  tasks.o(.bss)
    .bss                                     0x200007d8   Section    15360  heap_4.o(.bss)
    ucHeap                                   0x200007d8   Data       15360  heap_4.o(.bss)
    HEAP                                     0x200043d8   Section      512  startup_stm32f405xx.o(HEAP)
    STACK                                    0x200045d8   Section     1024  startup_stm32f405xx.o(STACK)

    Global Symbols

    Symbol Name                              Value     Ov Type        Size  Object(Section)

    BuildAttributes$$THM_ISAv4$E$P$D$K$B$S$7EM$VFPi3$EXTD16$VFPS$VFMA$PE$A:L22UL41UL21$X:L11$S22US41US21$IEEE1$IW$USESV6$~STKCKD$USESV7$~SHL$OTIME$ROPI$IEEEX$EBA8$MICROLIB$REQ8$PRES8$EABIv2 0x00000000   Number         0  anon$$obj.o ABSOLUTE
    __ARM_use_no_argv                        0x00000000   Number         0  main.o ABSOLUTE
    __cpp_initialize__aeabi_                  - Undefined Weak Reference
    __cxa_finalize                            - Undefined Weak Reference
    __decompress                              - Undefined Weak Reference
    _clock_init                               - Undefined Weak Reference
    _microlib_exit                            - Undefined Weak Reference
    __Vectors_Size                           0x00000188   Number         0  startup_stm32f405xx.o ABSOLUTE
    __Vectors                                0x08000000   Data           4  startup_stm32f405xx.o(RESET)
    __Vectors_End                            0x08000188   Data           0  startup_stm32f405xx.o(RESET)
    __main                                   0x08000189   Thumb Code     0  entry.o(.ARM.Collect$$$$00000000)
    _main_stk                                0x08000189   Thumb Code     0  entry2.o(.ARM.Collect$$$$00000001)
    _main_scatterload                        0x0800018d   Thumb Code     0  entry5.o(.ARM.Collect$$$$00000004)
    __main_after_scatterload                 0x08000191   Thumb Code     0  entry5.o(.ARM.Collect$$$$00000004)
    _main_clock                              0x08000191   Thumb Code     0  entry7b.o(.ARM.Collect$$$$00000008)
    _main_cpp_init                           0x08000191   Thumb Code     0  entry8b.o(.ARM.Collect$$$$0000000A)
    _main_init                               0x08000191   Thumb Code     0  entry9a.o(.ARM.Collect$$$$0000000B)
    __rt_final_cpp                           0x08000199   Thumb Code     0  entry10a.o(.ARM.Collect$$$$0000000D)
    __rt_final_exit                          0x08000199   Thumb Code     0  entry11a.o(.ARM.Collect$$$$0000000F)
    SVC_Handler                              0x0800019d   Thumb Code    28  port.o(.emb_text)
    __asm___6_port_c_39a90d8d__prvStartFirstTask 0x080001bd   Thumb Code    36  port.o(.emb_text)
    __asm___6_port_c_39a90d8d__prvEnableVFP  0x080001e5   Thumb Code    16  port.o(.emb_text)
    PendSV_Handler                           0x080001f9   Thumb Code    88  port.o(.emb_text)
    vPortGetIPSR                             0x08000255   Thumb Code     6  port.o(.emb_text)
    Reset_Handler                            0x0800025d   Thumb Code     8  startup_stm32f405xx.o(.text)
    ADC_IRQHandler                           0x08000277   Thumb Code     0  startup_stm32f405xx.o(.text)
    CAN1_RX1_IRQHandler                      0x08000277   Thumb Code     0  startup_stm32f405xx.o(.text)
    CAN1_SCE_IRQHandler                      0x08000277   Thumb Code     0  startup_stm32f405xx.o(.text)
    CAN1_TX_IRQHandler                       0x08000277   Thumb Code     0  startup_stm32f405xx.o(.text)
    CAN2_RX0_IRQHandler                      0x08000277   Thumb Code     0  startup_stm32f405xx.o(.text)
    CAN2_RX1_IRQHandler                      0x08000277   Thumb Code     0  startup_stm32f405xx.o(.text)
    CAN2_SCE_IRQHandler                      0x08000277   Thumb Code     0  startup_stm32f405xx.o(.text)
    CAN2_TX_IRQHandler                       0x08000277   Thumb Code     0  startup_stm32f405xx.o(.text)
    DMA1_Stream0_IRQHandler                  0x08000277   Thumb Code     0  startup_stm32f405xx.o(.text)
    DMA1_Stream1_IRQHandler                  0x08000277   Thumb Code     0  startup_stm32f405xx.o(.text)
    DMA1_Stream2_IRQHandler                  0x08000277   Thumb Code     0  startup_stm32f405xx.o(.text)
    DMA1_Stream3_IRQHandler                  0x08000277   Thumb Code     0  startup_stm32f405xx.o(.text)
    DMA1_Stream4_IRQHandler                  0x08000277   Thumb Code     0  startup_stm32f405xx.o(.text)
    DMA1_Stream7_IRQHandler                  0x08000277   Thumb Code     0  startup_stm32f405xx.o(.text)
    DMA2_Stream0_IRQHandler                  0x08000277   Thumb Code     0  startup_stm32f405xx.o(.text)
    DMA2_Stream1_IRQHandler                  0x08000277   Thumb Code     0  startup_stm32f405xx.o(.text)
    DMA2_Stream3_IRQHandler                  0x08000277   Thumb Code     0  startup_stm32f405xx.o(.text)
    DMA2_Stream4_IRQHandler                  0x08000277   Thumb Code     0  startup_stm32f405xx.o(.text)
    DMA2_Stream5_IRQHandler                  0x08000277   Thumb Code     0  startup_stm32f405xx.o(.text)
    DMA2_Stream6_IRQHandler                  0x08000277   Thumb Code     0  startup_stm32f405xx.o(.text)
    DMA2_Stream7_IRQHandler                  0x08000277   Thumb Code     0  startup_stm32f405xx.o(.text)
    EXTI15_10_IRQHandler                     0x08000277   Thumb Code     0  startup_stm32f405xx.o(.text)
    EXTI1_IRQHandler                         0x08000277   Thumb Code     0  startup_stm32f405xx.o(.text)
    EXTI2_IRQHandler                         0x08000277   Thumb Code     0  startup_stm32f405xx.o(.text)
    EXTI3_IRQHandler                         0x08000277   Thumb Code     0  startup_stm32f405xx.o(.text)
    EXTI4_IRQHandler                         0x08000277   Thumb Code     0  startup_stm32f405xx.o(.text)
    EXTI9_5_IRQHandler                       0x08000277   Thumb Code     0  startup_stm32f405xx.o(.text)
    FLASH_IRQHandler                         0x08000277   Thumb Code     0  startup_stm32f405xx.o(.text)
    FMC_IRQHandler                           0x08000277   Thumb Code     0  startup_stm32f405xx.o(.text)
    FPU_IRQHandler                           0x08000277   Thumb Code     0  startup_stm32f405xx.o(.text)
    HASH_RNG_IRQHandler                      0x08000277   Thumb Code     0  startup_stm32f405xx.o(.text)
    I2C1_ER_IRQHandler                       0x08000277   Thumb Code     0  startup_stm32f405xx.o(.text)
    I2C1_EV_IRQHandler                       0x08000277   Thumb Code     0  startup_stm32f405xx.o(.text)
    I2C2_ER_IRQHandler                       0x08000277   Thumb Code     0  startup_stm32f405xx.o(.text)
    I2C2_EV_IRQHandler                       0x08000277   Thumb Code     0  startup_stm32f405xx.o(.text)
    I2C3_ER_IRQHandler                       0x08000277   Thumb Code     0  startup_stm32f405xx.o(.text)
    I2C3_EV_IRQHandler                       0x08000277   Thumb Code     0  startup_stm32f405xx.o(.text)
    OTG_FS_IRQHandler                        0x08000277   Thumb Code     0  startup_stm32f405xx.o(.text)
    OTG_FS_WKUP_IRQHandler                   0x08000277   Thumb Code     0  startup_stm32f405xx.o(.text)
    OTG_HS_EP1_IN_IRQHandler                 0x08000277   Thumb Code     0  startup_stm32f405xx.o(.text)
    OTG_HS_EP1_OUT_IRQHandler                0x08000277   Thumb Code     0  startup_stm32f405xx.o(.text)
    OTG_HS_IRQHandler                        0x08000277   Thumb Code     0  startup_stm32f405xx.o(.text)
    OTG_HS_WKUP_IRQHandler                   0x08000277   Thumb Code     0  startup_stm32f405xx.o(.text)
    PVD_IRQHandler                           0x08000277   Thumb Code     0  startup_stm32f405xx.o(.text)
    RCC_IRQHandler                           0x08000277   Thumb Code     0  startup_stm32f405xx.o(.text)
    RTC_Alarm_IRQHandler                     0x08000277   Thumb Code     0  startup_stm32f405xx.o(.text)
    RTC_WKUP_IRQHandler                      0x08000277   Thumb Code     0  startup_stm32f405xx.o(.text)
    SDIO_IRQHandler                          0x08000277   Thumb Code     0  startup_stm32f405xx.o(.text)
    SPI1_IRQHandler                          0x08000277   Thumb Code     0  startup_stm32f405xx.o(.text)
    SPI2_IRQHandler                          0x08000277   Thumb Code     0  startup_stm32f405xx.o(.text)
    SPI3_IRQHandler                          0x08000277   Thumb Code     0  startup_stm32f405xx.o(.text)
    TAMP_STAMP_IRQHandler                    0x08000277   Thumb Code     0  startup_stm32f405xx.o(.text)
    TIM1_BRK_TIM9_IRQHandler                 0x08000277   Thumb Code     0  startup_stm32f405xx.o(.text)
    TIM1_CC_IRQHandler                       0x08000277   Thumb Code     0  startup_stm32f405xx.o(.text)
    TIM1_TRG_COM_TIM11_IRQHandler            0x08000277   Thumb Code     0  startup_stm32f405xx.o(.text)
    TIM1_UP_TIM10_IRQHandler                 0x08000277   Thumb Code     0  startup_stm32f405xx.o(.text)
    TIM2_IRQHandler                          0x08000277   Thumb Code     0  startup_stm32f405xx.o(.text)
    TIM4_IRQHandler                          0x08000277   Thumb Code     0  startup_stm32f405xx.o(.text)
    TIM5_IRQHandler                          0x08000277   Thumb Code     0  startup_stm32f405xx.o(.text)
    TIM6_DAC_IRQHandler                      0x08000277   Thumb Code     0  startup_stm32f405xx.o(.text)
    TIM7_IRQHandler                          0x08000277   Thumb Code     0  startup_stm32f405xx.o(.text)
    TIM8_BRK_TIM12_IRQHandler                0x08000277   Thumb Code     0  startup_stm32f405xx.o(.text)
    TIM8_CC_IRQHandler                       0x08000277   Thumb Code     0  startup_stm32f405xx.o(.text)
    TIM8_TRG_COM_TIM14_IRQHandler            0x08000277   Thumb Code     0  startup_stm32f405xx.o(.text)
    TIM8_UP_TIM13_IRQHandler                 0x08000277   Thumb Code     0  startup_stm32f405xx.o(.text)
    UART4_IRQHandler                         0x08000277   Thumb Code     0  startup_stm32f405xx.o(.text)
    UART5_IRQHandler                         0x08000277   Thumb Code     0  startup_stm32f405xx.o(.text)
    USART3_IRQHandler                        0x08000277   Thumb Code     0  startup_stm32f405xx.o(.text)
    USART6_IRQHandler                        0x08000277   Thumb Code     0  startup_stm32f405xx.o(.text)
    WWDG_IRQHandler                          0x08000277   Thumb Code     0  startup_stm32f405xx.o(.text)
    __aeabi_uldivmod                         0x08000281   Thumb Code    98  uldiv.o(.text)
    __aeabi_memcpy                           0x080002e3   Thumb Code    36  memcpya.o(.text)
    __aeabi_memcpy4                          0x080002e3   Thumb Code     0  memcpya.o(.text)
    __aeabi_memcpy8                          0x080002e3   Thumb Code     0  memcpya.o(.text)
    __aeabi_memset                           0x08000307   Thumb Code    14  memseta.o(.text)
    __aeabi_memset4                          0x08000307   Thumb Code     0  memseta.o(.text)
    __aeabi_memset8                          0x08000307   Thumb Code     0  memseta.o(.text)
    __aeabi_memclr                           0x08000315   Thumb Code     4  memseta.o(.text)
    __aeabi_memclr4                          0x08000315   Thumb Code     0  memseta.o(.text)
    __aeabi_memclr8                          0x08000315   Thumb Code     0  memseta.o(.text)
    memset                                   0x08000319   Thumb Code    18  memseta.o(.text)
    __aeabi_dadd                             0x0800032b   Thumb Code   322  dadd.o(.text)
    __aeabi_dsub                             0x0800046d   Thumb Code     6  dadd.o(.text)
    __aeabi_drsub                            0x08000473   Thumb Code     6  dadd.o(.text)
    __aeabi_dmul                             0x08000479   Thumb Code   228  dmul.o(.text)
    __aeabi_ddiv                             0x0800055d   Thumb Code   222  ddiv.o(.text)
    __aeabi_i2d                              0x0800063b   Thumb Code    34  dflti.o(.text)
    __aeabi_d2iz                             0x0800065d   Thumb Code    62  dfixi.o(.text)
    __aeabi_f2d                              0x0800069b   Thumb Code    38  f2d.o(.text)
    __aeabi_d2f                              0x080006c1   Thumb Code    56  d2f.o(.text)
    __aeabi_llsl                             0x080006f9   Thumb Code    30  llshl.o(.text)
    _ll_shift_l                              0x080006f9   Thumb Code     0  llshl.o(.text)
    __aeabi_llsr                             0x08000717   Thumb Code    32  llushr.o(.text)
    _ll_ushift_r                             0x08000717   Thumb Code     0  llushr.o(.text)
    __aeabi_lasr                             0x08000737   Thumb Code    36  llsshr.o(.text)
    _ll_sshift_r                             0x08000737   Thumb Code     0  llsshr.o(.text)
    __I$use$fp                               0x0800075b   Thumb Code     0  iusefp.o(.text)
    _float_round                             0x0800075b   Thumb Code    18  fepilogue.o(.text)
    _float_epilogue                          0x0800076d   Thumb Code    92  fepilogue.o(.text)
    _double_round                            0x080007c9   Thumb Code    30  depilogue.o(.text)
    _double_epilogue                         0x080007e7   Thumb Code   156  depilogue.o(.text)
    _dsqrt                                   0x08000883   Thumb Code   162  dsqrt.o(.text)
    __scatterload                            0x08000925   Thumb Code    28  init.o(.text)
    __scatterload_rt2                        0x08000925   Thumb Code     0  init.o(.text)
    __aeabi_ui2d                             0x08000949   Thumb Code    26  dfltui.o(.text)
    BASE_Init                                0x08000965   Thumb Code   152  robo_base.o(i.BASE_Init)
    BusFault_Handler                         0x08000a0d   Thumb Code     2  stm32f4xx_it.o(i.BusFault_Handler)
    CAN1_RX0_IRQHandler                      0x08000a11   Thumb Code    58  stm32f4xx_it.o(i.CAN1_RX0_IRQHandler)
    CAN_Filter_Init                          0x08000a59   Thumb Code    40  can.o(i.CAN_Filter_Init)
    DMA1_Stream5_IRQHandler                  0x08000a85   Thumb Code     6  stm32f4xx_it.o(i.DMA1_Stream5_IRQHandler)
    DMA1_Stream6_IRQHandler                  0x08000a91   Thumb Code     6  stm32f4xx_it.o(i.DMA1_Stream6_IRQHandler)
    DMA2_Stream2_IRQHandler                  0x08000a9d   Thumb Code     6  stm32f4xx_it.o(i.DMA2_Stream2_IRQHandler)
    DebugMon_Handler                         0x08000b4d   Thumb Code     2  stm32f4xx_it.o(i.DebugMon_Handler)
    EXTI0_IRQHandler                         0x08000b51   Thumb Code    16  stm32f4xx_it.o(i.EXTI0_IRQHandler)
    Error_Handler                            0x08000b65   Thumb Code     2  main.o(i.Error_Handler)
    GREED_ALL_Shine                          0x08000b69   Thumb Code    28  led.o(i.GREED_ALL_Shine)
    GREEN_Quick_Shine                        0x08000b89   Thumb Code    50  led.o(i.GREEN_Quick_Shine)
    HAL_CAN_ActivateNotification             0x08000bc5   Thumb Code    36  stm32f4xx_hal_can.o(i.HAL_CAN_ActivateNotification)
    HAL_CAN_AddTxMessage                     0x08000be9   Thumb Code   200  stm32f4xx_hal_can.o(i.HAL_CAN_AddTxMessage)
    HAL_CAN_ConfigFilter                     0x08000cb1   Thumb Code   262  stm32f4xx_hal_can.o(i.HAL_CAN_ConfigFilter)
    HAL_CAN_ErrorCallback                    0x08000dbd   Thumb Code     2  stm32f4xx_hal_can.o(i.HAL_CAN_ErrorCallback)
    HAL_CAN_GetRxMessage                     0x08000dbf   Thumb Code   232  stm32f4xx_hal_can.o(i.HAL_CAN_GetRxMessage)
    HAL_CAN_IRQHandler                       0x08000ea7   Thumb Code   508  stm32f4xx_hal_can.o(i.HAL_CAN_IRQHandler)
    HAL_CAN_Init                             0x080010a3   Thumb Code   282  stm32f4xx_hal_can.o(i.HAL_CAN_Init)
    HAL_CAN_MspInit                          0x080011bd   Thumb Code   110  can.o(i.HAL_CAN_MspInit)
    HAL_CAN_RxFifo0FullCallback              0x08001239   Thumb Code     2  stm32f4xx_hal_can.o(i.HAL_CAN_RxFifo0FullCallback)
    HAL_CAN_RxFifo0MsgPendingCallback        0x0800123b   Thumb Code     2  stm32f4xx_hal_can.o(i.HAL_CAN_RxFifo0MsgPendingCallback)
    HAL_CAN_RxFifo1FullCallback              0x0800123d   Thumb Code     2  stm32f4xx_hal_can.o(i.HAL_CAN_RxFifo1FullCallback)
    HAL_CAN_RxFifo1MsgPendingCallback        0x0800123f   Thumb Code     2  stm32f4xx_hal_can.o(i.HAL_CAN_RxFifo1MsgPendingCallback)
    HAL_CAN_SleepCallback                    0x08001241   Thumb Code     2  stm32f4xx_hal_can.o(i.HAL_CAN_SleepCallback)
    HAL_CAN_Start                            0x08001245   Thumb Code    88  stm32f4xx_hal_can.o(i.HAL_CAN_Start)
    HAL_CAN_TxMailbox0AbortCallback          0x0800129d   Thumb Code     2  stm32f4xx_hal_can.o(i.HAL_CAN_TxMailbox0AbortCallback)
    HAL_CAN_TxMailbox0CompleteCallback       0x0800129f   Thumb Code     2  stm32f4xx_hal_can.o(i.HAL_CAN_TxMailbox0CompleteCallback)
    HAL_CAN_TxMailbox1AbortCallback          0x080012a1   Thumb Code     2  stm32f4xx_hal_can.o(i.HAL_CAN_TxMailbox1AbortCallback)
    HAL_CAN_TxMailbox1CompleteCallback       0x080012a3   Thumb Code     2  stm32f4xx_hal_can.o(i.HAL_CAN_TxMailbox1CompleteCallback)
    HAL_CAN_TxMailbox2AbortCallback          0x080012a5   Thumb Code     2  stm32f4xx_hal_can.o(i.HAL_CAN_TxMailbox2AbortCallback)
    HAL_CAN_TxMailbox2CompleteCallback       0x080012a7   Thumb Code     2  stm32f4xx_hal_can.o(i.HAL_CAN_TxMailbox2CompleteCallback)
    HAL_CAN_WakeUpFromRxMsgCallback          0x080012a9   Thumb Code     2  stm32f4xx_hal_can.o(i.HAL_CAN_WakeUpFromRxMsgCallback)
    HAL_DMA_Abort_IT                         0x080012ab   Thumb Code    36  stm32f4xx_hal_dma.o(i.HAL_DMA_Abort_IT)
    HAL_DMA_IRQHandler                       0x080012d1   Thumb Code   412  stm32f4xx_hal_dma.o(i.HAL_DMA_IRQHandler)
    HAL_DMA_Init                             0x08001471   Thumb Code   206  stm32f4xx_hal_dma.o(i.HAL_DMA_Init)
    HAL_DMA_Start_IT                         0x08001545   Thumb Code   110  stm32f4xx_hal_dma.o(i.HAL_DMA_Start_IT)
    HAL_GPIO_EXTI_Callback                   0x080015b3   Thumb Code     2  stm32f4xx_hal_gpio.o(i.HAL_GPIO_EXTI_Callback)
    HAL_GPIO_EXTI_IRQHandler                 0x080015b5   Thumb Code    18  stm32f4xx_hal_gpio.o(i.HAL_GPIO_EXTI_IRQHandler)
    HAL_GPIO_Init                            0x080015cd   Thumb Code   394  stm32f4xx_hal_gpio.o(i.HAL_GPIO_Init)
    HAL_GPIO_WritePin                        0x08001785   Thumb Code    10  stm32f4xx_hal_gpio.o(i.HAL_GPIO_WritePin)
    HAL_GetTick                              0x08001791   Thumb Code     6  stm32f4xx_hal.o(i.HAL_GetTick)
    HAL_IncTick                              0x0800179d   Thumb Code    12  stm32f4xx_hal.o(i.HAL_IncTick)
    HAL_InitTick                             0x080017ad   Thumb Code    54  stm32f4xx_hal.o(i.HAL_InitTick)
    HAL_NVIC_EnableIRQ                       0x080017ed   Thumb Code    26  stm32f4xx_hal_cortex.o(i.HAL_NVIC_EnableIRQ)
    HAL_NVIC_SetPriority                     0x08001809   Thumb Code    60  stm32f4xx_hal_cortex.o(i.HAL_NVIC_SetPriority)
    HAL_RCC_ClockConfig                      0x08001849   Thumb Code   288  stm32f4xx_hal_rcc.o(i.HAL_RCC_ClockConfig)
    HAL_RCC_GetPCLK1Freq                     0x0800197d   Thumb Code    20  stm32f4xx_hal_rcc.o(i.HAL_RCC_GetPCLK1Freq)
    HAL_RCC_GetPCLK2Freq                     0x0800199d   Thumb Code    20  stm32f4xx_hal_rcc.o(i.HAL_RCC_GetPCLK2Freq)
    HAL_RCC_GetSysClockFreq                  0x080019bd   Thumb Code    88  stm32f4xx_hal_rcc.o(i.HAL_RCC_GetSysClockFreq)
    HAL_RCC_OscConfig                        0x08001a1d   Thumb Code   840  stm32f4xx_hal_rcc.o(i.HAL_RCC_OscConfig)
    HAL_SYSTICK_Config                       0x08001d79   Thumb Code    40  stm32f4xx_hal_cortex.o(i.HAL_SYSTICK_Config)
    HAL_TIMEx_BreakCallback                  0x08001da1   Thumb Code     2  stm32f4xx_hal_tim_ex.o(i.HAL_TIMEx_BreakCallback)
    HAL_TIMEx_CommutCallback                 0x08001da3   Thumb Code     2  stm32f4xx_hal_tim_ex.o(i.HAL_TIMEx_CommutCallback)
    HAL_TIMEx_MasterConfigSynchronization    0x08001da5   Thumb Code   116  stm32f4xx_hal_tim_ex.o(i.HAL_TIMEx_MasterConfigSynchronization)
    HAL_TIM_Base_Init                        0x08001e35   Thumb Code    54  stm32f4xx_hal_tim.o(i.HAL_TIM_Base_Init)
    HAL_TIM_Base_MspInit                     0x08001e6d   Thumb Code    50  tim.o(i.HAL_TIM_Base_MspInit)
    HAL_TIM_Base_Start_IT                    0x08001ea9   Thumb Code    34  stm32f4xx_hal_tim.o(i.HAL_TIM_Base_Start_IT)
    HAL_TIM_ConfigClockSource                0x08001ecb   Thumb Code   214  stm32f4xx_hal_tim.o(i.HAL_TIM_ConfigClockSource)
    HAL_TIM_IC_CaptureCallback               0x08001fa1   Thumb Code     2  stm32f4xx_hal_tim.o(i.HAL_TIM_IC_CaptureCallback)
    HAL_TIM_IRQHandler                       0x08001fa3   Thumb Code   358  stm32f4xx_hal_tim.o(i.HAL_TIM_IRQHandler)
    HAL_TIM_OC_DelayElapsedCallback          0x08002109   Thumb Code     2  stm32f4xx_hal_tim.o(i.HAL_TIM_OC_DelayElapsedCallback)
    HAL_TIM_PWM_PulseFinishedCallback        0x0800210b   Thumb Code     2  stm32f4xx_hal_tim.o(i.HAL_TIM_PWM_PulseFinishedCallback)
    HAL_TIM_PeriodElapsedCallback            0x0800210d   Thumb Code     2  stm32f4xx_hal_tim.o(i.HAL_TIM_PeriodElapsedCallback)
    HAL_TIM_TriggerCallback                  0x0800210f   Thumb Code     2  stm32f4xx_hal_tim.o(i.HAL_TIM_TriggerCallback)
    HAL_UART_ErrorCallback                   0x08002111   Thumb Code     2  stm32f4xx_hal_uart.o(i.HAL_UART_ErrorCallback)
    HAL_UART_IRQHandler                      0x08002115   Thumb Code   270  stm32f4xx_hal_uart.o(i.HAL_UART_IRQHandler)
    HAL_UART_Init                            0x08002229   Thumb Code    98  stm32f4xx_hal_uart.o(i.HAL_UART_Init)
    HAL_UART_MspInit                         0x0800228d   Thumb Code   342  usart.o(i.HAL_UART_MspInit)
    HAL_UART_Receive_DMA                     0x08002401   Thumb Code   138  stm32f4xx_hal_uart.o(i.HAL_UART_Receive_DMA)
    HAL_UART_RxCpltCallback                  0x08002499   Thumb Code     2  stm32f4xx_hal_uart.o(i.HAL_UART_RxCpltCallback)
    HAL_UART_RxHalfCpltCallback              0x0800249b   Thumb Code     2  stm32f4xx_hal_uart.o(i.HAL_UART_RxHalfCpltCallback)
    HAL_UART_Transmit_DMA                    0x0800249d   Thumb Code   114  stm32f4xx_hal_uart.o(i.HAL_UART_Transmit_DMA)
    HAL_UART_TxCpltCallback                  0x0800251d   Thumb Code     2  stm32f4xx_hal_uart.o(i.HAL_UART_TxCpltCallback)
    HAL_UART_TxHalfCpltCallback              0x0800251f   Thumb Code     2  stm32f4xx_hal_uart.o(i.HAL_UART_TxHalfCpltCallback)
    HardFault_Handler                        0x08002521   Thumb Code     2  stm32f4xx_it.o(i.HardFault_Handler)
    LED_ALL_Shine                            0x08002525   Thumb Code    10  led.o(i.LED_ALL_Shine)
    LED_Task                                 0x08002535   Thumb Code    32  led.o(i.LED_Task)
    MX_CAN1_Init                             0x08002555   Thumb Code    60  can.o(i.MX_CAN1_Init)
    MX_DMA_Init                              0x08002599   Thumb Code    88  dma.o(i.MX_DMA_Init)
    MX_FREERTOS_Init                         0x080025f5   Thumb Code    52  freertos.o(i.MX_FREERTOS_Init)
    MX_GPIO_Init                             0x08002631   Thumb Code   148  gpio.o(i.MX_GPIO_Init)
    MX_TIM3_Init                             0x080026d5   Thumb Code    96  tim.o(i.MX_TIM3_Init)
    MX_USART1_UART_Init                      0x0800273d   Thumb Code    54  usart.o(i.MX_USART1_UART_Init)
    MX_USART2_UART_Init                      0x08002781   Thumb Code    48  usart.o(i.MX_USART2_UART_Init)
    MemManage_Handler                        0x080027b9   Thumb Code     2  stm32f4xx_it.o(i.MemManage_Handler)
    Motor_Speed_Analysis                     0x080027bb   Thumb Code    32  robo_base.o(i.Motor_Speed_Analysis)
    NMI_Handler                              0x080027db   Thumb Code     2  stm32f4xx_it.o(i.NMI_Handler)
    PID_Init                                 0x080027dd   Thumb Code    46  robo_base.o(i.PID_Init)
    PID_Send                                 0x08002811   Thumb Code    46  robo_base.o(i.PID_Send)
    PID_Speed_Cal                            0x08002845   Thumb Code   322  robo_base.o(i.PID_Speed_Cal)
    RED_ALL_Shine                            0x0800298d   Thumb Code    28  led.o(i.RED_ALL_Shine)
    RemoteDataProcess                        0x080029ad   Thumb Code   124  remote.o(i.RemoteDataProcess)
    RouteData_analysis                       0x08002a2d   Thumb Code    72  usart2_route.o(i.RouteData_analysis)
    Send_To_Motor_                           0x08002a85   Thumb Code    46  robo_base.o(i.Send_To_Motor_)
    Speed_Info_Analysis                      0x08002ab3   Thumb Code    18  robo_base.o(i.Speed_Info_Analysis)
    StartDefaultTask                         0x08002ac5   Thumb Code     8  freertos.o(i.StartDefaultTask)
    StartTask02                              0x08002acd   Thumb Code    12  freertos.o(i.StartTask02)
    SysTick_Handler                          0x08002ad9   Thumb Code    24  stm32f4xx_it.o(i.SysTick_Handler)
    SystemClock_Config                       0x08002af1   Thumb Code   122  main.o(i.SystemClock_Config)
    SystemIO_Usart_ToString                  0x08002b75   Thumb Code   372  robo_base.o(i.SystemIO_Usart_ToString)
    SystemInit                               0x08002ced   Thumb Code    22  system_stm32f4xx.o(i.SystemInit)
    TIM3_IRQHandler                          0x08002d09   Thumb Code    38  stm32f4xx_it.o(i.TIM3_IRQHandler)
    TIM_Base_SetConfig                       0x08002d41   Thumb Code   156  stm32f4xx_hal_tim.o(i.TIM_Base_SetConfig)
    TIM_ETR_SetConfig                        0x08002e09   Thumb Code    20  stm32f4xx_hal_tim.o(i.TIM_ETR_SetConfig)
    USART1_IRQHandler                        0x0800319d   Thumb Code    24  stm32f4xx_it.o(i.USART1_IRQHandler)
    USART2_IRQHandler                        0x080031c5   Thumb Code    24  stm32f4xx_it.o(i.USART2_IRQHandler)
    Uart_DMA_Process                         0x080031ed   Thumb Code   106  uart_communicate.o(i.Uart_DMA_Process)
    UsageFault_Handler                       0x08003257   Thumb Code     2  stm32f4xx_it.o(i.UsageFault_Handler)
    Usart_All_Init                           0x08003259   Thumb Code   100  uart_communicate.o(i.Usart_All_Init)
    __ARM_fpclassify                         0x080032c9   Thumb Code    48  fpclassify.o(i.__ARM_fpclassify)
    __hardfp_cos                             0x08003319   Thumb Code   180  cos.o(i.__hardfp_cos)
    __hardfp_sin                             0x080033e1   Thumb Code   180  sin.o(i.__hardfp_sin)
    __hardfp_sqrt                            0x080034a9   Thumb Code   122  sqrt.o(i.__hardfp_sqrt)
    __ieee754_rem_pio2                       0x08003529   Thumb Code   938  rred.o(i.__ieee754_rem_pio2)
    __kernel_cos                             0x08003961   Thumb Code   322  cos_i.o(i.__kernel_cos)
    __kernel_poly                            0x08003ad1   Thumb Code   248  poly.o(i.__kernel_poly)
    __kernel_sin                             0x08003bc9   Thumb Code   280  sin_i.o(i.__kernel_sin)
    __mathlib_dbl_infnan                     0x08003cf9   Thumb Code    20  dunder.o(i.__mathlib_dbl_infnan)
    __mathlib_dbl_invalid                    0x08003d11   Thumb Code    24  dunder.o(i.__mathlib_dbl_invalid)
    __mathlib_dbl_underflow                  0x08003d31   Thumb Code    24  dunder.o(i.__mathlib_dbl_underflow)
    __scatterload_copy                       0x08003d51   Thumb Code    14  handlers.o(i.__scatterload_copy)
    __scatterload_null                       0x08003d5f   Thumb Code     2  handlers.o(i.__scatterload_null)
    __scatterload_zeroinit                   0x08003d61   Thumb Code    14  handlers.o(i.__scatterload_zeroinit)
    __set_errno                              0x08003d71   Thumb Code     6  errno.o(i.__set_errno)
    chassis_control                          0x08003d7d   Thumb Code    36  chassis_control.o(i.chassis_control)
    chassis_speed_analysis                   0x08003dad   Thumb Code   368  chassis_control.o(i.chassis_speed_analysis)
    fabs                                     0x08003f31   Thumb Code    24  fabs.o(i.fabs)
    main                                     0x08003f49   Thumb Code    90  main.o(i.main)
    malloc                                   0x08003fc5   Thumb Code    92  malloc.o(i.malloc)
    osDelay                                  0x08004031   Thumb Code    14  cmsis_os.o(i.osDelay)
    osKernelStart                            0x0800403f   Thumb Code    10  cmsis_os.o(i.osKernelStart)
    osThreadCreate                           0x08004049   Thumb Code    84  cmsis_os.o(i.osThreadCreate)
    pvPortMalloc                             0x080043e9   Thumb Code   210  heap_4.o(i.pvPortMalloc)
    pxPortInitialiseStack                    0x080044c1   Thumb Code    40  port.o(i.pxPortInitialiseStack)
    uxListRemove                             0x080044ed   Thumb Code    38  list.o(i.uxListRemove)
    vApplicationGetIdleTaskMemory            0x08004515   Thumb Code    16  freertos.o(i.vApplicationGetIdleTaskMemory)
    vListInitialise                          0x08004529   Thumb Code    22  list.o(i.vListInitialise)
    vListInitialiseItem                      0x0800453f   Thumb Code     6  list.o(i.vListInitialiseItem)
    vListInsert                              0x08004545   Thumb Code    48  list.o(i.vListInsert)
    vListInsertEnd                           0x08004575   Thumb Code    24  list.o(i.vListInsertEnd)
    vPortEnterCritical                       0x0800458d   Thumb Code    54  port.o(i.vPortEnterCritical)
    vPortExitCritical                        0x080045cd   Thumb Code    34  port.o(i.vPortExitCritical)
    vPortFree                                0x080045f5   Thumb Code    88  heap_4.o(i.vPortFree)
    vPortSetupTimerInterrupt                 0x08004651   Thumb Code    32  port.o(i.vPortSetupTimerInterrupt)
    vTaskDelay                               0x08004675   Thumb Code    66  tasks.o(i.vTaskDelay)
    vTaskStartScheduler                      0x080046c1   Thumb Code    90  tasks.o(i.vTaskStartScheduler)
    vTaskSuspendAll                          0x0800472d   Thumb Code    10  tasks.o(i.vTaskSuspendAll)
    vTaskSwitchContext                       0x0800473d   Thumb Code    82  tasks.o(i.vTaskSwitchContext)
    xPortStartScheduler                      0x08004799   Thumb Code   222  port.o(i.xPortStartScheduler)
    xPortSysTickHandler                      0x0800488d   Thumb Code    38  port.o(i.xPortSysTickHandler)
    xTaskCreate                              0x080048b9   Thumb Code    90  tasks.o(i.xTaskCreate)
    xTaskCreateStatic                        0x08004913   Thumb Code    86  tasks.o(i.xTaskCreateStatic)
    xTaskGetSchedulerState                   0x08004969   Thumb Code    22  tasks.o(i.xTaskGetSchedulerState)
    xTaskIncrementTick                       0x08004985   Thumb Code   192  tasks.o(i.xTaskIncrementTick)
    xTaskResumeAll                           0x08004a4d   Thumb Code   182  tasks.o(i.xTaskResumeAll)
    AHBPrescTable                            0x08004b50   Data          16  system_stm32f4xx.o(.constdata)
    APBPrescTable                            0x08004b60   Data           8  system_stm32f4xx.o(.constdata)
    Region$$Table$$Base                      0x08004ca0   Number         0  anon$$obj.o(Region$$Table)
    Region$$Table$$Limit                     0x08004cc0   Number         0  anon$$obj.o(Region$$Table)
    System_Out                               0x20000000   Data           4  chassis_control.o(.data)
    System_In                                0x20000004   Data           4  chassis_control.o(.data)
    RC_CtrlData                              0x20000008   Data          78  remote.o(.data)
    SYS_Time                                 0x20000058   Data           4  main.o(.data)
    Flag                                     0x2000005c   Data           4  main.o(.data)
    defaultTaskHandle                        0x20000060   Data           4  freertos.o(.data)
    start_TaskHandle                         0x20000064   Data           4  freertos.o(.data)
    mode                                     0x20000068   Data           1  stm32f4xx_it.o(.data)
    angle                                    0x2000006a   Data           2  usart2_route.o(.data)
    uwTickFreq                               0x2000006c   Data           1  stm32f4xx_hal.o(.data)
    uwTickPrio                               0x20000070   Data           4  stm32f4xx_hal.o(.data)
    uwTick                                   0x20000074   Data           4  stm32f4xx_hal.o(.data)
    SystemCoreClock                          0x20000078   Data           4  system_stm32f4xx.o(.data)
    pxCurrentTCB                             0x2000007c   Data           4  tasks.o(.data)
    __microlib_freelist                      0x200000dc   Data           4  mvars.o(.data)
    __microlib_freelist_initialised          0x200000e0   Data           4  mvars.o(.data)
    hcan1                                    0x2000033c   Data          40  can.o(.bss)
    htim3                                    0x20000364   Data          64  tim.o(.bss)
    huart1                                   0x200003a4   Data          64  usart.o(.bss)
    huart2                                   0x200003e4   Data          64  usart.o(.bss)
    hdma_usart1_rx                           0x20000424   Data          96  usart.o(.bss)
    hdma_usart2_rx                           0x20000484   Data          96  usart.o(.bss)
    hdma_usart2_tx                           0x200004e4   Data          96  usart.o(.bss)
    Robo_Base                                0x20000544   Data         300  stm32f4xx_it.o(.bss)
    RxMeg                                    0x20000670   Data          28  stm32f4xx_it.o(.bss)
    Uart2_Tx                                 0x2000068c   Data          50  uart_communicate.o(.bss)
    Uart2_Rx                                 0x200006c0   Data          12  uart_communicate.o(.bss)
    Uart1_Rx                                 0x200006cc   Data          12  uart_communicate.o(.bss)
    Route_Data                               0x200006d8   Data          16  usart2_route.o(.bss)
    __heap_base                              0x200043d8   Data           0  startup_stm32f405xx.o(HEAP)
    __heap_limit                             0x200045d8   Data           0  startup_stm32f405xx.o(HEAP)
    __initial_sp                             0x200049d8   Data           0  startup_stm32f405xx.o(STACK)



==============================================================================

Memory Map of the image

  Image Entry point : 0x08000189

  Load Region LR_IROM1 (Base: 0x08000000, Size: 0x00004da8, Max: 0x00100000, ABSOLUTE)

    Execution Region ER_IROM1 (Base: 0x08000000, Size: 0x00004cc0, Max: 0x00100000, ABSOLUTE)

    Base Addr    Size         Type   Attr      Idx    E Section Name        Object

    0x08000000   0x00000188   Data   RO            3    RESET               startup_stm32f405xx.o
    0x08000188   0x00000000   Code   RO         4871  * .ARM.Collect$$$$00000000  mc_w.l(entry.o)
    0x08000188   0x00000004   Code   RO         4954    .ARM.Collect$$$$00000001  mc_w.l(entry2.o)
    0x0800018c   0x00000004   Code   RO         4957    .ARM.Collect$$$$00000004  mc_w.l(entry5.o)
    0x08000190   0x00000000   Code   RO         4959    .ARM.Collect$$$$00000008  mc_w.l(entry7b.o)
    0x08000190   0x00000000   Code   RO         4961    .ARM.Collect$$$$0000000A  mc_w.l(entry8b.o)
    0x08000190   0x00000008   Code   RO         4962    .ARM.Collect$$$$0000000B  mc_w.l(entry9a.o)
    0x08000198   0x00000000   Code   RO         4964    .ARM.Collect$$$$0000000D  mc_w.l(entry10a.o)
    0x08000198   0x00000000   Code   RO         4966    .ARM.Collect$$$$0000000F  mc_w.l(entry11a.o)
    0x08000198   0x00000004   Code   RO         4955    .ARM.Collect$$$$00002712  mc_w.l(entry2.o)
    0x0800019c   0x000000be   Code   RO         4758    .emb_text           port.o
    0x0800025a   0x00000002   PAD
    0x0800025c   0x00000024   Code   RO            4    .text               startup_stm32f405xx.o
    0x08000280   0x00000062   Code   RO         4874    .text               mc_w.l(uldiv.o)
    0x080002e2   0x00000024   Code   RO         4876    .text               mc_w.l(memcpya.o)
    0x08000306   0x00000024   Code   RO         4880    .text               mc_w.l(memseta.o)
    0x0800032a   0x0000014e   Code   RO         4912    .text               mf_w.l(dadd.o)
    0x08000478   0x000000e4   Code   RO         4914    .text               mf_w.l(dmul.o)
    0x0800055c   0x000000de   Code   RO         4916    .text               mf_w.l(ddiv.o)
    0x0800063a   0x00000022   Code   RO         4918    .text               mf_w.l(dflti.o)
    0x0800065c   0x0000003e   Code   RO         4920    .text               mf_w.l(dfixi.o)
    0x0800069a   0x00000026   Code   RO         4922    .text               mf_w.l(f2d.o)
    0x080006c0   0x00000038   Code   RO         4924    .text               mf_w.l(d2f.o)
    0x080006f8   0x0000001e   Code   RO         4968    .text               mc_w.l(llshl.o)
    0x08000716   0x00000020   Code   RO         4970    .text               mc_w.l(llushr.o)
    0x08000736   0x00000024   Code   RO         4972    .text               mc_w.l(llsshr.o)
    0x0800075a   0x00000000   Code   RO         4983    .text               mc_w.l(iusefp.o)
    0x0800075a   0x0000006e   Code   RO         4984    .text               mf_w.l(fepilogue.o)
    0x080007c8   0x000000ba   Code   RO         4986    .text               mf_w.l(depilogue.o)
    0x08000882   0x000000a2   Code   RO         4990    .text               mf_w.l(dsqrt.o)
    0x08000924   0x00000024   Code   RO         5004    .text               mc_w.l(init.o)
    0x08000948   0x0000001a   Code   RO         5006    .text               mf_w.l(dfltui.o)
    0x08000962   0x00000002   PAD
    0x08000964   0x000000a8   Code   RO          160    i.BASE_Init         robo_base.o
    0x08000a0c   0x00000002   Code   RO          610    i.BusFault_Handler  stm32f4xx_it.o
    0x08000a0e   0x00000002   PAD
    0x08000a10   0x00000048   Code   RO          611    i.CAN1_RX0_IRQHandler  stm32f4xx_it.o
    0x08000a58   0x0000002c   Code   RO          448    i.CAN_Filter_Init   can.o
    0x08000a84   0x0000000c   Code   RO          612    i.DMA1_Stream5_IRQHandler  stm32f4xx_it.o
    0x08000a90   0x0000000c   Code   RO          613    i.DMA1_Stream6_IRQHandler  stm32f4xx_it.o
    0x08000a9c   0x0000000c   Code   RO          614    i.DMA2_Stream2_IRQHandler  stm32f4xx_it.o
    0x08000aa8   0x00000028   Code   RO         1576    i.DMA_CalcBaseAndBitshift  stm32f4xx_hal_dma.o
    0x08000ad0   0x00000054   Code   RO         1577    i.DMA_CheckFifoParam  stm32f4xx_hal_dma.o
    0x08000b24   0x00000028   Code   RO         1578    i.DMA_SetConfig     stm32f4xx_hal_dma.o
    0x08000b4c   0x00000002   Code   RO          615    i.DebugMon_Handler  stm32f4xx_it.o
    0x08000b4e   0x00000002   PAD
    0x08000b50   0x00000014   Code   RO          616    i.EXTI0_IRQHandler  stm32f4xx_it.o
    0x08000b64   0x00000002   Code   RO          263    i.Error_Handler     main.o
    0x08000b66   0x00000002   PAD
    0x08000b68   0x00000020   Code   RO          754    i.GREED_ALL_Shine   led.o
    0x08000b88   0x0000003c   Code   RO          755    i.GREEN_Quick_Shine  led.o
    0x08000bc4   0x00000024   Code   RO          884    i.HAL_CAN_ActivateNotification  stm32f4xx_hal_can.o
    0x08000be8   0x000000c8   Code   RO          885    i.HAL_CAN_AddTxMessage  stm32f4xx_hal_can.o
    0x08000cb0   0x0000010c   Code   RO          886    i.HAL_CAN_ConfigFilter  stm32f4xx_hal_can.o
    0x08000dbc   0x00000002   Code   RO          889    i.HAL_CAN_ErrorCallback  stm32f4xx_hal_can.o
    0x08000dbe   0x000000e8   Code   RO          892    i.HAL_CAN_GetRxMessage  stm32f4xx_hal_can.o
    0x08000ea6   0x000001fc   Code   RO          896    i.HAL_CAN_IRQHandler  stm32f4xx_hal_can.o
    0x080010a2   0x0000011a   Code   RO          897    i.HAL_CAN_Init      stm32f4xx_hal_can.o
    0x080011bc   0x0000007c   Code   RO          450    i.HAL_CAN_MspInit   can.o
    0x08001238   0x00000002   Code   RO          904    i.HAL_CAN_RxFifo0FullCallback  stm32f4xx_hal_can.o
    0x0800123a   0x00000002   Code   RO          905    i.HAL_CAN_RxFifo0MsgPendingCallback  stm32f4xx_hal_can.o
    0x0800123c   0x00000002   Code   RO          906    i.HAL_CAN_RxFifo1FullCallback  stm32f4xx_hal_can.o
    0x0800123e   0x00000002   Code   RO          907    i.HAL_CAN_RxFifo1MsgPendingCallback  stm32f4xx_hal_can.o
    0x08001240   0x00000002   Code   RO          908    i.HAL_CAN_SleepCallback  stm32f4xx_hal_can.o
    0x08001242   0x00000002   PAD
    0x08001244   0x00000058   Code   RO          909    i.HAL_CAN_Start     stm32f4xx_hal_can.o
    0x0800129c   0x00000002   Code   RO          911    i.HAL_CAN_TxMailbox0AbortCallback  stm32f4xx_hal_can.o
    0x0800129e   0x00000002   Code   RO          912    i.HAL_CAN_TxMailbox0CompleteCallback  stm32f4xx_hal_can.o
    0x080012a0   0x00000002   Code   RO          913    i.HAL_CAN_TxMailbox1AbortCallback  stm32f4xx_hal_can.o
    0x080012a2   0x00000002   Code   RO          914    i.HAL_CAN_TxMailbox1CompleteCallback  stm32f4xx_hal_can.o
    0x080012a4   0x00000002   Code   RO          915    i.HAL_CAN_TxMailbox2AbortCallback  stm32f4xx_hal_can.o
    0x080012a6   0x00000002   Code   RO          916    i.HAL_CAN_TxMailbox2CompleteCallback  stm32f4xx_hal_can.o
    0x080012a8   0x00000002   Code   RO          918    i.HAL_CAN_WakeUpFromRxMsgCallback  stm32f4xx_hal_can.o
    0x080012aa   0x00000024   Code   RO         1580    i.HAL_DMA_Abort_IT  stm32f4xx_hal_dma.o
    0x080012ce   0x00000002   PAD
    0x080012d0   0x000001a0   Code   RO         1584    i.HAL_DMA_IRQHandler  stm32f4xx_hal_dma.o
    0x08001470   0x000000d4   Code   RO         1585    i.HAL_DMA_Init      stm32f4xx_hal_dma.o
    0x08001544   0x0000006e   Code   RO         1589    i.HAL_DMA_Start_IT  stm32f4xx_hal_dma.o
    0x080015b2   0x00000002   Code   RO         1470    i.HAL_GPIO_EXTI_Callback  stm32f4xx_hal_gpio.o
    0x080015b4   0x00000018   Code   RO         1471    i.HAL_GPIO_EXTI_IRQHandler  stm32f4xx_hal_gpio.o
    0x080015cc   0x000001b8   Code   RO         1472    i.HAL_GPIO_Init     stm32f4xx_hal_gpio.o
    0x08001784   0x0000000a   Code   RO         1476    i.HAL_GPIO_WritePin  stm32f4xx_hal_gpio.o
    0x0800178e   0x00000002   PAD
    0x08001790   0x0000000c   Code   RO         2004    i.HAL_GetTick       stm32f4xx_hal.o
    0x0800179c   0x00000010   Code   RO         2010    i.HAL_IncTick       stm32f4xx_hal.o
    0x080017ac   0x00000040   Code   RO         2012    i.HAL_InitTick      stm32f4xx_hal.o
    0x080017ec   0x0000001a   Code   RO         1861    i.HAL_NVIC_EnableIRQ  stm32f4xx_hal_cortex.o
    0x08001806   0x00000002   PAD
    0x08001808   0x00000040   Code   RO         1867    i.HAL_NVIC_SetPriority  stm32f4xx_hal_cortex.o
    0x08001848   0x00000134   Code   RO         1118    i.HAL_RCC_ClockConfig  stm32f4xx_hal_rcc.o
    0x0800197c   0x00000020   Code   RO         1125    i.HAL_RCC_GetPCLK1Freq  stm32f4xx_hal_rcc.o
    0x0800199c   0x00000020   Code   RO         1126    i.HAL_RCC_GetPCLK2Freq  stm32f4xx_hal_rcc.o
    0x080019bc   0x00000060   Code   RO         1127    i.HAL_RCC_GetSysClockFreq  stm32f4xx_hal_rcc.o
    0x08001a1c   0x0000035c   Code   RO         1130    i.HAL_RCC_OscConfig  stm32f4xx_hal_rcc.o
    0x08001d78   0x00000028   Code   RO         1872    i.HAL_SYSTICK_Config  stm32f4xx_hal_cortex.o
    0x08001da0   0x00000002   Code   RO         2926    i.HAL_TIMEx_BreakCallback  stm32f4xx_hal_tim_ex.o
    0x08001da2   0x00000002   Code   RO         2927    i.HAL_TIMEx_CommutCallback  stm32f4xx_hal_tim_ex.o
    0x08001da4   0x00000090   Code   RO         2944    i.HAL_TIMEx_MasterConfigSynchronization  stm32f4xx_hal_tim_ex.o
    0x08001e34   0x00000036   Code   RO         2251    i.HAL_TIM_Base_Init  stm32f4xx_hal_tim.o
    0x08001e6a   0x00000002   PAD
    0x08001e6c   0x0000003c   Code   RO          521    i.HAL_TIM_Base_MspInit  tim.o
    0x08001ea8   0x00000022   Code   RO         2256    i.HAL_TIM_Base_Start_IT  stm32f4xx_hal_tim.o
    0x08001eca   0x000000d6   Code   RO         2260    i.HAL_TIM_ConfigClockSource  stm32f4xx_hal_tim.o
    0x08001fa0   0x00000002   Code   RO         2280    i.HAL_TIM_IC_CaptureCallback  stm32f4xx_hal_tim.o
    0x08001fa2   0x00000166   Code   RO         2294    i.HAL_TIM_IRQHandler  stm32f4xx_hal_tim.o
    0x08002108   0x00000002   Code   RO         2297    i.HAL_TIM_OC_DelayElapsedCallback  stm32f4xx_hal_tim.o
    0x0800210a   0x00000002   Code   RO         2324    i.HAL_TIM_PWM_PulseFinishedCallback  stm32f4xx_hal_tim.o
    0x0800210c   0x00000002   Code   RO         2332    i.HAL_TIM_PeriodElapsedCallback  stm32f4xx_hal_tim.o
    0x0800210e   0x00000002   Code   RO         2337    i.HAL_TIM_TriggerCallback  stm32f4xx_hal_tim.o
    0x08002110   0x00000002   Code   RO         3198    i.HAL_UART_ErrorCallback  stm32f4xx_hal_uart.o
    0x08002112   0x00000002   PAD
    0x08002114   0x00000114   Code   RO         3201    i.HAL_UART_IRQHandler  stm32f4xx_hal_uart.o
    0x08002228   0x00000062   Code   RO         3202    i.HAL_UART_Init     stm32f4xx_hal_uart.o
    0x0800228a   0x00000002   PAD
    0x0800228c   0x00000174   Code   RO          563    i.HAL_UART_MspInit  usart.o
    0x08002400   0x00000098   Code   RO         3206    i.HAL_UART_Receive_DMA  stm32f4xx_hal_uart.o
    0x08002498   0x00000002   Code   RO         3208    i.HAL_UART_RxCpltCallback  stm32f4xx_hal_uart.o
    0x0800249a   0x00000002   Code   RO         3209    i.HAL_UART_RxHalfCpltCallback  stm32f4xx_hal_uart.o
    0x0800249c   0x00000080   Code   RO         3211    i.HAL_UART_Transmit_DMA  stm32f4xx_hal_uart.o
    0x0800251c   0x00000002   Code   RO         3213    i.HAL_UART_TxCpltCallback  stm32f4xx_hal_uart.o
    0x0800251e   0x00000002   Code   RO         3214    i.HAL_UART_TxHalfCpltCallback  stm32f4xx_hal_uart.o
    0x08002520   0x00000002   Code   RO          617    i.HardFault_Handler  stm32f4xx_it.o
    0x08002522   0x00000002   PAD
    0x08002524   0x00000010   Code   RO          756    i.LED_ALL_Shine     led.o
    0x08002534   0x00000020   Code   RO          757    i.LED_Task          led.o
    0x08002554   0x00000044   Code   RO          451    i.MX_CAN1_Init      can.o
    0x08002598   0x0000005c   Code   RO          496    i.MX_DMA_Init       dma.o
    0x080025f4   0x0000003c   Code   RO          392    i.MX_FREERTOS_Init  freertos.o
    0x08002630   0x000000a4   Code   RO          368    i.MX_GPIO_Init      gpio.o
    0x080026d4   0x00000068   Code   RO          522    i.MX_TIM3_Init      tim.o
    0x0800273c   0x00000044   Code   RO          564    i.MX_USART1_UART_Init  usart.o
    0x08002780   0x00000038   Code   RO          565    i.MX_USART2_UART_Init  usart.o
    0x080027b8   0x00000002   Code   RO          618    i.MemManage_Handler  stm32f4xx_it.o
    0x080027ba   0x00000020   Code   RO          161    i.Motor_Speed_Analysis  robo_base.o
    0x080027da   0x00000002   Code   RO          619    i.NMI_Handler       stm32f4xx_it.o
    0x080027dc   0x00000034   Code   RO          162    i.PID_Init          robo_base.o
    0x08002810   0x00000034   Code   RO          163    i.PID_Send          robo_base.o
    0x08002844   0x00000148   Code   RO          164    i.PID_Speed_Cal     robo_base.o
    0x0800298c   0x00000020   Code   RO          758    i.RED_ALL_Shine     led.o
    0x080029ac   0x00000080   Code   RO          233    i.RemoteDataProcess  remote.o
    0x08002a2c   0x00000058   Code   RO          855    i.RouteData_analysis  usart2_route.o
    0x08002a84   0x0000002e   Code   RO          165    i.Send_To_Motor_    robo_base.o
    0x08002ab2   0x00000012   Code   RO          166    i.Speed_Info_Analysis  robo_base.o
    0x08002ac4   0x00000008   Code   RO          393    i.StartDefaultTask  freertos.o
    0x08002acc   0x0000000c   Code   RO          394    i.StartTask02       freertos.o
    0x08002ad8   0x00000018   Code   RO          620    i.SysTick_Handler   stm32f4xx_it.o
    0x08002af0   0x00000084   Code   RO          265    i.SystemClock_Config  main.o
    0x08002b74   0x00000178   Code   RO          167    i.SystemIO_Usart_ToString  robo_base.o
    0x08002cec   0x0000001c   Code   RO         3504    i.SystemInit        system_stm32f4xx.o
    0x08002d08   0x00000038   Code   RO          621    i.TIM3_IRQHandler   stm32f4xx_it.o
    0x08002d40   0x000000c8   Code   RO         2339    i.TIM_Base_SetConfig  stm32f4xx_hal_tim.o
    0x08002e08   0x00000014   Code   RO         2350    i.TIM_ETR_SetConfig  stm32f4xx_hal_tim.o
    0x08002e1c   0x00000010   Code   RO         2351    i.TIM_ITRx_SetConfig  stm32f4xx_hal_tim.o
    0x08002e2c   0x00000022   Code   RO         2357    i.TIM_TI1_ConfigInputStage  stm32f4xx_hal_tim.o
    0x08002e4e   0x00000024   Code   RO         2359    i.TIM_TI2_ConfigInputStage  stm32f4xx_hal_tim.o
    0x08002e72   0x00000010   Code   RO         3215    i.UART_DMAAbortOnError  stm32f4xx_hal_uart.o
    0x08002e82   0x0000004a   Code   RO         3216    i.UART_DMAError     stm32f4xx_hal_uart.o
    0x08002ecc   0x0000003c   Code   RO         3217    i.UART_DMAReceiveCplt  stm32f4xx_hal_uart.o
    0x08002f08   0x0000000a   Code   RO         3219    i.UART_DMARxHalfCplt  stm32f4xx_hal_uart.o
    0x08002f12   0x0000002e   Code   RO         3221    i.UART_DMATransmitCplt  stm32f4xx_hal_uart.o
    0x08002f40   0x0000000a   Code   RO         3223    i.UART_DMATxHalfCplt  stm32f4xx_hal_uart.o
    0x08002f4a   0x0000001c   Code   RO         3225    i.UART_EndRxTransfer  stm32f4xx_hal_uart.o
    0x08002f66   0x00000012   Code   RO         3226    i.UART_EndTxTransfer  stm32f4xx_hal_uart.o
    0x08002f78   0x00000096   Code   RO         3227    i.UART_Receive_IT   stm32f4xx_hal_uart.o
    0x0800300e   0x00000002   PAD
    0x08003010   0x00000128   Code   RO         3228    i.UART_SetConfig    stm32f4xx_hal_uart.o
    0x08003138   0x00000062   Code   RO         3229    i.UART_Transmit_IT  stm32f4xx_hal_uart.o
    0x0800319a   0x00000002   PAD
    0x0800319c   0x00000028   Code   RO          622    i.USART1_IRQHandler  stm32f4xx_it.o
    0x080031c4   0x00000028   Code   RO          623    i.USART2_IRQHandler  stm32f4xx_it.o
    0x080031ec   0x0000006a   Code   RO          800    i.Uart_DMA_Process  uart_communicate.o
    0x08003256   0x00000002   Code   RO          624    i.UsageFault_Handler  stm32f4xx_it.o
    0x08003258   0x00000070   Code   RO          801    i.Usart_All_Init    uart_communicate.o
    0x080032c8   0x00000030   Code   RO         5000    i.__ARM_fpclassify  m_wm.l(fpclassify.o)
    0x080032f8   0x00000020   Code   RO         1874    i.__NVIC_SetPriority  stm32f4xx_hal_cortex.o
    0x08003318   0x000000c8   Code   RO         4835    i.__hardfp_cos      m_wm.l(cos.o)
    0x080033e0   0x000000c8   Code   RO         4847    i.__hardfp_sin      m_wm.l(sin.o)
    0x080034a8   0x0000007a   Code   RO         4859    i.__hardfp_sqrt     m_wm.l(sqrt.o)
    0x08003522   0x00000006   PAD
    0x08003528   0x00000438   Code   RO         4943    i.__ieee754_rem_pio2  m_wm.l(rred.o)
    0x08003960   0x00000170   Code   RO         4926    i.__kernel_cos      m_wm.l(cos_i.o)
    0x08003ad0   0x000000f8   Code   RO         5002    i.__kernel_poly     m_wm.l(poly.o)
    0x08003bc8   0x00000130   Code   RO         4948    i.__kernel_sin      m_wm.l(sin_i.o)
    0x08003cf8   0x00000014   Code   RO         4930    i.__mathlib_dbl_infnan  m_wm.l(dunder.o)
    0x08003d0c   0x00000004   PAD
    0x08003d10   0x00000020   Code   RO         4932    i.__mathlib_dbl_invalid  m_wm.l(dunder.o)
    0x08003d30   0x00000020   Code   RO         4935    i.__mathlib_dbl_underflow  m_wm.l(dunder.o)
    0x08003d50   0x0000000e   Code   RO         5010    i.__scatterload_copy  mc_w.l(handlers.o)
    0x08003d5e   0x00000002   Code   RO         5011    i.__scatterload_null  mc_w.l(handlers.o)
    0x08003d60   0x0000000e   Code   RO         5012    i.__scatterload_zeroinit  mc_w.l(handlers.o)
    0x08003d6e   0x00000002   PAD
    0x08003d70   0x0000000c   Code   RO         4978    i.__set_errno       mc_w.l(errno.o)
    0x08003d7c   0x00000030   Code   RO           13    i.chassis_control   chassis_control.o
    0x08003dac   0x00000184   Code   RO           14    i.chassis_speed_analysis  chassis_control.o
    0x08003f30   0x00000018   Code   RO         4996    i.fabs              m_wm.l(fabs.o)
    0x08003f48   0x00000070   Code   RO          266    i.main              main.o
    0x08003fb8   0x0000000c   Code   RO         4330    i.makeFreeRtosPriority  cmsis_os.o
    0x08003fc4   0x0000006c   Code   RO         4885    i.malloc            mc_w.l(malloc.o)
    0x08004030   0x0000000e   Code   RO         4332    i.osDelay           cmsis_os.o
    0x0800403e   0x0000000a   Code   RO         4335    i.osKernelStart     cmsis_os.o
    0x08004048   0x00000054   Code   RO         4369    i.osThreadCreate    cmsis_os.o
    0x0800409c   0x00000070   Code   RO         4018    i.prvAddCurrentTaskToDelayedList  tasks.o
    0x0800410c   0x000000d0   Code   RO         4019    i.prvAddNewTaskToReadyList  tasks.o
    0x080041dc   0x00000034   Code   RO         4020    i.prvDeleteTCB      tasks.o
    0x08004210   0x0000004c   Code   RO         4697    i.prvHeapInit       heap_4.o
    0x0800425c   0x00000060   Code   RO         4021    i.prvIdleTask       tasks.o
    0x080042bc   0x00000098   Code   RO         4022    i.prvInitialiseNewTask  tasks.o
    0x08004354   0x0000004c   Code   RO         4698    i.prvInsertBlockIntoFreeList  heap_4.o
    0x080043a0   0x00000020   Code   RO         4023    i.prvResetNextTaskUnblockTime  tasks.o
    0x080043c0   0x00000028   Code   RO         4759    i.prvTaskExitError  port.o
    0x080043e8   0x000000d8   Code   RO         4699    i.pvPortMalloc      heap_4.o
    0x080044c0   0x0000002c   Code   RO         4760    i.pxPortInitialiseStack  port.o
    0x080044ec   0x00000026   Code   RO         3642    i.uxListRemove      list.o
    0x08004512   0x00000002   PAD
    0x08004514   0x00000014   Code   RO          395    i.vApplicationGetIdleTaskMemory  freertos.o
    0x08004528   0x00000016   Code   RO         3643    i.vListInitialise   list.o
    0x0800453e   0x00000006   Code   RO         3644    i.vListInitialiseItem  list.o
    0x08004544   0x00000030   Code   RO         3645    i.vListInsert       list.o
    0x08004574   0x00000018   Code   RO         3646    i.vListInsertEnd    list.o
    0x0800458c   0x00000040   Code   RO         4762    i.vPortEnterCritical  port.o
    0x080045cc   0x00000028   Code   RO         4763    i.vPortExitCritical  port.o
    0x080045f4   0x0000005c   Code   RO         4700    i.vPortFree         heap_4.o
    0x08004650   0x00000024   Code   RO         4764    i.vPortSetupTimerInterrupt  port.o
    0x08004674   0x0000004c   Code   RO         4031    i.vTaskDelay        tasks.o
    0x080046c0   0x0000006c   Code   RO         4045    i.vTaskStartScheduler  tasks.o
    0x0800472c   0x00000010   Code   RO         4047    i.vTaskSuspendAll   tasks.o
    0x0800473c   0x0000005c   Code   RO         4048    i.vTaskSwitchContext  tasks.o
    0x08004798   0x000000f4   Code   RO         4766    i.xPortStartScheduler  port.o
    0x0800488c   0x0000002c   Code   RO         4767    i.xPortSysTickHandler  port.o
    0x080048b8   0x0000005a   Code   RO         4050    i.xTaskCreate       tasks.o
    0x08004912   0x00000056   Code   RO         4051    i.xTaskCreateStatic  tasks.o
    0x08004968   0x0000001c   Code   RO         4055    i.xTaskGetSchedulerState  tasks.o
    0x08004984   0x000000c8   Code   RO         4058    i.xTaskIncrementTick  tasks.o
    0x08004a4c   0x000000c4   Code   RO         4064    i.xTaskResumeAll    tasks.o
    0x08004b10   0x00000038   Data   RO          397    .constdata          freertos.o
    0x08004b48   0x00000008   Data   RO         1591    .constdata          stm32f4xx_hal_dma.o
    0x08004b50   0x00000010   Data   RO         3505    .constdata          system_stm32f4xx.o
    0x08004b60   0x00000008   Data   RO         3506    .constdata          system_stm32f4xx.o
    0x08004b68   0x00000030   Data   RO         4927    .constdata          m_wm.l(cos_i.o)
    0x08004b98   0x000000c8   Data   RO         4945    .constdata          m_wm.l(rred.o)
    0x08004c60   0x00000028   Data   RO         4949    .constdata          m_wm.l(sin_i.o)
    0x08004c88   0x00000018   Data   RO          398    .conststring        freertos.o
    0x08004ca0   0x00000020   Data   RO         5008    Region$$Table       anon$$obj.o


    Execution Region RW_IRAM2 (Base: 0x10000000, Size: 0x00000000, Max: 0x00010000, ABSOLUTE)

    **** No section assigned to this execution region ****


    Execution Region RW_IRAM1 (Base: 0x20000000, Size: 0x000049d8, Max: 0x00020000, ABSOLUTE)

    Base Addr    Size         Type   Attr      Idx    E Section Name        Object

    0x20000000   0x00000008   Data   RW           15    .data               chassis_control.o
    0x20000008   0x0000004e   Data   RW          234    .data               remote.o
    0x20000056   0x00000002   PAD
    0x20000058   0x00000004   Data   RW          267    .data               main.o
    0x2000005c   0x00000004   Data   RW          268    .data               main.o
    0x20000060   0x00000008   Data   RW          399    .data               freertos.o
    0x20000068   0x00000001   Data   RW          626    .data               stm32f4xx_it.o
    0x20000069   0x00000001   PAD
    0x2000006a   0x00000002   Data   RW          857    .data               usart2_route.o
    0x2000006c   0x0000000c   Data   RW         2018    .data               stm32f4xx_hal.o
    0x20000078   0x00000004   Data   RW         3507    .data               system_stm32f4xx.o
    0x2000007c   0x0000003c   Data   RW         4067    .data               tasks.o
    0x200000b8   0x00000018   Data   RW         4705    .data               heap_4.o
    0x200000d0   0x0000000c   Data   RW         4768    .data               port.o
    0x200000dc   0x00000004   Data   RW         4974    .data               mc_w.l(mvars.o)
    0x200000e0   0x00000004   Data   RW         4975    .data               mc_w.l(mvars.o)
    0x200000e4   0x00000004   Data   RW         4979    .data               mc_w.l(errno.o)
    0x200000e8   0x00000254   Zero   RW          396    .bss                freertos.o
    0x2000033c   0x00000028   Zero   RW          452    .bss                can.o
    0x20000364   0x00000040   Zero   RW          523    .bss                tim.o
    0x200003a4   0x000001a0   Zero   RW          566    .bss                usart.o
    0x20000544   0x00000148   Zero   RW          625    .bss                stm32f4xx_it.o
    0x2000068c   0x0000004c   Zero   RW          804    .bss                uart_communicate.o
    0x200006d8   0x00000010   Zero   RW          856    .bss                usart2_route.o
    0x200006e8   0x000000f0   Zero   RW         4066    .bss                tasks.o
    0x200007d8   0x00003c00   Zero   RW         4704    .bss                heap_4.o
    0x200043d8   0x00000200   Zero   RW            2    HEAP                startup_stm32f405xx.o
    0x200045d8   0x00000400   Zero   RW            1    STACK               startup_stm32f405xx.o


==============================================================================

Image component sizes


      Code (inc. data)   RO Data    RW Data    ZI Data      Debug   Object Name

       236         26          0          0         40       2183   can.o
       436         32          0          8          0     650649   chassis_control.o
       120          0          0          0          0      22841   cmsis_os.o
        92          4          0          0          0        818   dma.o
         0          0          0          0          0      15676   event_groups.o
       100         12         80          8        596       2965   freertos.o
       164         16          0          0          0        959   gpio.o
       460         24          0         24      15360       7055   heap_4.o
       172         24          0          0          0       2646   led.o
       138          0          0          0          0       3334   list.o
       246         32          0          8          0      34393   main.o
       702         72          0         12          0      10980   port.o
       128          4          0         78          0       1710   remote.o
      1072         38          0          0          0       5224   robo_base.o
        36          8        392          0       1536        832   startup_stm32f405xx.o
        92         20          0         12          0       8130   stm32f4xx_hal.o
      1640          6          0          0          0      13795   stm32f4xx_hal_can.o
       162          4          0          0          0      32888   stm32f4xx_hal_cortex.o
       938         16          8          0          0       5734   stm32f4xx_hal_dma.o
       476         52          0          0          0       3300   stm32f4xx_hal_gpio.o
      1328         72          0          0          0       4976   stm32f4xx_hal_rcc.o
       976         44          0          0          0       9989   stm32f4xx_hal_tim.o
       148         28          0          0          0       2381   stm32f4xx_hal_tim_ex.o
      1470         44          0          0          0      13082   stm32f4xx_hal_uart.o
       300         86          0          1        328       8470   stm32f4xx_it.o
         0          0          0          0          0        408   stream_buffer.o
        28          6         24          4          0       1143   system_stm32f4xx.o
      1544        116          0         60        240      19067   tasks.o
       164         18          0          0         64       1654   tim.o
       218         12          0          0         76       2085   uart_communicate.o
       496         52          0          0        416       2612   usart.o
        88         16          0          2         16       1120   usart2_route.o

    ----------------------------------------------------------------------
     14200        884        536        220      18672     893099   Object Totals
         0          0         32          0          0          0   (incl. Generated)
        30          0          0          3          0          0   (incl. Padding)

    ----------------------------------------------------------------------

      Code (inc. data)   RO Data    RW Data    ZI Data      Debug   Library Member Name

       200         20          0          0          0        164   cos.o
       368         46         48          0          0        200   cos_i.o
        84         16          0          0          0        372   dunder.o
        24          0          0          0          0        124   fabs.o
        48          0          0          0          0        124   fpclassify.o
       248          0          0          0          0        152   poly.o
      1080        142        200          0          0        188   rred.o
       200         20          0          0          0        164   sin.o
       304         24         40          0          0        208   sin_i.o
       122          0          0          0          0        148   sqrt.o
         0          0          0          0          0          0   entry.o
         0          0          0          0          0          0   entry10a.o
         0          0          0          0          0          0   entry11a.o
         8          4          0          0          0          0   entry2.o
         4          0          0          0          0          0   entry5.o
         0          0          0          0          0          0   entry7b.o
         0          0          0          0          0          0   entry8b.o
         8          4          0          0          0          0   entry9a.o
        12          6          0          4          0         68   errno.o
        30          0          0          0          0          0   handlers.o
        36          8          0          0          0         68   init.o
         0          0          0          0          0          0   iusefp.o
        30          0          0          0          0         68   llshl.o
        36          0          0          0          0         68   llsshr.o
        32          0          0          0          0         68   llushr.o
       108         16          0          0          0         84   malloc.o
        36          0          0          0          0         68   memcpya.o
        36          0          0          0          0        108   memseta.o
         0          0          0          8          0          0   mvars.o
        98          0          0          0          0         92   uldiv.o
        56          0          0          0          0         88   d2f.o
       334          0          0          0          0        148   dadd.o
       222          0          0          0          0        100   ddiv.o
       186          0          0          0          0        176   depilogue.o
        62          0          0          0          0         80   dfixi.o
        34          0          0          0          0         76   dflti.o
        26          0          0          0          0         76   dfltui.o
       228          0          0          0          0         96   dmul.o
       162          0          0          0          0        100   dsqrt.o
        38          0          0          0          0         68   f2d.o
       110          0          0          0          0        168   fepilogue.o

    ----------------------------------------------------------------------
      4624        306        288         12          0       3712   Library Totals
        14          0          0          0          0          0   (incl. Padding)

    ----------------------------------------------------------------------

      Code (inc. data)   RO Data    RW Data    ZI Data      Debug   Library Name

      2678        268        288          0          0       1844   m_wm.l
       474         38          0         12          0        692   mc_w.l
      1458          0          0          0          0       1176   mf_w.l

    ----------------------------------------------------------------------
      4624        306        288         12          0       3712   Library Totals

    ----------------------------------------------------------------------

==============================================================================


      Code (inc. data)   RO Data    RW Data    ZI Data      Debug   

     18824       1190        824        232      18672     879131   Grand Totals
     18824       1190        824        232      18672     879131   ELF Image Totals
     18824       1190        824        232          0          0   ROM Totals

==============================================================================

    Total RO  Size (Code + RO Data)                19648 (  19.19kB)
    Total RW  Size (RW Data + ZI Data)             18904 (  18.46kB)
    Total ROM Size (Code + RO Data + RW Data)      19880 (  19.41kB)

==============================================================================

