Component: ARM Compiler 5.05 update 1 (build 106) Tool: armlink [4d0efa]

==============================================================================

Section Cross References

    startup_stm32f405xx.o(RESET) refers to startup_stm32f405xx.o(STACK) for __initial_sp
    startup_stm32f405xx.o(RESET) refers to startup_stm32f405xx.o(.text) for Reset_Handler
    startup_stm32f405xx.o(RESET) refers to stm32f4xx_it.o(i.NMI_Handler) for NMI_Handler
    startup_stm32f405xx.o(RESET) refers to stm32f4xx_it.o(i.HardFault_Handler) for HardFault_Handler
    startup_stm32f405xx.o(RESET) refers to stm32f4xx_it.o(i.MemManage_Handler) for MemManage_Handler
    startup_stm32f405xx.o(RESET) refers to stm32f4xx_it.o(i.BusFault_Handler) for BusFault_Handler
    startup_stm32f405xx.o(RESET) refers to stm32f4xx_it.o(i.UsageFault_Handler) for UsageFault_Handler
    startup_stm32f405xx.o(RESET) refers to stm32f4xx_it.o(i.SVC_Handler) for SVC_Handler
    startup_stm32f405xx.o(RESET) refers to stm32f4xx_it.o(i.DebugMon_Handler) for DebugMon_Handler
    startup_stm32f405xx.o(RESET) refers to stm32f4xx_it.o(i.PendSV_Handler) for PendSV_Handler
    startup_stm32f405xx.o(RESET) refers to stm32f4xx_it.o(i.SysTick_Handler) for SysTick_Handler
    startup_stm32f405xx.o(RESET) refers to stm32f4xx_it.o(i.EXTI0_IRQHandler) for EXTI0_IRQHandler
    startup_stm32f405xx.o(RESET) refers to stm32f4xx_it.o(i.DMA1_Stream1_IRQHandler) for DMA1_Stream1_IRQHandler
    startup_stm32f405xx.o(RESET) refers to stm32f4xx_it.o(i.DMA1_Stream3_IRQHandler) for DMA1_Stream3_IRQHandler
    startup_stm32f405xx.o(RESET) refers to stm32f4xx_it.o(i.DMA1_Stream5_IRQHandler) for DMA1_Stream5_IRQHandler
    startup_stm32f405xx.o(RESET) refers to stm32f4xx_it.o(i.DMA1_Stream6_IRQHandler) for DMA1_Stream6_IRQHandler
    startup_stm32f405xx.o(RESET) refers to stm32f4xx_it.o(i.CAN1_RX0_IRQHandler) for CAN1_RX0_IRQHandler
    startup_stm32f405xx.o(RESET) refers to stm32f4xx_it.o(i.TIM2_IRQHandler) for TIM2_IRQHandler
    startup_stm32f405xx.o(RESET) refers to stm32f4xx_it.o(i.TIM3_IRQHandler) for TIM3_IRQHandler
    startup_stm32f405xx.o(RESET) refers to stm32f4xx_it.o(i.TIM4_IRQHandler) for TIM4_IRQHandler
    startup_stm32f405xx.o(RESET) refers to stm32f4xx_it.o(i.USART1_IRQHandler) for USART1_IRQHandler
    startup_stm32f405xx.o(RESET) refers to stm32f4xx_it.o(i.USART2_IRQHandler) for USART2_IRQHandler
    startup_stm32f405xx.o(RESET) refers to stm32f4xx_it.o(i.USART3_IRQHandler) for USART3_IRQHandler
    startup_stm32f405xx.o(RESET) refers to stm32f4xx_it.o(i.DMA2_Stream1_IRQHandler) for DMA2_Stream1_IRQHandler
    startup_stm32f405xx.o(RESET) refers to stm32f4xx_it.o(i.DMA2_Stream2_IRQHandler) for DMA2_Stream2_IRQHandler
    startup_stm32f405xx.o(RESET) refers to stm32f4xx_it.o(i.CAN2_TX_IRQHandler) for CAN2_TX_IRQHandler
    startup_stm32f405xx.o(RESET) refers to stm32f4xx_it.o(i.CAN2_RX0_IRQHandler) for CAN2_RX0_IRQHandler
    startup_stm32f405xx.o(RESET) refers to stm32f4xx_it.o(i.DMA2_Stream6_IRQHandler) for DMA2_Stream6_IRQHandler
    startup_stm32f405xx.o(RESET) refers to stm32f4xx_it.o(i.USART6_IRQHandler) for USART6_IRQHandler
    startup_stm32f405xx.o(.text) refers to system_stm32f4xx.o(i.SystemInit) for SystemInit
    startup_stm32f405xx.o(.text) refers to entry.o(.ARM.Collect$$$$00000000) for __main
    robo_base.o(i.BASE_Init) refers to robo_base.o(i.PID_Init) for PID_Init
    robo_base.o(i.Motor_Speed_Analysis) refers to robo_base.o(i.Speed_Info_Analysis) for Speed_Info_Analysis
    robo_base.o(i.PID_Send) refers to robo_base.o(i.PID_Speed_Cal) for PID_Speed_Cal
    robo_base.o(i.PID_Send) refers to robo_base.o(i.Send_To_Motor_) for Send_To_Motor_
    robo_base.o(i.PID_Send) refers to can.o(.bss) for hcan1
    robo_base.o(i.Send_To_Motor_) refers to stm32f4xx_hal_can.o(i.HAL_CAN_GetTxMailboxesFreeLevel) for HAL_CAN_GetTxMailboxesFreeLevel
    robo_base.o(i.Send_To_Motor_) refers to stm32f4xx_hal_can.o(i.HAL_CAN_AddTxMessage) for HAL_CAN_AddTxMessage
    robo_base.o(i.Send_To_other) refers to stm32f4xx_hal_can.o(i.HAL_CAN_GetTxMailboxesFreeLevel) for HAL_CAN_GetTxMailboxesFreeLevel
    robo_base.o(i.Send_To_other) refers to stm32f4xx_hal_can.o(i.HAL_CAN_AddTxMessage) for HAL_CAN_AddTxMessage
    robo_base.o(i.Send_To_other) refers to stm32f4xx_hal_gpio.o(i.HAL_GPIO_WritePin) for HAL_GPIO_WritePin
    remote.o(i.RemoteDataProcess) refers to remote.o(.data) for .data
    led.o(i.GREED_ALL_Shine) refers to stm32f4xx_hal_gpio.o(i.HAL_GPIO_WritePin) for HAL_GPIO_WritePin
    led.o(i.GREEN_Quick_Shine) refers to stm32f4xx_hal_gpio.o(i.HAL_GPIO_WritePin) for HAL_GPIO_WritePin
    led.o(i.GREEN_Quick_Shine) refers to main.o(.data) for SYS_Time
    led.o(i.LED_ALL_Shine) refers to stm32f4xx_hal_gpio.o(i.HAL_GPIO_WritePin) for HAL_GPIO_WritePin
    led.o(i.LED_Task) refers to led.o(i.GREEN_Quick_Shine) for GREEN_Quick_Shine
    led.o(i.LED_Task) refers to led.o(i.LED_ALL_Shine) for LED_ALL_Shine
[...]
    i.CAN1_RX0_IRQHandler                    0x08000950   Section        0  stm32f4xx_it.o(i.CAN1_RX0_IRQHandler)
    i.CAN2_RX0_IRQHandler                    0x08000984   Section        0  stm32f4xx_it.o(i.CAN2_RX0_IRQHandler)
    i.CAN2_TX_IRQHandler                     0x080009b4   Section        0  stm32f4xx_it.o(i.CAN2_TX_IRQHandler)
    i.CAN_Filter_Init                        0x080009c0   Section        0  can.o(i.CAN_Filter_Init)
    i.DMA1_Stream1_IRQHandler                0x080009f8   Section        0  stm32f4xx_it.o(i.DMA1_Stream1_IRQHandler)
    i.DMA1_Stream3_IRQHandler                0x08000a04   Section        0  stm32f4xx_it.o(i.DMA1_Stream3_IRQHandler)
    i.DMA1_Stream5_IRQHandler                0x08000a10   Section        0  stm32f4xx_it.o(i.DMA1_Stream5_IRQHandler)
    i.DMA1_Stream6_IRQHandler                0x08000a1c   Section        0  stm32f4xx_it.o(i.DMA1_Stream6_IRQHandler)
    i.DMA2_Stream1_IRQHandler                0x08000a28   Section        0  stm32f4xx_it.o(i.DMA2_Stream1_IRQHandler)
    i.DMA2_Stream2_IRQHandler                0x08000a34   Section        0  stm32f4xx_it.o(i.DMA2_Stream2_IRQHandler)
    i.DMA2_Stream6_IRQHandler                0x08000a40   Section        0  stm32f4xx_it.o(i.DMA2_Stream6_IRQHandler)
    i.DMA_CalcBaseAndBitshift                0x08000a4c   Section        0  stm32f4xx_hal_dma.o(i.DMA_CalcBaseAndBitshift)
    DMA_CalcBaseAndBitshift                  0x08000a4d   Thumb Code    34  stm32f4xx_hal_dma.o(i.DMA_CalcBaseAndBitshift)
    i.DMA_CheckFifoParam                     0x08000a74   Section        0  stm32f4xx_hal_dma.o(i.DMA_CheckFifoParam)
    DMA_CheckFifoParam                       0x08000a75   Thumb Code    84  stm32f4xx_hal_dma.o(i.DMA_CheckFifoParam)
    i.DMA_SetConfig                          0x08000ac8   Section        0  stm32f4xx_hal_dma.o(i.DMA_SetConfig)
    DMA_SetConfig                            0x08000ac9   Thumb Code    40  stm32f4xx_hal_dma.o(i.DMA_SetConfig)
    i.DebugMon_Handler                       0x08000af0   Section        0  stm32f4xx_it.o(i.DebugMon_Handler)
    i.EXTI0_IRQHandler                       0x08000af4   Section        0  stm32f4xx_it.o(i.EXTI0_IRQHandler)
    i.Error_Handler                          0x08000b08   Section        0  main.o(i.Error_Handler)
    i.GREED_ALL_Shine                        0x08000b0c   Section        0  led.o(i.GREED_ALL_Shine)
    i.GREEN_Quick_Shine                      0x08000b2c   Section        0  led.o(i.GREEN_Quick_Shine)
    i.HAL_CAN_ActivateNotification           0x08000b68   Section        0  stm32f4xx_hal_can.o(i.HAL_CAN_ActivateNotification)
    i.HAL_CAN_AddTxMessage                   0x08000b8c   Section        0  stm32f4xx_hal_can.o(i.HAL_CAN_AddTxMessage)
    i.HAL_CAN_ConfigFilter                   0x08000c54   Section        0  stm32f4xx_hal_can.o(i.HAL_CAN_ConfigFilter)
    i.HAL_CAN_ErrorCallback                  0x08000d60   Section        0  stm32f4xx_hal_can.o(i.HAL_CAN_ErrorCallback)
    i.HAL_CAN_GetRxMessage                   0x08000d62   Section        0  stm32f4xx_hal_can.o(i.HAL_CAN_GetRxMessage)
    i.HAL_CAN_GetTxMailboxesFreeLevel        0x08000e4a   Section        0  stm32f4xx_hal_can.o(i.HAL_CAN_GetTxMailboxesFreeLevel)
    i.HAL_CAN_IRQHandler                     0x08000e76   Section        0  stm32f4xx_hal_can.o(i.HAL_CAN_IRQHandler)
    i.HAL_CAN_Init                           0x08001072   Section        0  stm32f4xx_hal_can.o(i.HAL_CAN_Init)
    i.HAL_CAN_MspInit                        0x0800118c   Section        0  can.o(i.HAL_CAN_MspInit)
    i.HAL_CAN_RxFifo0FullCallback            0x08001298   Section        0  stm32f4xx_hal_can.o(i.HAL_CAN_RxFifo0FullCallback)
    i.HAL_CAN_RxFifo0MsgPendingCallback      0x0800129a   Section        0  stm32f4xx_hal_can.o(i.HAL_CAN_RxFifo0MsgPendingCallback)
    i.HAL_CAN_RxFifo1FullCallback            0x0800129c   Section        0  stm32f4xx_hal_can.o(i.HAL_CAN_RxFifo1FullCallback)
    i.HAL_CAN_RxFifo1MsgPendingCallback      0x0800129e   Section        0  stm32f4xx_hal_can.o(i.HAL_CAN_RxFifo1MsgPendingCallback)
    i.HAL_CAN_SleepCallback                  0x080012a0   Section        0  stm32f4xx_hal_can.o(i.HAL_CAN_SleepCallback)
    i.HAL_CAN_Start                          0x080012a2   Section        0  stm32f4xx_hal_can.o(i.HAL_CAN_Start)
    i.HAL_CAN_TxMailbox0AbortCallback        0x080012f8   Section        0  stm32f4xx_hal_can.o(i.HAL_CAN_TxMailbox0AbortCallback)
    i.HAL_CAN_TxMailbox0CompleteCallback     0x080012fa   Section        0  stm32f4xx_hal_can.o(i.HAL_CAN_TxMailbox0CompleteCallback)
    i.HAL_CAN_TxMailbox1AbortCallback        0x080012fc   Section        0  stm32f4xx_hal_can.o(i.HAL_CAN_TxMailbox1AbortCallback)
    i.HAL_CAN_TxMailbox1CompleteCallback     0x080012fe   Section        0  stm32f4xx_hal_can.o(i.HAL_CAN_TxMailbox1CompleteCallback)
    i.HAL_CAN_TxMailbox2AbortCallback        0x08001300   Section        0  stm32f4xx_hal_can.o(i.HAL_CAN_TxMailbox2AbortCallback)
    i.HAL_CAN_TxMailbox2CompleteCallback     0x08001302   Section        0  stm32f4xx_hal_can.o(i.HAL_CAN_TxMailbox2CompleteCallback)
    i.HAL_CAN_WakeUpFromRxMsgCallback        0x08001304   Section        0  stm32f4xx_hal_can.o(i.HAL_CAN_WakeUpFromRxMsgCallback)
    i.HAL_DMA_Abort_IT                       0x08001306   Section        0  stm32f4xx_hal_dma.o(i.HAL_DMA_Abort_IT)
    i.HAL_DMA_IRQHandler                     0x0800132c   Section        0  stm32f4xx_hal_dma.o(i.HAL_DMA_IRQHandler)
    i.HAL_DMA_Init                           0x080014cc   Section        0  stm32f4xx_hal_dma.o(i.HAL_DMA_Init)
    i.HAL_DMA_Start_IT                       0x080015a0   Section        0  stm32f4xx_hal_dma.o(i.HAL_DMA_Start_IT)
    i.HAL_GPIO_EXTI_Callback                 0x0800160e   Section        0  stm32f4xx_hal_gpio.o(i.HAL_GPIO_EXTI_Callback)
    i.HAL_GPIO_EXTI_IRQHandler               0x08001610   Section        0  stm32f4xx_hal_gpio.o(i.HAL_GPIO_EXTI_IRQHandler)
    i.HAL_GPIO_Init                          0x08001628   Section        0  stm32f4xx_hal_gpio.o(i.HAL_GPIO_Init)
    i.HAL_GPIO_WritePin                      0x080017dc   Section        0  stm32f4xx_hal_gpio.o(i.HAL_GPIO_WritePin)
    i.HAL_GetTick                            0x080017e8   Section        0  stm32f4xx_hal.o(i.HAL_GetTick)
    i.HAL_IncTick                            0x080017f4   Section        0  stm32f4xx_hal.o(i.HAL_IncTick)
    i.HAL_Init                               0x08001804   Section        0  stm32f4xx_hal.o(i.HAL_Init)
    i.HAL_InitTick                           0x08001838   Section        0  stm32f4xx_hal.o(i.HAL_InitTick)
    i.HAL_MspInit                            0x08001878   Section        0  stm32f4xx_hal_msp.o(i.HAL_MspInit)
    i.HAL_NVIC_EnableIRQ                     0x080018a8   Section        0  stm32f4xx_hal_cortex.o(i.HAL_NVIC_EnableIRQ)
    i.HAL_NVIC_SetPriority                   0x080018c4   Section        0  stm32f4xx_hal_cortex.o(i.HAL_NVIC_SetPriority)
    i.HAL_NVIC_SetPriorityGrouping           0x08001904   Section        0  stm32f4xx_hal_cortex.o(i.HAL_NVIC_SetPriorityGrouping)
    i.HAL_RCC_ClockConfig                    0x08001928   Section        0  stm32f4xx_hal_rcc.o(i.HAL_RCC_ClockConfig)
    i.HAL_RCC_GetPCLK1Freq                   0x08001a5c   Section        0  stm32f4xx_hal_rcc.o(i.HAL_RCC_GetPCLK1Freq)
    i.HAL_RCC_GetPCLK2Freq                   0x08001a7c   Section        0  stm32f4xx_hal_rcc.o(i.HAL_RCC_GetPCLK2Freq)
    i.HAL_RCC_GetSysClockFreq                0x08001a9c   Section        0  stm32f4xx_hal_rcc.o(i.HAL_RCC_GetSysClockFreq)
    i.HAL_RCC_OscConfig                      0x08001afc   Section        0  stm32f4xx_hal_rcc.o(i.HAL_RCC_OscConfig)
    i.HAL_SYSTICK_Config                     0x08001e44   Section        0  stm32f4xx_hal_cortex.o(i.HAL_SYSTICK_Config)
    i.HAL_TIMEx_BreakCallback                0x08001e6c   Section        0  stm32f4xx_hal_tim_ex.o(i.HAL_TIMEx_BreakCallback)
    i.HAL_TIMEx_CommutCallback               0x08001e6e   Section        0  stm32f4xx_hal_tim_ex.o(i.HAL_TIMEx_CommutCallback)
    i.HAL_TIMEx_MasterConfigSynchronization  0x08001e70   Section        0  stm32f4xx_hal_tim_ex.o(i.HAL_TIMEx_MasterConfigSynchronization)
    i.HAL_TIM_Base_Init                      0x08001f00   Section        0  stm32f4xx_hal_tim.o(i.HAL_TIM_Base_Init)
    i.HAL_TIM_Base_MspInit                   0x08001f38   Section        0  tim.o(i.HAL_TIM_Base_MspInit)
    i.HAL_TIM_Base_Start_IT                  0x0800201c   Section        0  stm32f4xx_hal_tim.o(i.HAL_TIM_Base_Start_IT)
    i.HAL_TIM_ConfigClockSource              0x0800203e   Section        0  stm32f4xx_hal_tim.o(i.HAL_TIM_ConfigClockSource)
    i.HAL_TIM_IC_CaptureCallback             0x08002114   Section        0  stm32f4xx_hal_tim.o(i.HAL_TIM_IC_CaptureCallback)
    i.HAL_TIM_IC_ConfigChannel               0x08002116   Section        0  stm32f4xx_hal_tim.o(i.HAL_TIM_IC_ConfigChannel)
    i.HAL_TIM_IC_Init                        0x08002232   Section        0  stm32f4xx_hal_tim.o(i.HAL_TIM_IC_Init)
    i.HAL_TIM_IC_MspInit                     0x08002268   Section        0  stm32f4xx_hal_tim.o(i.HAL_TIM_IC_MspInit)
    i.HAL_TIM_IC_Start_IT                    0x0800226a   Section        0  stm32f4xx_hal_tim.o(i.HAL_TIM_IC_Start_IT)
    i.HAL_TIM_IRQHandler                     0x080022c0   Section        0  stm32f4xx_hal_tim.o(i.HAL_TIM_IRQHandler)
    i.HAL_TIM_OC_DelayElapsedCallback        0x08002426   Section        0  stm32f4xx_hal_tim.o(i.HAL_TIM_OC_DelayElapsedCallback)
    i.HAL_TIM_PWM_PulseFinishedCallback      0x08002428   Section        0  stm32f4xx_hal_tim.o(i.HAL_TIM_PWM_PulseFinishedCallback)
    i.HAL_TIM_PeriodElapsedCallback          0x0800242a   Section        0  stm32f4xx_hal_tim.o(i.HAL_TIM_PeriodElapsedCallback)
    i.HAL_TIM_TriggerCallback                0x0800242c   Section        0  stm32f4xx_hal_tim.o(i.HAL_TIM_TriggerCallback)
    i.HAL_UART_ErrorCallback                 0x0800242e   Section        0  stm32f4xx_hal_uart.o(i.HAL_UART_ErrorCallback)
    i.HAL_UART_IRQHandler                    0x08002430   Section        0  stm32f4xx_hal_uart.o(i.HAL_UART_IRQHandler)
    i.HAL_UART_Init                          0x08002544   Section        0  stm32f4xx_hal_uart.o(i.HAL_UART_Init)
    i.HAL_UART_MspInit                       0x080025a8   Section        0  usart.o(i.HAL_UART_MspInit)
    i.HAL_UART_Receive_DMA                   0x080028e4   Section        0  stm32f4xx_hal_uart.o(i.HAL_UART_Receive_DMA)
    i.HAL_UART_RxCpltCallback                0x0800297c   Section        0  stm32f4xx_hal_uart.o(i.HAL_UART_RxCpltCallback)
    i.HAL_UART_RxHalfCpltCallback            0x0800297e   Section        0  stm32f4xx_hal_uart.o(i.HAL_UART_RxHalfCpltCallback)
    i.HAL_UART_TxCpltCallback                0x08002980   Section        0  stm32f4xx_hal_uart.o(i.HAL_UART_TxCpltCallback)
    i.HardFault_Handler                      0x08002982   Section        0  stm32f4xx_it.o(i.HardFault_Handler)
    i.LED_ALL_Shine                          0x08002984   Section        0  led.o(i.LED_ALL_Shine)
    i.LED_Task                               0x08002994   Section        0  led.o(i.LED_Task)
    i.MX_CAN1_Init                           0x080029b4   Section        0  can.o(i.MX_CAN1_Init)
    i.MX_CAN2_Init                           0x080029f8   Section        0  can.o(i.MX_CAN2_Init)
    i.MX_DMA_Init                            0x08002a3c   Section        0  dma.o(i.MX_DMA_Init)
    i.MX_GPIO_Init                           0x08002ad8   Section        0  gpio.o(i.MX_GPIO_Init)
    i.MX_TIM2_Init                           0x08002b7c   Section        0  tim.o(i.MX_TIM2_Init)
    i.MX_TIM3_Init                           0x08002c10   Section        0  tim.o(i.MX_TIM3_Init)
    i.MX_TIM4_Init                           0x08002cb8   Section        0  tim.o(i.MX_TIM4_Init)
    i.MX_USART1_UART_Init                    0x08002d20   Section        0  usart.o(i.MX_USART1_UART_Init)
    i.MX_USART2_UART_Init                    0x08002d64   Section        0  usart.o(i.MX_USART2_UART_Init)
    i.MX_USART3_UART_Init                    0x08002d9c   Section        0  usart.o(i.MX_USART3_UART_Init)
    i.MX_USART6_UART_Init                    0x08002dd4   Section        0  usart.o(i.MX_USART6_UART_Init)
    i.MemManage_Handler                      0x08002e0c   Section        0  stm32f4xx_it.o(i.MemManage_Handler)
    i.Motor_Speed_Analysis                   0x08002e0e   Section        0  robo_base.o(i.Motor_Speed_Analysis)
    i.NMI_Handler                            0x08002e2e   Section        0  stm32f4xx_it.o(i.NMI_Handler)
    i.PID_General_Cal                        0x08002e30   Section        0  robo_base.o(i.PID_General_Cal)
    i.PID_Init                               0x08002f40   Section        0  robo_base.o(i.PID_Init)
    i.PID_Send                               0x08002f74   Section        0  robo_base.o(i.PID_Send)
    i.PID_Speed_Cal                          0x08002fa8   Section        0  robo_base.o(i.PID_Speed_Cal)
    i.PendSV_Handler                         0x080030f0   Section        0  stm32f4xx_it.o(i.PendSV_Handler)
    i.RED_ALL_Shine                          0x080030f4   Section        0  led.o(i.RED_ALL_Shine)
    i.RemoteDataProcess                      0x08003114   Section        0  remote.o(i.RemoteDataProcess)
    i.SVC_Handler                            0x08003194   Section        0  stm32f4xx_it.o(i.SVC_Handler)
    i.Send_To_Motor_                         0x08003196   Section        0  robo_base.o(i.Send_To_Motor_)
    i.Send_To_other                          0x080031cc   Section        0  robo_base.o(i.Send_To_other)
    i.Speed_Info_Analysis                    0x0800320c   Section        0  robo_base.o(i.Speed_Info_Analysis)
    i.SysTick_Handler                        0x0800321e   Section        0  stm32f4xx_it.o(i.SysTick_Handler)
    i.SystemClock_Config                     0x08003224   Section        0  main.o(i.SystemClock_Config)
    i.SystemInit                             0x080032a8   Section        0  system_stm32f4xx.o(i.SystemInit)
    i.TIM2_IRQHandler                        0x080032c4   Section        0  stm32f4xx_it.o(i.TIM2_IRQHandler)
    i.TIM3_IRQHandler                        0x080032d0   Section        0  stm32f4xx_it.o(i.TIM3_IRQHandler)
    i.TIM4_IRQHandler                        0x08003308   Section        0  stm32f4xx_it.o(i.TIM4_IRQHandler)
    i.TIM_Base_SetConfig                     0x0800331c   Section        0  stm32f4xx_hal_tim.o(i.TIM_Base_SetConfig)
    i.TIM_CCxChannelCmd                      0x080033e4   Section        0  stm32f4xx_hal_tim.o(i.TIM_CCxChannelCmd)
    i.TIM_ETR_SetConfig                      0x080033fe   Section        0  stm32f4xx_hal_tim.o(i.TIM_ETR_SetConfig)
    i.TIM_ITRx_SetConfig                     0x08003412   Section        0  stm32f4xx_hal_tim.o(i.TIM_ITRx_SetConfig)
    TIM_ITRx_SetConfig                       0x08003413   Thumb Code    16  stm32f4xx_hal_tim.o(i.TIM_ITRx_SetConfig)
    i.TIM_TI1_ConfigInputStage               0x08003422   Section        0  stm32f4xx_hal_tim.o(i.TIM_TI1_ConfigInputStage)
    TIM_TI1_ConfigInputStage                 0x08003423   Thumb Code    34  stm32f4xx_hal_tim.o(i.TIM_TI1_ConfigInputStage)
    i.TIM_TI1_SetConfig                      0x08003444   Section        0  stm32f4xx_hal_tim.o(i.TIM_TI1_SetConfig)
    i.TIM_TI2_ConfigInputStage               0x080034c4   Section        0  stm32f4xx_hal_tim.o(i.TIM_TI2_ConfigInputStage)
    TIM_TI2_ConfigInputStage                 0x080034c5   Thumb Code    36  stm32f4xx_hal_tim.o(i.TIM_TI2_ConfigInputStage)
    i.TIM_TI2_SetConfig                      0x080034e8   Section        0  stm32f4xx_hal_tim.o(i.TIM_TI2_SetConfig)
    TIM_TI2_SetConfig                        0x080034e9   Thumb Code    54  stm32f4xx_hal_tim.o(i.TIM_TI2_SetConfig)
    i.UART_DMAAbortOnError                   0x0800351e   Section        0  stm32f4xx_hal_uart.o(i.UART_DMAAbortOnError)
    UART_DMAAbortOnError                     0x0800351f   Thumb Code    16  stm32f4xx_hal_uart.o(i.UART_DMAAbortOnError)
    i.UART_DMAError                          0x0800352e   Section        0  stm32f4xx_hal_uart.o(i.UART_DMAError)
    UART_DMAError                            0x0800352f   Thumb Code    74  stm32f4xx_hal_uart.o(i.UART_DMAError)
    i.UART_DMAReceiveCplt                    0x08003578   Section        0  stm32f4xx_hal_uart.o(i.UART_DMAReceiveCplt)
    UART_DMAReceiveCplt                      0x08003579   Thumb Code    60  stm32f4xx_hal_uart.o(i.UART_DMAReceiveCplt)
    i.UART_DMARxHalfCplt                     0x080035b4   Section        0  stm32f4xx_hal_uart.o(i.UART_DMARxHalfCplt)
    UART_DMARxHalfCplt                       0x080035b5   Thumb Code    10  stm32f4xx_hal_uart.o(i.UART_DMARxHalfCplt)
    i.UART_EndRxTransfer                     0x080035be   Section        0  stm32f4xx_hal_uart.o(i.UART_EndRxTransfer)
    UART_EndRxTransfer                       0x080035bf   Thumb Code    28  stm32f4xx_hal_uart.o(i.UART_EndRxTransfer)
    i.UART_EndTxTransfer                     0x080035da   Section        0  stm32f4xx_hal_uart.o(i.UART_EndTxTransfer)
    UART_EndTxTransfer                       0x080035db   Thumb Code    18  stm32f4xx_hal_uart.o(i.UART_EndTxTransfer)
    i.UART_Receive_IT                        0x080035ec   Section        0  stm32f4xx_hal_uart.o(i.UART_Receive_IT)
    UART_Receive_IT                          0x080035ed   Thumb Code   150  stm32f4xx_hal_uart.o(i.UART_Receive_IT)
    i.UART_SetConfig                         0x08003684   Section        0  stm32f4xx_hal_uart.o(i.UART_SetConfig)
    UART_SetConfig                           0x08003685   Thumb Code   288  stm32f4xx_hal_uart.o(i.UART_SetConfig)
    i.UART_Transmit_IT                       0x080037ac   Section        0  stm32f4xx_hal_uart.o(i.UART_Transmit_IT)
    UART_Transmit_IT                         0x080037ad   Thumb Code    98  stm32f4xx_hal_uart.o(i.UART_Transmit_IT)
    i.USART1_IRQHandler                      0x08003810   Section        0  stm32f4xx_it.o(i.USART1_IRQHandler)
    i.USART2_IRQHandler                      0x08003838   Section        0  stm32f4xx_it.o(i.USART2_IRQHandler)
    i.USART3_IRQHandler                      0x08003860   Section        0  stm32f4xx_it.o(i.USART3_IRQHandler)
    i.USART6_IRQHandler                      0x08003888   Section        0  stm32f4xx_it.o(i.USART6_IRQHandler)
    i.Uart2_Eable                            0x080038ac   Section        0  uart_communicate.o(i.Uart2_Eable)
    i.Uart3_Eable                            0x080038ec   Section        0  uart_communicate.o(i.Uart3_Eable)
    i.Uart6_DMA_Process_front                0x0800392c   Section        0  uart_communicate.o(i.Uart6_DMA_Process_front)
    i.Uart6_Eable                            0x080039ac   Section        0  uart_communicate.o(i.Uart6_Eable)
    i.Uart_DMA_Process                       0x080039f0   Section        0  uart_communicate.o(i.Uart_DMA_Process)
    i.Uart_DMA_Process_53                    0x08003a5c   Section        0  uart_communicate.o(i.Uart_DMA_Process_53)
    i.UsageFault_Handler                     0x08003a84   Section        0  stm32f4xx_it.o(i.UsageFault_Handler)
    i.Usart_All_Init                         0x08003a88   Section        0  uart_communicate.o(i.Usart_All_Init)
    i.Vxyw_vector_upper                      0x08003ac8   Section        0  chassis_control.o(i.Vxyw_vector_upper)
    i.__ARM_fpclassify                       0x08003b40   Section        0  fpclassify.o(i.__ARM_fpclassify)
    i.__NVIC_SetPriority                     0x08003b70   Section        0  stm32f4xx_hal_cortex.o(i.__NVIC_SetPriority)
    __NVIC_SetPriority                       0x08003b71   Thumb Code    32  stm32f4xx_hal_cortex.o(i.__NVIC_SetPriority)
    i.__hardfp_cos                           0x08003b90   Section        0  cos.o(i.__hardfp_cos)
    i.__hardfp_sin                           0x08003c58   Section        0  sin.o(i.__hardfp_sin)
    i.__hardfp_sqrt                          0x08003d20   Section        0  sqrt.o(i.__hardfp_sqrt)
    i.__ieee754_rem_pio2                     0x08003da0   Section        0  rred.o(i.__ieee754_rem_pio2)
    i.__kernel_cos                           0x080041d8   Section        0  cos_i.o(i.__kernel_cos)
    i.__kernel_poly                          0x08004348   Section        0  poly.o(i.__kernel_poly)
    i.__kernel_sin                           0x08004440   Section        0  sin_i.o(i.__kernel_sin)
    i.__mathlib_dbl_infnan                   0x08004570   Section        0  dunder.o(i.__mathlib_dbl_infnan)
    i.__mathlib_dbl_invalid                  0x08004588   Section        0  dunder.o(i.__mathlib_dbl_invalid)
    i.__mathlib_dbl_underflow                0x080045a8   Section        0  dunder.o(i.__mathlib_dbl_underflow)
    i.__scatterload_copy                     0x080045c8   Section       14  handlers.o(i.__scatterload_copy)
    i.__scatterload_null                     0x080045d6   Section        2  handlers.o(i.__scatterload_null)
    i.__scatterload_zeroinit                 0x080045d8   Section       14  handlers.o(i.__scatterload_zeroinit)
    i.__set_errno                            0x080045e8   Section        0  errno.o(i.__set_errno)
    i.chassis_autoControl                    0x080045f4   Section        0  chassis_control.o(i.chassis_autoControl)
    i.chassis_in_catchmode                   0x08004608   Section        0  chassis_control.o(i.chassis_in_catchmode)
    i.chassis_map_realsence                  0x08004674   Section        0  chassis_control.o(i.chassis_map_realsence)
    i.chassis_motor_speed                    0x080046cc   Section        0  chassis_control.o(i.chassis_motor_speed)
    i.chassis_receivePC                      0x080047b8   Section        0  can_commmunication.o(i.chassis_receivePC)
    i.chassis_upperControl                   0x08004848   Section        0  chassis_control.o(i.chassis_upperControl)
    i.duizhun_x                              0x08004874   Section        0  chassis_control.o(i.duizhun_x)
    i.duizhun_y                              0x080048a8   Section        0  chassis_control.o(i.duizhun_y)
    i.duizhun_zizhaun                        0x080048e8   Section        0  chassis_control.o(i.duizhun_zizhaun)
    i.fabs                                   0x08004920   Section        0  fabs.o(i.fabs)
    i.frand                                  0x08004938   Section        0  uart_communicate.o(i.frand)
    i.kalman_filter                          0x08004984   Section        0  uart_communicate.o(i.kalman_filter)
    i.main                                   0x08004a54   Section        0  main.o(i.main)
    i.malloc                                 0x08004bb4   Section        0  malloc.o(i.malloc)
    i.send_to_upper                          0x08004c20   Section        0  chassis_control.o(i.send_to_upper)
    .constdata                               0x08004c34   Section        8  stm32f4xx_hal_dma.o(.constdata)
    flagBitshiftOffset                       0x08004c34   Data           8  stm32f4xx_hal_dma.o(.constdata)
    .constdata                               0x08004c3c   Section       16  system_stm32f4xx.o(.constdata)
    .constdata                               0x08004c4c   Section        8  system_stm32f4xx.o(.constdata)
    .constdata                               0x08004c58   Section       48  cos_i.o(.constdata)
    C                                        0x08004c58   Data          48  cos_i.o(.constdata)
    .constdata                               0x08004c88   Section      200  rred.o(.constdata)
    pio2s                                    0x08004c88   Data          48  rred.o(.constdata)
    twooverpi                                0x08004cb8   Data         152  rred.o(.constdata)
    .constdata                               0x08004d50   Section       40  sin_i.o(.constdata)
    S                                        0x08004d50   Data          40  sin_i.o(.constdata)
    .data                                    0x20000000   Section       78  remote.o(.data)
    .data                                    0x20000050   Section        8  uart_communicate.o(.data)
    x_last                                   0x20000050   Data           4  uart_communicate.o(.data)
    p_last                                   0x20000054   Data           4  uart_communicate.o(.data)
    .data                                    0x20000058   Section        4  main.o(.data)
    .data                                    0x2000005c   Section        4  main.o(.data)
    .data                                    0x20000060   Section        4  can.o(.data)
    HAL_RCC_CAN1_CLK_ENABLED                 0x20000060   Data           4  can.o(.data)
    .data                                    0x20000064   Section       17  stm32f4xx_it.o(.data)
    .data                                    0x20000078   Section       12  can_commmunication.o(.data)
    .data                                    0x20000084   Section       12  stm32f4xx_hal.o(.data)
    .data                                    0x20000090   Section        4  system_stm32f4xx.o(.data)
    .data                                    0x20000094   Section        4  rand.o(.data)
    _rand_state                              0x20000094   Data           4  rand.o(.data)
    .data                                    0x20000098   Section        4  mvars.o(.data)
    .data                                    0x2000009c   Section        4  mvars.o(.data)
    .data                                    0x200000a0   Section        4  errno.o(.data)
    _errno                                   0x200000a0   Data           4  errno.o(.data)
    .bss                                     0x200000a4   Section      184  chassis_control.o(.bss)
    .bss                                     0x2000015c   Section      100  uart_communicate.o(.bss)
    .bss                                     0x200001c0   Section       16  usart2_route.o(.bss)
    .bss                                     0x200001d0   Section       80  can.o(.bss)
    .bss                                     0x20000220   Section      192  tim.o(.bss)
    .bss                                     0x200002e0   Section      928  usart.o(.bss)
    .bss                                     0x20000680   Section      368  stm32f4xx_it.o(.bss)
    HEAP                                     0x200007f0   Section      512  startup_stm32f405xx.o(HEAP)
    STACK                                    0x200009f0   Section     1024  startup_stm32f405xx.o(STACK)

    Global Symbols

    Symbol Name                              Value     Ov Type        Size  Object(Section)

    BuildAttributes$$THM_ISAv4$E$P$D$K$B$S$7EM$VFPi3$EXTD16$VFPS$VFMA$PE$A:L22UL41UL21$X:L11$S22US41US21$IEEE1$IW$USESV6$~STKCKD$USESV7$~SHL$OTIME$ROPI$IEEEX$EBA8$MICROLIB$REQ8$PRES8$EABIv2 0x00000000   Number         0  anon$$obj.o ABSOLUTE
    __ARM_use_no_argv                        0x00000000   Number         0  main.o ABSOLUTE
    __cpp_initialize__aeabi_                  - Undefined Weak Reference
    __cxa_finalize                            - Undefined Weak Reference
    __decompress                              - Undefined Weak Reference
    _clock_init                               - Undefined Weak Reference
    _microlib_exit                            - Undefined Weak Reference
    __Vectors_Size                           0x00000188   Number         0  startup_stm32f405xx.o ABSOLUTE
    __Vectors                                0x08000000   Data           4  startup_stm32f405xx.o(RESET)
    __Vectors_End                            0x08000188   Data           0  startup_stm32f405xx.o(RESET)
    __main                                   0x08000189   Thumb Code     0  entry.o(.ARM.Collect$$$$00000000)
    _main_stk                                0x08000189   Thumb Code     0  entry2.o(.ARM.Collect$$$$00000001)
    _main_scatterload                        0x0800018d   Thumb Code     0  entry5.o(.ARM.Collect$$$$00000004)
    __main_after_scatterload                 0x08000191   Thumb Code     0  entry5.o(.ARM.Collect$$$$00000004)
    _main_clock                              0x08000191   Thumb Code     0  entry7b.o(.ARM.Collect$$$$00000008)
    _main_cpp_init                           0x08000191   Thumb Code     0  entry8b.o(.ARM.Collect$$$$0000000A)
    _main_init                               0x08000191   Thumb Code     0  entry9a.o(.ARM.Collect$$$$0000000B)
    __rt_final_cpp                           0x08000199   Thumb Code     0  entry10a.o(.ARM.Collect$$$$0000000D)
    __rt_final_exit                          0x08000199   Thumb Code     0  entry11a.o(.ARM.Collect$$$$0000000F)
    Reset_Handler                            0x0800019d   Thumb Code     8  startup_stm32f405xx.o(.text)
    ADC_IRQHandler                           0x080001b7   Thumb Code     0  startup_stm32f405xx.o(.text)
    CAN1_RX1_IRQHandler                      0x080001b7   Thumb Code     0  startup_stm32f405xx.o(.text)
    CAN1_SCE_IRQHandler                      0x080001b7   Thumb Code     0  startup_stm32f405xx.o(.text)
    CAN1_TX_IRQHandler                       0x080001b7   Thumb Code     0  startup_stm32f405xx.o(.text)
    CAN2_RX1_IRQHandler                      0x080001b7   Thumb Code     0  startup_stm32f405xx.o(.text)
    CAN2_SCE_IRQHandler                      0x080001b7   Thumb Code     0  startup_stm32f405xx.o(.text)
    DMA1_Stream0_IRQHandler                  0x080001b7   Thumb Code     0  startup_stm32f405xx.o(.text)
    DMA1_Stream2_IRQHandler                  0x080001b7   Thumb Code     0  startup_stm32f405xx.o(.text)
    DMA1_Stream4_IRQHandler                  0x080001b7   Thumb Code     0  startup_stm32f405xx.o(.text)
    DMA1_Stream7_IRQHandler                  0x080001b7   Thumb Code     0  startup_stm32f405xx.o(.text)
    DMA2_Stream0_IRQHandler                  0x080001b7   Thumb Code     0  startup_stm32f405xx.o(.text)
    DMA2_Stream3_IRQHandler                  0x080001b7   Thumb Code     0  startup_stm32f405xx.o(.text)
    DMA2_Stream4_IRQHandler                  0x080001b7   Thumb Code     0  startup_stm32f405xx.o(.text)
    DMA2_Stream5_IRQHandler                  0x080001b7   Thumb Code     0  startup_stm32f405xx.o(.text)
    DMA2_Stream7_IRQHandler                  0x080001b7   Thumb Code     0  startup_stm32f405xx.o(.text)
    EXTI15_10_IRQHandler                     0x080001b7   Thumb Code     0  startup_stm32f405xx.o(.text)
    EXTI1_IRQHandler                         0x080001b7   Thumb Code     0  startup_stm32f405xx.o(.text)
    EXTI2_IRQHandler                         0x080001b7   Thumb Code     0  startup_stm32f405xx.o(.text)
    EXTI3_IRQHandler                         0x080001b7   Thumb Code     0  startup_stm32f405xx.o(.text)
    EXTI4_IRQHandler                         0x080001b7   Thumb Code     0  startup_stm32f405xx.o(.text)
    EXTI9_5_IRQHandler                       0x080001b7   Thumb Code     0  startup_stm32f405xx.o(.text)
    FLASH_IRQHandler                         0x080001b7   Thumb Code     0  startup_stm32f405xx.o(.text)
    FMC_IRQHandler                           0x080001b7   Thumb Code     0  startup_stm32f405xx.o(.text)
    FPU_IRQHandler                           0x080001b7   Thumb Code     0  startup_stm32f405xx.o(.text)
    HASH_RNG_IRQHandler                      0x080001b7   Thumb Code     0  startup_stm32f405xx.o(.text)
    I2C1_ER_IRQHandler                       0x080001b7   Thumb Code     0  startup_stm32f405xx.o(.text)
    I2C1_EV_IRQHandler                       0x080001b7   Thumb Code     0  startup_stm32f405xx.o(.text)
    I2C2_ER_IRQHandler                       0x080001b7   Thumb Code     0  startup_stm32f405xx.o(.text)
    I2C2_EV_IRQHandler                       0x080001b7   Thumb Code     0  startup_stm32f405xx.o(.text)
    I2C3_ER_IRQHandler                       0x080001b7   Thumb Code     0  startup_stm32f405xx.o(.text)
    I2C3_EV_IRQHandler                       0x080001b7   Thumb Code     0  startup_stm32f405xx.o(.text)
    OTG_FS_IRQHandler                        0x080001b7   Thumb Code     0  startup_stm32f405xx.o(.text)
    OTG_FS_WKUP_IRQHandler                   0x080001b7   Thumb Code     0  startup_stm32f405xx.o(.text)
    OTG_HS_EP1_IN_IRQHandler                 0x080001b7   Thumb Code     0  startup_stm32f405xx.o(.text)
    OTG_HS_EP1_OUT_IRQHandler                0x080001b7   Thumb Code     0  startup_stm32f405xx.o(.text)
    OTG_HS_IRQHandler                        0x080001b7   Thumb Code     0  startup_stm32f405xx.o(.text)
    OTG_HS_WKUP_IRQHandler                   0x080001b7   Thumb Code     0  startup_stm32f405xx.o(.text)
    PVD_IRQHandler                           0x080001b7   Thumb Code     0  startup_stm32f405xx.o(.text)
    RCC_IRQHandler                           0x080001b7   Thumb Code     0  startup_stm32f405xx.o(.text)
    RTC_Alarm_IRQHandler                     0x080001b7   Thumb Code     0  startup_stm32f405xx.o(.text)
    RTC_WKUP_IRQHandler                      0x080001b7   Thumb Code     0  startup_stm32f405xx.o(.text)
    SDIO_IRQHandler                          0x080001b7   Thumb Code     0  startup_stm32f405xx.o(.text)
    SPI1_IRQHandler                          0x080001b7   Thumb Code     0  startup_stm32f405xx.o(.text)
    SPI2_IRQHandler                          0x080001b7   Thumb Code     0  startup_stm32f405xx.o(.text)
    SPI3_IRQHandler                          0x080001b7   Thumb Code     0  startup_stm32f405xx.o(.text)
    TAMP_STAMP_IRQHandler                    0x080001b7   Thumb Code     0  startup_stm32f405xx.o(.text)
    TIM1_BRK_TIM9_IRQHandler                 0x080001b7   Thumb Code     0  startup_stm32f405xx.o(.text)
    TIM1_CC_IRQHandler                       0x080001b7   Thumb Code     0  startup_stm32f405xx.o(.text)
    TIM1_TRG_COM_TIM11_IRQHandler            0x080001b7   Thumb Code     0  startup_stm32f405xx.o(.text)
    TIM1_UP_TIM10_IRQHandler                 0x080001b7   Thumb Code     0  startup_stm32f405xx.o(.text)
    TIM5_IRQHandler                          0x080001b7   Thumb Code     0  startup_stm32f405xx.o(.text)
    TIM6_DAC_IRQHandler                      0x080001b7   Thumb Code     0  startup_stm32f405xx.o(.text)
    TIM7_IRQHandler                          0x080001b7   Thumb Code     0  startup_stm32f405xx.o(.text)
    TIM8_BRK_TIM12_IRQHandler                0x080001b7   Thumb Code     0  startup_stm32f405xx.o(.text)
    TIM8_CC_IRQHandler                       0x080001b7   Thumb Code     0  startup_stm32f405xx.o(.text)
    TIM8_TRG_COM_TIM14_IRQHandler            0x080001b7   Thumb Code     0  startup_stm32f405xx.o(.text)
    TIM8_UP_TIM13_IRQHandler                 0x080001b7   Thumb Code     0  startup_stm32f405xx.o(.text)
    UART4_IRQHandler                         0x080001b7   Thumb Code     0  startup_stm32f405xx.o(.text)
    UART5_IRQHandler                         0x080001b7   Thumb Code     0  startup_stm32f405xx.o(.text)
    WWDG_IRQHandler                          0x080001b7   Thumb Code     0  startup_stm32f405xx.o(.text)
    __aeabi_uldivmod                         0x080001c1   Thumb Code    98  uldiv.o(.text)
    rand                                     0x08000225   Thumb Code    20  rand.o(.text)
    srand                                    0x08000239   Thumb Code     6  rand.o(.text)
    __aeabi_memset                           0x08000249   Thumb Code    14  memseta.o(.text)
    __aeabi_memset4                          0x08000249   Thumb Code     0  memseta.o(.text)
    __aeabi_memset8                          0x08000249   Thumb Code     0  memseta.o(.text)
    __aeabi_memclr                           0x08000257   Thumb Code     4  memseta.o(.text)
    __aeabi_memclr4                          0x08000257   Thumb Code     0  memseta.o(.text)
    __aeabi_memclr8                          0x08000257   Thumb Code     0  memseta.o(.text)
    _memset$wrapper                          0x0800025b   Thumb Code    18  memseta.o(.text)
    __aeabi_dadd                             0x0800026d   Thumb Code   322  dadd.o(.text)
    __aeabi_dsub                             0x080003af   Thumb Code     6  dadd.o(.text)
    __aeabi_drsub                            0x080003b5   Thumb Code     6  dadd.o(.text)
    __aeabi_dmul                             0x080003bb   Thumb Code   228  dmul.o(.text)
    __aeabi_ddiv                             0x0800049f   Thumb Code   222  ddiv.o(.text)
    __aeabi_i2d                              0x0800057d   Thumb Code    34  dflti.o(.text)
    __aeabi_ui2d                             0x0800059f   Thumb Code    26  dfltui.o(.text)
    __aeabi_d2iz                             0x080005b9   Thumb Code    62  dfixi.o(.text)
    __aeabi_f2d                              0x080005f7   Thumb Code    38  f2d.o(.text)
    __aeabi_d2f                              0x0800061d   Thumb Code    56  d2f.o(.text)
    __aeabi_llsl                             0x08000655   Thumb Code    30  llshl.o(.text)
    _ll_shift_l                              0x08000655   Thumb Code     0  llshl.o(.text)
    __aeabi_llsr                             0x08000673   Thumb Code    32  llushr.o(.text)
    _ll_ushift_r                             0x08000673   Thumb Code     0  llushr.o(.text)
    __aeabi_lasr                             0x08000693   Thumb Code    36  llsshr.o(.text)
    _ll_sshift_r                             0x08000693   Thumb Code     0  llsshr.o(.text)
    __I$use$fp                               0x080006b7   Thumb Code     0  iusefp.o(.text)
    _float_round                             0x080006b7   Thumb Code    18  fepilogue.o(.text)
    _float_epilogue                          0x080006c9   Thumb Code    92  fepilogue.o(.text)
    _double_round                            0x08000725   Thumb Code    30  depilogue.o(.text)
    _double_epilogue                         0x08000743   Thumb Code   156  depilogue.o(.text)
    _dsqrt                                   0x080007df   Thumb Code   162  dsqrt.o(.text)
    __scatterload                            0x08000881   Thumb Code    28  init.o(.text)
    __scatterload_rt2                        0x08000881   Thumb Code     0  init.o(.text)
    BASE_Init                                0x080008a5   Thumb Code   152  robo_base.o(i.BASE_Init)
    BusFault_Handler                         0x0800094d   Thumb Code     2  stm32f4xx_it.o(i.BusFault_Handler)
    CAN1_RX0_IRQHandler                      0x08000951   Thumb Code    44  stm32f4xx_it.o(i.CAN1_RX0_IRQHandler)
    CAN2_RX0_IRQHandler                      0x08000985   Thumb Code    40  stm32f4xx_it.o(i.CAN2_RX0_IRQHandler)
    CAN2_TX_IRQHandler                       0x080009b5   Thumb Code     6  stm32f4xx_it.o(i.CAN2_TX_IRQHandler)
    CAN_Filter_Init                          0x080009c1   Thumb Code    52  can.o(i.CAN_Filter_Init)
    DMA1_Stream1_IRQHandler                  0x080009f9   Thumb Code     6  stm32f4xx_it.o(i.DMA1_Stream1_IRQHandler)
    DMA1_Stream3_IRQHandler                  0x08000a05   Thumb Code     6  stm32f4xx_it.o(i.DMA1_Stream3_IRQHandler)
    DMA1_Stream5_IRQHandler                  0x08000a11   Thumb Code     6  stm32f4xx_it.o(i.DMA1_Stream5_IRQHandler)
    DMA1_Stream6_IRQHandler                  0x08000a1d   Thumb Code     6  stm32f4xx_it.o(i.DMA1_Stream6_IRQHandler)
    DMA2_Stream1_IRQHandler                  0x08000a29   Thumb Code     6  stm32f4xx_it.o(i.DMA2_Stream1_IRQHandler)
    DMA2_Stream2_IRQHandler                  0x08000a35   Thumb Code     6  stm32f4xx_it.o(i.DMA2_Stream2_IRQHandler)
    DMA2_Stream6_IRQHandler                  0x08000a41   Thumb Code     6  stm32f4xx_it.o(i.DMA2_Stream6_IRQHandler)
    DebugMon_Handler                         0x08000af1   Thumb Code     2  stm32f4xx_it.o(i.DebugMon_Handler)
    EXTI0_IRQHandler                         0x08000af5   Thumb Code    16  stm32f4xx_it.o(i.EXTI0_IRQHandler)
    Error_Handler                            0x08000b09   Thumb Code     2  main.o(i.Error_Handler)
    GREED_ALL_Shine                          0x08000b0d   Thumb Code    28  led.o(i.GREED_ALL_Shine)
    GREEN_Quick_Shine                        0x08000b2d   Thumb Code    50  led.o(i.GREEN_Quick_Shine)
    HAL_CAN_ActivateNotification             0x08000b69   Thumb Code    36  stm32f4xx_hal_can.o(i.HAL_CAN_ActivateNotification)
    HAL_CAN_AddTxMessage                     0x08000b8d   Thumb Code   200  stm32f4xx_hal_can.o(i.HAL_CAN_AddTxMessage)
    HAL_CAN_ConfigFilter                     0x08000c55   Thumb Code   262  stm32f4xx_hal_can.o(i.HAL_CAN_ConfigFilter)
    HAL_CAN_ErrorCallback                    0x08000d61   Thumb Code     2  stm32f4xx_hal_can.o(i.HAL_CAN_ErrorCallback)
    HAL_CAN_GetRxMessage                     0x08000d63   Thumb Code   232  stm32f4xx_hal_can.o(i.HAL_CAN_GetRxMessage)
    HAL_CAN_GetTxMailboxesFreeLevel          0x08000e4b   Thumb Code    44  stm32f4xx_hal_can.o(i.HAL_CAN_GetTxMailboxesFreeLevel)
    HAL_CAN_IRQHandler                       0x08000e77   Thumb Code   508  stm32f4xx_hal_can.o(i.HAL_CAN_IRQHandler)
    HAL_CAN_Init                             0x08001073   Thumb Code   282  stm32f4xx_hal_can.o(i.HAL_CAN_Init)
    HAL_CAN_MspInit                          0x0800118d   Thumb Code   242  can.o(i.HAL_CAN_MspInit)
    HAL_CAN_RxFifo0FullCallback              0x08001299   Thumb Code     2  stm32f4xx_hal_can.o(i.HAL_CAN_RxFifo0FullCallback)
    HAL_CAN_RxFifo0MsgPendingCallback        0x0800129b   Thumb Code     2  stm32f4xx_hal_can.o(i.HAL_CAN_RxFifo0MsgPendingCallback)
    HAL_CAN_RxFifo1FullCallback              0x0800129d   Thumb Code     2  stm32f4xx_hal_can.o(i.HAL_CAN_RxFifo1FullCallback)
    HAL_CAN_RxFifo1MsgPendingCallback        0x0800129f   Thumb Code     2  stm32f4xx_hal_can.o(i.HAL_CAN_RxFifo1MsgPendingCallback)
    HAL_CAN_SleepCallback                    0x080012a1   Thumb Code     2  stm32f4xx_hal_can.o(i.HAL_CAN_SleepCallback)
    HAL_CAN_Start                            0x080012a3   Thumb Code    86  stm32f4xx_hal_can.o(i.HAL_CAN_Start)
    HAL_CAN_TxMailbox0AbortCallback          0x080012f9   Thumb Code     2  stm32f4xx_hal_can.o(i.HAL_CAN_TxMailbox0AbortCallback)
    HAL_CAN_TxMailbox0CompleteCallback       0x080012fb   Thumb Code     2  stm32f4xx_hal_can.o(i.HAL_CAN_TxMailbox0CompleteCallback)
    HAL_CAN_TxMailbox1AbortCallback          0x080012fd   Thumb Code     2  stm32f4xx_hal_can.o(i.HAL_CAN_TxMailbox1AbortCallback)
    HAL_CAN_TxMailbox1CompleteCallback       0x080012ff   Thumb Code     2  stm32f4xx_hal_can.o(i.HAL_CAN_TxMailbox1CompleteCallback)
    HAL_CAN_TxMailbox2AbortCallback          0x08001301   Thumb Code     2  stm32f4xx_hal_can.o(i.HAL_CAN_TxMailbox2AbortCallback)
    HAL_CAN_TxMailbox2CompleteCallback       0x08001303   Thumb Code     2  stm32f4xx_hal_can.o(i.HAL_CAN_TxMailbox2CompleteCallback)
    HAL_CAN_WakeUpFromRxMsgCallback          0x08001305   Thumb Code     2  stm32f4xx_hal_can.o(i.HAL_CAN_WakeUpFromRxMsgCallback)
    HAL_DMA_Abort_IT                         0x08001307   Thumb Code    36  stm32f4xx_hal_dma.o(i.HAL_DMA_Abort_IT)
    HAL_DMA_IRQHandler                       0x0800132d   Thumb Code   412  stm32f4xx_hal_dma.o(i.HAL_DMA_IRQHandler)
    HAL_DMA_Init                             0x080014cd   Thumb Code   206  stm32f4xx_hal_dma.o(i.HAL_DMA_Init)
    HAL_DMA_Start_IT                         0x080015a1   Thumb Code   110  stm32f4xx_hal_dma.o(i.HAL_DMA_Start_IT)
    HAL_GPIO_EXTI_Callback                   0x0800160f   Thumb Code     2  stm32f4xx_hal_gpio.o(i.HAL_GPIO_EXTI_Callback)
    HAL_GPIO_EXTI_IRQHandler                 0x08001611   Thumb Code    18  stm32f4xx_hal_gpio.o(i.HAL_GPIO_EXTI_IRQHandler)
    HAL_GPIO_Init                            0x08001629   Thumb Code   390  stm32f4xx_hal_gpio.o(i.HAL_GPIO_Init)
    HAL_GPIO_WritePin                        0x080017dd   Thumb Code    10  stm32f4xx_hal_gpio.o(i.HAL_GPIO_WritePin)
    HAL_GetTick                              0x080017e9   Thumb Code     6  stm32f4xx_hal.o(i.HAL_GetTick)
    HAL_IncTick                              0x080017f5   Thumb Code    12  stm32f4xx_hal.o(i.HAL_IncTick)
    HAL_Init                                 0x08001805   Thumb Code    48  stm32f4xx_hal.o(i.HAL_Init)
    HAL_InitTick                             0x08001839   Thumb Code    54  stm32f4xx_hal.o(i.HAL_InitTick)
    HAL_MspInit                              0x08001879   Thumb Code    42  stm32f4xx_hal_msp.o(i.HAL_MspInit)
    HAL_NVIC_EnableIRQ                       0x080018a9   Thumb Code    26  stm32f4xx_hal_cortex.o(i.HAL_NVIC_EnableIRQ)
    HAL_NVIC_SetPriority                     0x080018c5   Thumb Code    60  stm32f4xx_hal_cortex.o(i.HAL_NVIC_SetPriority)
    HAL_NVIC_SetPriorityGrouping             0x08001905   Thumb Code    26  stm32f4xx_hal_cortex.o(i.HAL_NVIC_SetPriorityGrouping)
    HAL_RCC_ClockConfig                      0x08001929   Thumb Code   288  stm32f4xx_hal_rcc.o(i.HAL_RCC_ClockConfig)
    HAL_RCC_GetPCLK1Freq                     0x08001a5d   Thumb Code    20  stm32f4xx_hal_rcc.o(i.HAL_RCC_GetPCLK1Freq)
    HAL_RCC_GetPCLK2Freq                     0x08001a7d   Thumb Code    20  stm32f4xx_hal_rcc.o(i.HAL_RCC_GetPCLK2Freq)
    HAL_RCC_GetSysClockFreq                  0x08001a9d   Thumb Code    88  stm32f4xx_hal_rcc.o(i.HAL_RCC_GetSysClockFreq)
    HAL_RCC_OscConfig                        0x08001afd   Thumb Code   820  stm32f4xx_hal_rcc.o(i.HAL_RCC_OscConfig)
    HAL_SYSTICK_Config                       0x08001e45   Thumb Code    40  stm32f4xx_hal_cortex.o(i.HAL_SYSTICK_Config)
    HAL_TIMEx_BreakCallback                  0x08001e6d   Thumb Code     2  stm32f4xx_hal_tim_ex.o(i.HAL_TIMEx_BreakCallback)
    HAL_TIMEx_CommutCallback                 0x08001e6f   Thumb Code     2  stm32f4xx_hal_tim_ex.o(i.HAL_TIMEx_CommutCallback)
    HAL_TIMEx_MasterConfigSynchronization    0x08001e71   Thumb Code   116  stm32f4xx_hal_tim_ex.o(i.HAL_TIMEx_MasterConfigSynchronization)
    HAL_TIM_Base_Init                        0x08001f01   Thumb Code    54  stm32f4xx_hal_tim.o(i.HAL_TIM_Base_Init)
    HAL_TIM_Base_MspInit                     0x08001f39   Thumb Code   210  tim.o(i.HAL_TIM_Base_MspInit)
    HAL_TIM_Base_Start_IT                    0x0800201d   Thumb Code    34  stm32f4xx_hal_tim.o(i.HAL_TIM_Base_Start_IT)
    HAL_TIM_ConfigClockSource                0x0800203f   Thumb Code   214  stm32f4xx_hal_tim.o(i.HAL_TIM_ConfigClockSource)
    HAL_TIM_IC_CaptureCallback               0x08002115   Thumb Code     2  stm32f4xx_hal_tim.o(i.HAL_TIM_IC_CaptureCallback)
    HAL_TIM_IC_ConfigChannel                 0x08002117   Thumb Code   284  stm32f4xx_hal_tim.o(i.HAL_TIM_IC_ConfigChannel)
    HAL_TIM_IC_Init                          0x08002233   Thumb Code    54  stm32f4xx_hal_tim.o(i.HAL_TIM_IC_Init)
    HAL_TIM_IC_MspInit                       0x08002269   Thumb Code     2  stm32f4xx_hal_tim.o(i.HAL_TIM_IC_MspInit)
    HAL_TIM_IC_Start_IT                      0x0800226b   Thumb Code    86  stm32f4xx_hal_tim.o(i.HAL_TIM_IC_Start_IT)
    HAL_TIM_IRQHandler                       0x080022c1   Thumb Code   358  stm32f4xx_hal_tim.o(i.HAL_TIM_IRQHandler)
    HAL_TIM_OC_DelayElapsedCallback          0x08002427   Thumb Code     2  stm32f4xx_hal_tim.o(i.HAL_TIM_OC_DelayElapsedCallback)
    HAL_TIM_PWM_PulseFinishedCallback        0x08002429   Thumb Code     2  stm32f4xx_hal_tim.o(i.HAL_TIM_PWM_PulseFinishedCallback)
    HAL_TIM_PeriodElapsedCallback            0x0800242b   Thumb Code     2  stm32f4xx_hal_tim.o(i.HAL_TIM_PeriodElapsedCallback)
    HAL_TIM_TriggerCallback                  0x0800242d   Thumb Code     2  stm32f4xx_hal_tim.o(i.HAL_TIM_TriggerCallback)
    HAL_UART_ErrorCallback                   0x0800242f   Thumb Code     2  stm32f4xx_hal_uart.o(i.HAL_UART_ErrorCallback)
    HAL_UART_IRQHandler                      0x08002431   Thumb Code   270  stm32f4xx_hal_uart.o(i.HAL_UART_IRQHandler)
    HAL_UART_Init                            0x08002545   Thumb Code    98  stm32f4xx_hal_uart.o(i.HAL_UART_Init)
    HAL_UART_MspInit                         0x080025a9   Thumb Code   778  usart.o(i.HAL_UART_MspInit)
    HAL_UART_Receive_DMA                     0x080028e5   Thumb Code   138  stm32f4xx_hal_uart.o(i.HAL_UART_Receive_DMA)
    HAL_UART_RxCpltCallback                  0x0800297d   Thumb Code     2  stm32f4xx_hal_uart.o(i.HAL_UART_RxCpltCallback)
    HAL_UART_RxHalfCpltCallback              0x0800297f   Thumb Code     2  stm32f4xx_hal_uart.o(i.HAL_UART_RxHalfCpltCallback)
    HAL_UART_TxCpltCallback                  0x08002981   Thumb Code     2  stm32f4xx_hal_uart.o(i.HAL_UART_TxCpltCallback)
    HardFault_Handler                        0x08002983   Thumb Code     2  stm32f4xx_it.o(i.HardFault_Handler)
    LED_ALL_Shine                            0x08002985   Thumb Code    10  led.o(i.LED_ALL_Shine)
    LED_Task                                 0x08002995   Thumb Code    32  led.o(i.LED_Task)
    MX_CAN1_Init                             0x080029b5   Thumb Code    60  can.o(i.MX_CAN1_Init)
    MX_CAN2_Init                             0x080029f9   Thumb Code    60  can.o(i.MX_CAN2_Init)
    MX_DMA_Init                              0x08002a3d   Thumb Code   152  dma.o(i.MX_DMA_Init)
    MX_GPIO_Init                             0x08002ad9   Thumb Code   148  gpio.o(i.MX_GPIO_Init)
    MX_TIM2_Init                             0x08002b7d   Thumb Code   142  tim.o(i.MX_TIM2_Init)
    MX_TIM3_Init                             0x08002c11   Thumb Code   158  tim.o(i.MX_TIM3_Init)
    MX_TIM4_Init                             0x08002cb9   Thumb Code    94  tim.o(i.MX_TIM4_Init)
    MX_USART1_UART_Init                      0x08002d21   Thumb Code    54  usart.o(i.MX_USART1_UART_Init)
    MX_USART2_UART_Init                      0x08002d65   Thumb Code    48  usart.o(i.MX_USART2_UART_Init)
    MX_USART3_UART_Init                      0x08002d9d   Thumb Code    48  usart.o(i.MX_USART3_UART_Init)
    MX_USART6_UART_Init                      0x08002dd5   Thumb Code    48  usart.o(i.MX_USART6_UART_Init)
    MemManage_Handler                        0x08002e0d   Thumb Code     2  stm32f4xx_it.o(i.MemManage_Handler)
    Motor_Speed_Analysis                     0x08002e0f   Thumb Code    32  robo_base.o(i.Motor_Speed_Analysis)
    NMI_Handler                              0x08002e2f   Thumb Code     2  stm32f4xx_it.o(i.NMI_Handler)
    PID_General_Cal                          0x08002e31   Thumb Code   266  robo_base.o(i.PID_General_Cal)
    PID_Init                                 0x08002f41   Thumb Code    46  robo_base.o(i.PID_Init)
    PID_Send                                 0x08002f75   Thumb Code    46  robo_base.o(i.PID_Send)
    PID_Speed_Cal                            0x08002fa9   Thumb Code   322  robo_base.o(i.PID_Speed_Cal)
    PendSV_Handler                           0x080030f1   Thumb Code     2  stm32f4xx_it.o(i.PendSV_Handler)
    RED_ALL_Shine                            0x080030f5   Thumb Code    28  led.o(i.RED_ALL_Shine)
    RemoteDataProcess                        0x08003115   Thumb Code   124  remote.o(i.RemoteDataProcess)
    SVC_Handler                              0x08003195   Thumb Code     2  stm32f4xx_it.o(i.SVC_Handler)
    Send_To_Motor_                           0x08003197   Thumb Code    54  robo_base.o(i.Send_To_Motor_)
    Send_To_other                            0x080031cd   Thumb Code    60  robo_base.o(i.Send_To_other)
    Speed_Info_Analysis                      0x0800320d   Thumb Code    18  robo_base.o(i.Speed_Info_Analysis)
    SysTick_Handler                          0x0800321f   Thumb Code     4  stm32f4xx_it.o(i.SysTick_Handler)
    SystemClock_Config                       0x08003225   Thumb Code   122  main.o(i.SystemClock_Config)
    SystemInit                               0x080032a9   Thumb Code    22  system_stm32f4xx.o(i.SystemInit)
    TIM2_IRQHandler                          0x080032c5   Thumb Code     6  stm32f4xx_it.o(i.TIM2_IRQHandler)
    TIM3_IRQHandler                          0x080032d1   Thumb Code    38  stm32f4xx_it.o(i.TIM3_IRQHandler)
    TIM4_IRQHandler                          0x08003309   Thumb Code    16  stm32f4xx_it.o(i.TIM4_IRQHandler)
    TIM_Base_SetConfig                       0x0800331d   Thumb Code   156  stm32f4xx_hal_tim.o(i.TIM_Base_SetConfig)
    TIM_CCxChannelCmd                        0x080033e5   Thumb Code    26  stm32f4xx_hal_tim.o(i.TIM_CCxChannelCmd)
    TIM_ETR_SetConfig                        0x080033ff   Thumb Code    20  stm32f4xx_hal_tim.o(i.TIM_ETR_SetConfig)
    TIM_TI1_SetConfig                        0x08003445   Thumb Code   100  stm32f4xx_hal_tim.o(i.TIM_TI1_SetConfig)
    USART1_IRQHandler                        0x08003811   Thumb Code    24  stm32f4xx_it.o(i.USART1_IRQHandler)
    USART2_IRQHandler                        0x08003839   Thumb Code    30  stm32f4xx_it.o(i.USART2_IRQHandler)
    USART3_IRQHandler                        0x08003861   Thumb Code    30  stm32f4xx_it.o(i.USART3_IRQHandler)
    USART6_IRQHandler                        0x08003889   Thumb Code    28  stm32f4xx_it.o(i.USART6_IRQHandler)
    Uart2_Eable                              0x080038ad   Thumb Code    54  uart_communicate.o(i.Uart2_Eable)
    Uart3_Eable                              0x080038ed   Thumb Code    54  uart_communicate.o(i.Uart3_Eable)
    Uart6_DMA_Process_front                  0x0800392d   Thumb Code   114  uart_communicate.o(i.Uart6_DMA_Process_front)
    Uart6_Eable                              0x080039ad   Thumb Code    58  uart_communicate.o(i.Uart6_Eable)
    Uart_DMA_Process                         0x080039f1   Thumb Code   106  uart_communicate.o(i.Uart_DMA_Process)
    Uart_DMA_Process_53                      0x08003a5d   Thumb Code    32  uart_communicate.o(i.Uart_DMA_Process_53)
    UsageFault_Handler                       0x08003a85   Thumb Code     2  stm32f4xx_it.o(i.UsageFault_Handler)
    Usart_All_Init                           0x08003a89   Thumb Code    54  uart_communicate.o(i.Usart_All_Init)
    Vxyw_vector_upper                        0x08003ac9   Thumb Code   110  chassis_control.o(i.Vxyw_vector_upper)
    __ARM_fpclassify                         0x08003b41   Thumb Code    48  fpclassify.o(i.__ARM_fpclassify)
    __hardfp_cos                             0x08003b91   Thumb Code   180  cos.o(i.__hardfp_cos)
    __hardfp_sin                             0x08003c59   Thumb Code   180  sin.o(i.__hardfp_sin)
    __hardfp_sqrt                            0x08003d21   Thumb Code   122  sqrt.o(i.__hardfp_sqrt)
    __ieee754_rem_pio2                       0x08003da1   Thumb Code   938  rred.o(i.__ieee754_rem_pio2)
    __kernel_cos                             0x080041d9   Thumb Code   322  cos_i.o(i.__kernel_cos)
    __kernel_poly                            0x08004349   Thumb Code   248  poly.o(i.__kernel_poly)
    __kernel_sin                             0x08004441   Thumb Code   280  sin_i.o(i.__kernel_sin)
    __mathlib_dbl_infnan                     0x08004571   Thumb Code    20  dunder.o(i.__mathlib_dbl_infnan)
    __mathlib_dbl_invalid                    0x08004589   Thumb Code    24  dunder.o(i.__mathlib_dbl_invalid)
    __mathlib_dbl_underflow                  0x080045a9   Thumb Code    24  dunder.o(i.__mathlib_dbl_underflow)
    __scatterload_copy                       0x080045c9   Thumb Code    14  handlers.o(i.__scatterload_copy)
    __scatterload_null                       0x080045d7   Thumb Code     2  handlers.o(i.__scatterload_null)
    __scatterload_zeroinit                   0x080045d9   Thumb Code    14  handlers.o(i.__scatterload_zeroinit)
    __set_errno                              0x080045e9   Thumb Code     6  errno.o(i.__set_errno)
    chassis_autoControl                      0x080045f5   Thumb Code    16  chassis_control.o(i.chassis_autoControl)
    chassis_in_catchmode                     0x08004609   Thumb Code    96  chassis_control.o(i.chassis_in_catchmode)
    chassis_map_realsence                    0x08004675   Thumb Code    74  chassis_control.o(i.chassis_map_realsence)
    chassis_motor_speed                      0x080046cd   Thumb Code   220  chassis_control.o(i.chassis_motor_speed)
    chassis_receivePC                        0x080047b9   Thumb Code   114  can_commmunication.o(i.chassis_receivePC)
    chassis_upperControl                     0x08004849   Thumb Code    36  chassis_control.o(i.chassis_upperControl)
    duizhun_x                                0x08004875   Thumb Code    44  chassis_control.o(i.duizhun_x)
    duizhun_y                                0x080048a9   Thumb Code    56  chassis_control.o(i.duizhun_y)
    duizhun_zizhaun                          0x080048e9   Thumb Code    48  chassis_control.o(i.duizhun_zizhaun)
    fabs                                     0x08004921   Thumb Code    24  fabs.o(i.fabs)
    frand                                    0x08004939   Thumb Code    52  uart_communicate.o(i.frand)
    kalman_filter                            0x08004985   Thumb Code   186  uart_communicate.o(i.kalman_filter)
    main                                     0x08004a55   Thumb Code   294  main.o(i.main)
    malloc                                   0x08004bb5   Thumb Code    92  malloc.o(i.malloc)
    send_to_upper                            0x08004c21   Thumb Code    12  chassis_control.o(i.send_to_upper)
    AHBPrescTable                            0x08004c3c   Data          16  system_stm32f4xx.o(.constdata)
    APBPrescTable                            0x08004c4c   Data           8  system_stm32f4xx.o(.constdata)
    Region$$Table$$Base                      0x08004d78   Number         0  anon$$obj.o(Region$$Table)
    Region$$Table$$Limit                     0x08004d98   Number         0  anon$$obj.o(Region$$Table)
    RC_CtrlData                              0x20000000   Data          78  remote.o(.data)
    SYS_Time                                 0x20000058   Data           4  main.o(.data)
    Flag                                     0x2000005c   Data           4  main.o(.data)
    mode                                     0x20000064   Data           1  stm32f4xx_it.o(.data)
    GY_1_Uart_Rx                             0x20000065   Data           8  stm32f4xx_it.o(.data)
    GY_2_Uart_Rx                             0x2000006d   Data           8  stm32f4xx_it.o(.data)
    angle                                    0x20000078   Data           2  can_commmunication.o(.data)
    angle_error                              0x2000007a   Data           2  can_commmunication.o(.data)
    TR_commmunication                        0x2000007c   Data           4  can_commmunication.o(.data)
    a1                                       0x20000080   Data           4  can_commmunication.o(.data)
    uwTickFreq                               0x20000084   Data           1  stm32f4xx_hal.o(.data)
    uwTickPrio                               0x20000088   Data           4  stm32f4xx_hal.o(.data)
    uwTick                                   0x2000008c   Data           4  stm32f4xx_hal.o(.data)
    SystemCoreClock                          0x20000090   Data           4  system_stm32f4xx.o(.data)
    __microlib_freelist                      0x20000098   Data           4  mvars.o(.data)
    __microlib_freelist_initialised          0x2000009c   Data           4  mvars.o(.data)
    pid_w                                    0x200000a4   Data          48  chassis_control.o(.bss)
    pid_y                                    0x200000d4   Data          48  chassis_control.o(.bss)
    pid_x                                    0x20000104   Data          48  chassis_control.o(.bss)
    distance                                 0x20000134   Data          24  chassis_control.o(.bss)
    f                                        0x2000014c   Data          16  chassis_control.o(.bss)
    Uart2_Tx                                 0x2000015c   Data          50  uart_communicate.o(.bss)
    Uart2_Rx                                 0x20000190   Data          12  uart_communicate.o(.bss)
    Uart6_Rx                                 0x2000019c   Data          12  uart_communicate.o(.bss)
    Uart1_Rx                                 0x200001a8   Data          12  uart_communicate.o(.bss)
    Uart3_Rx                                 0x200001b4   Data          12  uart_communicate.o(.bss)
    Route_Data                               0x200001c0   Data          16  usart2_route.o(.bss)
    hcan1                                    0x200001d0   Data          40  can.o(.bss)
    hcan2                                    0x200001f8   Data          40  can.o(.bss)
    htim2                                    0x20000220   Data          64  tim.o(.bss)
    htim3                                    0x20000260   Data          64  tim.o(.bss)
    htim4                                    0x200002a0   Data          64  tim.o(.bss)
    huart1                                   0x200002e0   Data          64  usart.o(.bss)
    huart2                                   0x20000320   Data          64  usart.o(.bss)
    huart3                                   0x20000360   Data          64  usart.o(.bss)
    huart6                                   0x200003a0   Data          64  usart.o(.bss)
    hdma_usart1_rx                           0x200003e0   Data          96  usart.o(.bss)
    hdma_usart2_rx                           0x20000440   Data          96  usart.o(.bss)
    hdma_usart2_tx                           0x200004a0   Data          96  usart.o(.bss)
    hdma_usart3_rx                           0x20000500   Data          96  usart.o(.bss)
    hdma_usart3_tx                           0x20000560   Data          96  usart.o(.bss)
    hdma_usart6_rx                           0x200005c0   Data          96  usart.o(.bss)
    hdma_usart6_tx                           0x20000620   Data          96  usart.o(.bss)
    Robo_Base                                0x20000680   Data         300  stm32f4xx_it.o(.bss)
    RxMeg                                    0x200007ac   Data          28  stm32f4xx_it.o(.bss)
    front_Uart_Rx                            0x200007c8   Data          10  stm32f4xx_it.o(.bss)
    RxMeg2                                   0x200007d4   Data          28  stm32f4xx_it.o(.bss)
    __heap_base                              0x200007f0   Data           0  startup_stm32f405xx.o(HEAP)
    __heap_limit                             0x200009f0   Data           0  startup_stm32f405xx.o(HEAP)
    __initial_sp                             0x20000df0   Data           0  startup_stm32f405xx.o(STACK)



==============================================================================

Memory Map of the image

  Image Entry point : 0x08000189

  Load Region LR_IROM1 (Base: 0x08000000, Size: 0x00004e3c, Max: 0x00100000, ABSOLUTE)

    Execution Region ER_IROM1 (Base: 0x08000000, Size: 0x00004d98, Max: 0x00100000, ABSOLUTE)

    Base Addr    Size         Type   Attr      Idx    E Section Name        Object

    0x08000000   0x00000188   Data   RO            3    RESET               startup_stm32f405xx.o
    0x08000188   0x00000000   Code   RO         3784  * .ARM.Collect$$$$00000000  mc_w.l(entry.o)
    0x08000188   0x00000004   Code   RO         3870    .ARM.Collect$$$$00000001  mc_w.l(entry2.o)
    0x0800018c   0x00000004   Code   RO         3873    .ARM.Collect$$$$00000004  mc_w.l(entry5.o)
    0x08000190   0x00000000   Code   RO         3875    .ARM.Collect$$$$00000008  mc_w.l(entry7b.o)
    0x08000190   0x00000000   Code   RO         3877    .ARM.Collect$$$$0000000A  mc_w.l(entry8b.o)
    0x08000190   0x00000008   Code   RO         3878    .ARM.Collect$$$$0000000B  mc_w.l(entry9a.o)
    0x08000198   0x00000000   Code   RO         3880    .ARM.Collect$$$$0000000D  mc_w.l(entry10a.o)
    0x08000198   0x00000000   Code   RO         3882    .ARM.Collect$$$$0000000F  mc_w.l(entry11a.o)
    0x08000198   0x00000004   Code   RO         3871    .ARM.Collect$$$$00002712  mc_w.l(entry2.o)
    0x0800019c   0x00000024   Code   RO            4    .text               startup_stm32f405xx.o
    0x080001c0   0x00000062   Code   RO         3787    .text               mc_w.l(uldiv.o)
    0x08000222   0x00000002   PAD
    0x08000224   0x00000024   Code   RO         3789    .text               mc_w.l(rand.o)
    0x08000248   0x00000024   Code   RO         3794    .text               mc_w.l(memseta.o)
    0x0800026c   0x0000014e   Code   RO         3826    .text               mf_w.l(dadd.o)
    0x080003ba   0x000000e4   Code   RO         3828    .text               mf_w.l(dmul.o)
    0x0800049e   0x000000de   Code   RO         3830    .text               mf_w.l(ddiv.o)
    0x0800057c   0x00000022   Code   RO         3832    .text               mf_w.l(dflti.o)
    0x0800059e   0x0000001a   Code   RO         3834    .text               mf_w.l(dfltui.o)
    0x080005b8   0x0000003e   Code   RO         3836    .text               mf_w.l(dfixi.o)
    0x080005f6   0x00000026   Code   RO         3838    .text               mf_w.l(f2d.o)
    0x0800061c   0x00000038   Code   RO         3840    .text               mf_w.l(d2f.o)
    0x08000654   0x0000001e   Code   RO         3884    .text               mc_w.l(llshl.o)
    0x08000672   0x00000020   Code   RO         3886    .text               mc_w.l(llushr.o)
    0x08000692   0x00000024   Code   RO         3888    .text               mc_w.l(llsshr.o)
    0x080006b6   0x00000000   Code   RO         3899    .text               mc_w.l(iusefp.o)
    0x080006b6   0x0000006e   Code   RO         3900    .text               mf_w.l(fepilogue.o)
    0x08000724   0x000000ba   Code   RO         3902    .text               mf_w.l(depilogue.o)
    0x080007de   0x000000a2   Code   RO         3906    .text               mf_w.l(dsqrt.o)
    0x08000880   0x00000024   Code   RO         3920    .text               mc_w.l(init.o)
    0x080008a4   0x000000a8   Code   RO           13    i.BASE_Init         robo_base.o
    0x0800094c   0x00000002   Code   RO          787    i.BusFault_Handler  stm32f4xx_it.o
    0x0800094e   0x00000002   PAD
    0x08000950   0x00000034   Code   RO          788    i.CAN1_RX0_IRQHandler  stm32f4xx_it.o
    0x08000984   0x00000030   Code   RO          789    i.CAN2_RX0_IRQHandler  stm32f4xx_it.o
    0x080009b4   0x0000000c   Code   RO          790    i.CAN2_TX_IRQHandler  stm32f4xx_it.o
    0x080009c0   0x00000038   Code   RO          594    i.CAN_Filter_Init   can.o
    0x080009f8   0x0000000c   Code   RO          791    i.DMA1_Stream1_IRQHandler  stm32f4xx_it.o
    0x08000a04   0x0000000c   Code   RO          792    i.DMA1_Stream3_IRQHandler  stm32f4xx_it.o
    0x08000a10   0x0000000c   Code   RO          793    i.DMA1_Stream5_IRQHandler  stm32f4xx_it.o
    0x08000a1c   0x0000000c   Code   RO          794    i.DMA1_Stream6_IRQHandler  stm32f4xx_it.o
    0x08000a28   0x0000000c   Code   RO          795    i.DMA2_Stream1_IRQHandler  stm32f4xx_it.o
    0x08000a34   0x0000000c   Code   RO          796    i.DMA2_Stream2_IRQHandler  stm32f4xx_it.o
    0x08000a40   0x0000000c   Code   RO          797    i.DMA2_Stream6_IRQHandler  stm32f4xx_it.o
    0x08000a4c   0x00000028   Code   RO         1786    i.DMA_CalcBaseAndBitshift  stm32f4xx_hal_dma.o
    0x08000a74   0x00000054   Code   RO         1787    i.DMA_CheckFifoParam  stm32f4xx_hal_dma.o
    0x08000ac8   0x00000028   Code   RO         1788    i.DMA_SetConfig     stm32f4xx_hal_dma.o
    0x08000af0   0x00000002   Code   RO          798    i.DebugMon_Handler  stm32f4xx_it.o
    0x08000af2   0x00000002   PAD
    0x08000af4   0x00000014   Code   RO          799    i.EXTI0_IRQHandler  stm32f4xx_it.o
    0x08000b08   0x00000002   Code   RO          517    i.Error_Handler     main.o
    0x08000b0a   0x00000002   PAD
    0x08000b0c   0x00000020   Code   RO          232    i.GREED_ALL_Shine   led.o
    0x08000b2c   0x0000003c   Code   RO          233    i.GREEN_Quick_Shine  led.o
    0x08000b68   0x00000024   Code   RO         1094    i.HAL_CAN_ActivateNotification  stm32f4xx_hal_can.o
    0x08000b8c   0x000000c8   Code   RO         1095    i.HAL_CAN_AddTxMessage  stm32f4xx_hal_can.o
    0x08000c54   0x0000010c   Code   RO         1096    i.HAL_CAN_ConfigFilter  stm32f4xx_hal_can.o
    0x08000d60   0x00000002   Code   RO         1099    i.HAL_CAN_ErrorCallback  stm32f4xx_hal_can.o
    0x08000d62   0x000000e8   Code   RO         1102    i.HAL_CAN_GetRxMessage  stm32f4xx_hal_can.o
    0x08000e4a   0x0000002c   Code   RO         1104    i.HAL_CAN_GetTxMailboxesFreeLevel  stm32f4xx_hal_can.o
    0x08000e76   0x000001fc   Code   RO         1106    i.HAL_CAN_IRQHandler  stm32f4xx_hal_can.o
    0x08001072   0x0000011a   Code   RO         1107    i.HAL_CAN_Init      stm32f4xx_hal_can.o
    0x0800118c   0x0000010c   Code   RO          596    i.HAL_CAN_MspInit   can.o
    0x08001298   0x00000002   Code   RO         1114    i.HAL_CAN_RxFifo0FullCallback  stm32f4xx_hal_can.o
    0x0800129a   0x00000002   Code   RO         1115    i.HAL_CAN_RxFifo0MsgPendingCallback  stm32f4xx_hal_can.o
    0x0800129c   0x00000002   Code   RO         1116    i.HAL_CAN_RxFifo1FullCallback  stm32f4xx_hal_can.o
    0x0800129e   0x00000002   Code   RO         1117    i.HAL_CAN_RxFifo1MsgPendingCallback  stm32f4xx_hal_can.o
    0x080012a0   0x00000002   Code   RO         1118    i.HAL_CAN_SleepCallback  stm32f4xx_hal_can.o
    0x080012a2   0x00000056   Code   RO         1119    i.HAL_CAN_Start     stm32f4xx_hal_can.o
    0x080012f8   0x00000002   Code   RO         1121    i.HAL_CAN_TxMailbox0AbortCallback  stm32f4xx_hal_can.o
    0x080012fa   0x00000002   Code   RO         1122    i.HAL_CAN_TxMailbox0CompleteCallback  stm32f4xx_hal_can.o
    0x080012fc   0x00000002   Code   RO         1123    i.HAL_CAN_TxMailbox1AbortCallback  stm32f4xx_hal_can.o
    0x080012fe   0x00000002   Code   RO         1124    i.HAL_CAN_TxMailbox1CompleteCallback  stm32f4xx_hal_can.o
    0x08001300   0x00000002   Code   RO         1125    i.HAL_CAN_TxMailbox2AbortCallback  stm32f4xx_hal_can.o
    0x08001302   0x00000002   Code   RO         1126    i.HAL_CAN_TxMailbox2CompleteCallback  stm32f4xx_hal_can.o
    0x08001304   0x00000002   Code   RO         1128    i.HAL_CAN_WakeUpFromRxMsgCallback  stm32f4xx_hal_can.o
    0x08001306   0x00000024   Code   RO         1790    i.HAL_DMA_Abort_IT  stm32f4xx_hal_dma.o
    0x0800132a   0x00000002   PAD
    0x0800132c   0x000001a0   Code   RO         1794    i.HAL_DMA_IRQHandler  stm32f4xx_hal_dma.o
    0x080014cc   0x000000d4   Code   RO         1795    i.HAL_DMA_Init      stm32f4xx_hal_dma.o
    0x080015a0   0x0000006e   Code   RO         1799    i.HAL_DMA_Start_IT  stm32f4xx_hal_dma.o
    0x0800160e   0x00000002   Code   RO         1680    i.HAL_GPIO_EXTI_Callback  stm32f4xx_hal_gpio.o
    0x08001610   0x00000018   Code   RO         1681    i.HAL_GPIO_EXTI_IRQHandler  stm32f4xx_hal_gpio.o
    0x08001628   0x000001b4   Code   RO         1682    i.HAL_GPIO_Init     stm32f4xx_hal_gpio.o
    0x080017dc   0x0000000a   Code   RO         1686    i.HAL_GPIO_WritePin  stm32f4xx_hal_gpio.o
    0x080017e6   0x00000002   PAD
    0x080017e8   0x0000000c   Code   RO         2214    i.HAL_GetTick       stm32f4xx_hal.o
    0x080017f4   0x00000010   Code   RO         2220    i.HAL_IncTick       stm32f4xx_hal.o
    0x08001804   0x00000034   Code   RO         2221    i.HAL_Init          stm32f4xx_hal.o
    0x08001838   0x00000040   Code   RO         2222    i.HAL_InitTick      stm32f4xx_hal.o
    0x08001878   0x00000030   Code   RO          979    i.HAL_MspInit       stm32f4xx_hal_msp.o
    0x080018a8   0x0000001a   Code   RO         2071    i.HAL_NVIC_EnableIRQ  stm32f4xx_hal_cortex.o
    0x080018c2   0x00000002   PAD
    0x080018c4   0x00000040   Code   RO         2077    i.HAL_NVIC_SetPriority  stm32f4xx_hal_cortex.o
    0x08001904   0x00000024   Code   RO         2078    i.HAL_NVIC_SetPriorityGrouping  stm32f4xx_hal_cortex.o
    0x08001928   0x00000134   Code   RO         1328    i.HAL_RCC_ClockConfig  stm32f4xx_hal_rcc.o
    0x08001a5c   0x00000020   Code   RO         1335    i.HAL_RCC_GetPCLK1Freq  stm32f4xx_hal_rcc.o
    0x08001a7c   0x00000020   Code   RO         1336    i.HAL_RCC_GetPCLK2Freq  stm32f4xx_hal_rcc.o
    0x08001a9c   0x00000060   Code   RO         1337    i.HAL_RCC_GetSysClockFreq  stm32f4xx_hal_rcc.o
    0x08001afc   0x00000348   Code   RO         1340    i.HAL_RCC_OscConfig  stm32f4xx_hal_rcc.o
    0x08001e44   0x00000028   Code   RO         2082    i.HAL_SYSTICK_Config  stm32f4xx_hal_cortex.o
    0x08001e6c   0x00000002   Code   RO         3136    i.HAL_TIMEx_BreakCallback  stm32f4xx_hal_tim_ex.o
    0x08001e6e   0x00000002   Code   RO         3137    i.HAL_TIMEx_CommutCallback  stm32f4xx_hal_tim_ex.o
    0x08001e70   0x00000090   Code   RO         3154    i.HAL_TIMEx_MasterConfigSynchronization  stm32f4xx_hal_tim_ex.o
    0x08001f00   0x00000036   Code   RO         2461    i.HAL_TIM_Base_Init  stm32f4xx_hal_tim.o
    0x08001f36   0x00000002   PAD
    0x08001f38   0x000000e4   Code   RO          674    i.HAL_TIM_Base_MspInit  tim.o
    0x0800201c   0x00000022   Code   RO         2466    i.HAL_TIM_Base_Start_IT  stm32f4xx_hal_tim.o
    0x0800203e   0x000000d6   Code   RO         2470    i.HAL_TIM_ConfigClockSource  stm32f4xx_hal_tim.o
    0x08002114   0x00000002   Code   RO         2490    i.HAL_TIM_IC_CaptureCallback  stm32f4xx_hal_tim.o
    0x08002116   0x0000011c   Code   RO         2492    i.HAL_TIM_IC_ConfigChannel  stm32f4xx_hal_tim.o
    0x08002232   0x00000036   Code   RO         2495    i.HAL_TIM_IC_Init   stm32f4xx_hal_tim.o
    0x08002268   0x00000002   Code   RO         2497    i.HAL_TIM_IC_MspInit  stm32f4xx_hal_tim.o
    0x0800226a   0x00000056   Code   RO         2500    i.HAL_TIM_IC_Start_IT  stm32f4xx_hal_tim.o
    0x080022c0   0x00000166   Code   RO         2504    i.HAL_TIM_IRQHandler  stm32f4xx_hal_tim.o
    0x08002426   0x00000002   Code   RO         2507    i.HAL_TIM_OC_DelayElapsedCallback  stm32f4xx_hal_tim.o
    0x08002428   0x00000002   Code   RO         2534    i.HAL_TIM_PWM_PulseFinishedCallback  stm32f4xx_hal_tim.o
    0x0800242a   0x00000002   Code   RO         2542    i.HAL_TIM_PeriodElapsedCallback  stm32f4xx_hal_tim.o
    0x0800242c   0x00000002   Code   RO         2547    i.HAL_TIM_TriggerCallback  stm32f4xx_hal_tim.o
    0x0800242e   0x00000002   Code   RO         3408    i.HAL_UART_ErrorCallback  stm32f4xx_hal_uart.o
    0x08002430   0x00000114   Code   RO         3411    i.HAL_UART_IRQHandler  stm32f4xx_hal_uart.o
    0x08002544   0x00000062   Code   RO         3412    i.HAL_UART_Init     stm32f4xx_hal_uart.o
    0x080025a6   0x00000002   PAD
    0x080025a8   0x0000033c   Code   RO          728    i.HAL_UART_MspInit  usart.o
    0x080028e4   0x00000098   Code   RO         3416    i.HAL_UART_Receive_DMA  stm32f4xx_hal_uart.o
    0x0800297c   0x00000002   Code   RO         3418    i.HAL_UART_RxCpltCallback  stm32f4xx_hal_uart.o
    0x0800297e   0x00000002   Code   RO         3419    i.HAL_UART_RxHalfCpltCallback  stm32f4xx_hal_uart.o
    0x08002980   0x00000002   Code   RO         3423    i.HAL_UART_TxCpltCallback  stm32f4xx_hal_uart.o
    0x08002982   0x00000002   Code   RO          800    i.HardFault_Handler  stm32f4xx_it.o
    0x08002984   0x00000010   Code   RO          234    i.LED_ALL_Shine     led.o
    0x08002994   0x00000020   Code   RO          235    i.LED_Task          led.o
    0x080029b4   0x00000044   Code   RO          597    i.MX_CAN1_Init      can.o
    0x080029f8   0x00000044   Code   RO          598    i.MX_CAN2_Init      can.o
    0x08002a3c   0x0000009c   Code   RO          649    i.MX_DMA_Init       dma.o
    0x08002ad8   0x000000a4   Code   RO          570    i.MX_GPIO_Init      gpio.o
    0x08002b7c   0x00000094   Code   RO          675    i.MX_TIM2_Init      tim.o
    0x08002c10   0x000000a8   Code   RO          676    i.MX_TIM3_Init      tim.o
    0x08002cb8   0x00000068   Code   RO          677    i.MX_TIM4_Init      tim.o
    0x08002d20   0x00000044   Code   RO          729    i.MX_USART1_UART_Init  usart.o
    0x08002d64   0x00000038   Code   RO          730    i.MX_USART2_UART_Init  usart.o
    0x08002d9c   0x00000038   Code   RO          731    i.MX_USART3_UART_Init  usart.o
    0x08002dd4   0x00000038   Code   RO          732    i.MX_USART6_UART_Init  usart.o
    0x08002e0c   0x00000002   Code   RO          801    i.MemManage_Handler  stm32f4xx_it.o
    0x08002e0e   0x00000020   Code   RO           14    i.Motor_Speed_Analysis  robo_base.o
    0x08002e2e   0x00000002   Code   RO          802    i.NMI_Handler       stm32f4xx_it.o
    0x08002e30   0x00000110   Code   RO           15    i.PID_General_Cal   robo_base.o
    0x08002f40   0x00000034   Code   RO           16    i.PID_Init          robo_base.o
    0x08002f74   0x00000034   Code   RO           17    i.PID_Send          robo_base.o
    0x08002fa8   0x00000148   Code   RO           18    i.PID_Speed_Cal     robo_base.o
    0x080030f0   0x00000002   Code   RO          803    i.PendSV_Handler    stm32f4xx_it.o
    0x080030f2   0x00000002   PAD
    0x080030f4   0x00000020   Code   RO          236    i.RED_ALL_Shine     led.o
    0x08003114   0x00000080   Code   RO          202    i.RemoteDataProcess  remote.o
    0x08003194   0x00000002   Code   RO          804    i.SVC_Handler       stm32f4xx_it.o
    0x08003196   0x00000036   Code   RO           19    i.Send_To_Motor_    robo_base.o
    0x080031cc   0x00000040   Code   RO           20    i.Send_To_other     robo_base.o
    0x0800320c   0x00000012   Code   RO           21    i.Speed_Info_Analysis  robo_base.o
    0x0800321e   0x00000004   Code   RO          805    i.SysTick_Handler   stm32f4xx_it.o
    0x08003222   0x00000002   PAD
    0x08003224   0x00000084   Code   RO          519    i.SystemClock_Config  main.o
    0x080032a8   0x0000001c   Code   RO         3714    i.SystemInit        system_stm32f4xx.o
    0x080032c4   0x0000000c   Code   RO          806    i.TIM2_IRQHandler   stm32f4xx_it.o
    0x080032d0   0x00000038   Code   RO          807    i.TIM3_IRQHandler   stm32f4xx_it.o
    0x08003308   0x00000014   Code   RO          808    i.TIM4_IRQHandler   stm32f4xx_it.o
    0x0800331c   0x000000c8   Code   RO         2549    i.TIM_Base_SetConfig  stm32f4xx_hal_tim.o
    0x080033e4   0x0000001a   Code   RO         2550    i.TIM_CCxChannelCmd  stm32f4xx_hal_tim.o
    0x080033fe   0x00000014   Code   RO         2560    i.TIM_ETR_SetConfig  stm32f4xx_hal_tim.o
    0x08003412   0x00000010   Code   RO         2561    i.TIM_ITRx_SetConfig  stm32f4xx_hal_tim.o
    0x08003422   0x00000022   Code   RO         2567    i.TIM_TI1_ConfigInputStage  stm32f4xx_hal_tim.o
    0x08003444   0x00000080   Code   RO         2568    i.TIM_TI1_SetConfig  stm32f4xx_hal_tim.o
    0x080034c4   0x00000024   Code   RO         2569    i.TIM_TI2_ConfigInputStage  stm32f4xx_hal_tim.o
    0x080034e8   0x00000036   Code   RO         2570    i.TIM_TI2_SetConfig  stm32f4xx_hal_tim.o
    0x0800351e   0x00000010   Code   RO         3425    i.UART_DMAAbortOnError  stm32f4xx_hal_uart.o
    0x0800352e   0x0000004a   Code   RO         3426    i.UART_DMAError     stm32f4xx_hal_uart.o
    0x08003578   0x0000003c   Code   RO         3427    i.UART_DMAReceiveCplt  stm32f4xx_hal_uart.o
    0x080035b4   0x0000000a   Code   RO         3429    i.UART_DMARxHalfCplt  stm32f4xx_hal_uart.o
    0x080035be   0x0000001c   Code   RO         3435    i.UART_EndRxTransfer  stm32f4xx_hal_uart.o
    0x080035da   0x00000012   Code   RO         3436    i.UART_EndTxTransfer  stm32f4xx_hal_uart.o
    0x080035ec   0x00000096   Code   RO         3437    i.UART_Receive_IT   stm32f4xx_hal_uart.o
    0x08003682   0x00000002   PAD
    0x08003684   0x00000128   Code   RO         3438    i.UART_SetConfig    stm32f4xx_hal_uart.o
    0x080037ac   0x00000062   Code   RO         3439    i.UART_Transmit_IT  stm32f4xx_hal_uart.o
    0x0800380e   0x00000002   PAD
    0x08003810   0x00000028   Code   RO          809    i.USART1_IRQHandler  stm32f4xx_it.o
    0x08003838   0x00000028   Code   RO          810    i.USART2_IRQHandler  stm32f4xx_it.o
    0x08003860   0x00000028   Code   RO          811    i.USART3_IRQHandler  stm32f4xx_it.o
    0x08003888   0x00000024   Code   RO          812    i.USART6_IRQHandler  stm32f4xx_it.o
    0x080038ac   0x00000040   Code   RO          386    i.Uart2_Eable       uart_communicate.o
    0x080038ec   0x00000040   Code   RO          387    i.Uart3_Eable       uart_communicate.o
    0x0800392c   0x00000080   Code   RO          388    i.Uart6_DMA_Process_front  uart_communicate.o
    0x080039ac   0x00000044   Code   RO          389    i.Uart6_Eable       uart_communicate.o
    0x080039f0   0x0000006a   Code   RO          390    i.Uart_DMA_Process  uart_communicate.o
    0x08003a5a   0x00000002   PAD
    0x08003a5c   0x00000028   Code   RO          391    i.Uart_DMA_Process_53  uart_communicate.o
    0x08003a84   0x00000002   Code   RO          813    i.UsageFault_Handler  stm32f4xx_it.o
    0x08003a86   0x00000002   PAD
    0x08003a88   0x00000040   Code   RO          392    i.Usart_All_Init    uart_communicate.o
    0x08003ac8   0x00000078   Code   RO          284    i.Vxyw_vector_upper  chassis_control.o
    0x08003b40   0x00000030   Code   RO         3916    i.__ARM_fpclassify  m_wm.l(fpclassify.o)
    0x08003b70   0x00000020   Code   RO         2084    i.__NVIC_SetPriority  stm32f4xx_hal_cortex.o
    0x08003b90   0x000000c8   Code   RO         3748    i.__hardfp_cos      m_wm.l(cos.o)
    0x08003c58   0x000000c8   Code   RO         3760    i.__hardfp_sin      m_wm.l(sin.o)
    0x08003d20   0x0000007a   Code   RO         3772    i.__hardfp_sqrt     m_wm.l(sqrt.o)
    0x08003d9a   0x00000006   PAD
    0x08003da0   0x00000438   Code   RO         3859    i.__ieee754_rem_pio2  m_wm.l(rred.o)
    0x080041d8   0x00000170   Code   RO         3842    i.__kernel_cos      m_wm.l(cos_i.o)
    0x08004348   0x000000f8   Code   RO         3918    i.__kernel_poly     m_wm.l(poly.o)
    0x08004440   0x00000130   Code   RO         3864    i.__kernel_sin      m_wm.l(sin_i.o)
    0x08004570   0x00000014   Code   RO         3846    i.__mathlib_dbl_infnan  m_wm.l(dunder.o)
    0x08004584   0x00000004   PAD
    0x08004588   0x00000020   Code   RO         3848    i.__mathlib_dbl_invalid  m_wm.l(dunder.o)
    0x080045a8   0x00000020   Code   RO         3851    i.__mathlib_dbl_underflow  m_wm.l(dunder.o)
    0x080045c8   0x0000000e   Code   RO         3924    i.__scatterload_copy  mc_w.l(handlers.o)
    0x080045d6   0x00000002   Code   RO         3925    i.__scatterload_null  mc_w.l(handlers.o)
    0x080045d8   0x0000000e   Code   RO         3926    i.__scatterload_zeroinit  mc_w.l(handlers.o)
    0x080045e6   0x00000002   PAD
    0x080045e8   0x0000000c   Code   RO         3894    i.__set_errno       mc_w.l(errno.o)
    0x080045f4   0x00000014   Code   RO          285    i.chassis_autoControl  chassis_control.o
    0x08004608   0x0000006c   Code   RO          286    i.chassis_in_catchmode  chassis_control.o
    0x08004674   0x00000058   Code   RO          287    i.chassis_map_realsence  chassis_control.o
    0x080046cc   0x000000ec   Code   RO          288    i.chassis_motor_speed  chassis_control.o
    0x080047b8   0x00000090   Code   RO         1004    i.chassis_receivePC  can_commmunication.o
    0x08004848   0x0000002c   Code   RO          291    i.chassis_upperControl  chassis_control.o
    0x08004874   0x00000034   Code   RO          292    i.duizhun_x         chassis_control.o
    0x080048a8   0x00000040   Code   RO          293    i.duizhun_y         chassis_control.o
    0x080048e8   0x00000038   Code   RO          294    i.duizhun_zizhaun   chassis_control.o
    0x08004920   0x00000018   Code   RO         3912    i.fabs              m_wm.l(fabs.o)
    0x08004938   0x0000004c   Code   RO          394    i.frand             uart_communicate.o
    0x08004984   0x000000d0   Code   RO          395    i.kalman_filter     uart_communicate.o
    0x08004a54   0x00000160   Code   RO          520    i.main              main.o
    0x08004bb4   0x0000006c   Code   RO         3799    i.malloc            mc_w.l(malloc.o)
    0x08004c20   0x00000014   Code   RO          296    i.send_to_upper     chassis_control.o
    0x08004c34   0x00000008   Data   RO         1801    .constdata          stm32f4xx_hal_dma.o
    0x08004c3c   0x00000010   Data   RO         3715    .constdata          system_stm32f4xx.o
    0x08004c4c   0x00000008   Data   RO         3716    .constdata          system_stm32f4xx.o
    0x08004c54   0x00000004   PAD
    0x08004c58   0x00000030   Data   RO         3843    .constdata          m_wm.l(cos_i.o)
    0x08004c88   0x000000c8   Data   RO         3861    .constdata          m_wm.l(rred.o)
    0x08004d50   0x00000028   Data   RO         3865    .constdata          m_wm.l(sin_i.o)
    0x08004d78   0x00000020   Data   RO         3922    Region$$Table       anon$$obj.o


    Execution Region RW_IRAM2 (Base: 0x10000000, Size: 0x00000000, Max: 0x00010000, ABSOLUTE)

    **** No section assigned to this execution region ****


    Execution Region RW_IRAM1 (Base: 0x20000000, Size: 0x00000df0, Max: 0x00020000, ABSOLUTE)

    Base Addr    Size         Type   Attr      Idx    E Section Name        Object

    0x20000000   0x0000004e   Data   RW          203    .data               remote.o
    0x2000004e   0x00000002   PAD
    0x20000050   0x00000008   Data   RW          398    .data               uart_communicate.o
    0x20000058   0x00000004   Data   RW          521    .data               main.o
    0x2000005c   0x00000004   Data   RW          522    .data               main.o
    0x20000060   0x00000004   Data   RW          600    .data               can.o
    0x20000064   0x00000011   Data   RW          815    .data               stm32f4xx_it.o
    0x20000075   0x00000003   PAD
    0x20000078   0x0000000c   Data   RW         1009    .data               can_commmunication.o
    0x20000084   0x0000000c   Data   RW         2228    .data               stm32f4xx_hal.o
    0x20000090   0x00000004   Data   RW         3717    .data               system_stm32f4xx.o
    0x20000094   0x00000004   Data   RW         3790    .data               mc_w.l(rand.o)
    0x20000098   0x00000004   Data   RW         3890    .data               mc_w.l(mvars.o)
    0x2000009c   0x00000004   Data   RW         3891    .data               mc_w.l(mvars.o)
    0x200000a0   0x00000004   Data   RW         3895    .data               mc_w.l(errno.o)
    0x200000a4   0x000000b8   Zero   RW          297    .bss                chassis_control.o
    0x2000015c   0x00000064   Zero   RW          397    .bss                uart_communicate.o
    0x200001c0   0x00000010   Zero   RW          493    .bss                usart2_route.o
    0x200001d0   0x00000050   Zero   RW          599    .bss                can.o
    0x20000220   0x000000c0   Zero   RW          678    .bss                tim.o
    0x200002e0   0x000003a0   Zero   RW          733    .bss                usart.o
    0x20000680   0x00000170   Zero   RW          814    .bss                stm32f4xx_it.o
    0x200007f0   0x00000200   Zero   RW            2    HEAP                startup_stm32f405xx.o
    0x200009f0   0x00000400   Zero   RW            1    STACK               startup_stm32f405xx.o


==============================================================================

Image component sizes


      Code (inc. data)   RO Data    RW Data    ZI Data      Debug   Object Name

       460         46          0          4         80       3020   can.o
       144         30          0         12          0       1993   can_commmunication.o
       808         96          0          0        184       7748   chassis_control.o
       156          4          0          0          0        850   dma.o
       164         16          0          0          0        959   gpio.o
       172         24          0          0          0       2646   led.o
       486         68          0          8          0       2651   main.o
       128          4          0         78          0       1710   remote.o
      1040         44          0          0          0     653360   robo_base.o
        36          8        392          0       1536        832   startup_stm32f405xx.o
       144         24          0         12          0       8705   stm32f4xx_hal.o
      1682          6          0          0          0      14465   stm32f4xx_hal_can.o
       198         14          0          0          0      33551   stm32f4xx_hal_cortex.o
       938         16          8          0          0       5734   stm32f4xx_hal_dma.o
       472         52          0          0          0       3316   stm32f4xx_hal_gpio.o
        48          6          0          0          0        846   stm32f4xx_hal_msp.o
      1308         72          0          0          0       4980   stm32f4xx_hal_rcc.o
      1610         72          0          0          0      14753   stm32f4xx_hal_tim.o
       148         28          0          0          0       2381   stm32f4xx_hal_tim_ex.o
      1284         28          0          0          0      10676   stm32f4xx_hal_uart.o
       480        140          0         17        368      15355   stm32f4xx_it.o
        28          6         24          4          0       1143   system_stm32f4xx.o
       648         44          0          0        192       3556   tim.o
       818        108          0          8        100       6981   uart_communicate.o
      1064         88          0          0        928       4330   usart.o
         0          0          0          0         16        213   usart2_route.o

    ----------------------------------------------------------------------
     14492       1044        460        148       3404     806754   Object Totals
         0          0         32          0          0          0   (incl. Generated)
        28          0          4          5          0          0   (incl. Padding)

    ----------------------------------------------------------------------

      Code (inc. data)   RO Data    RW Data    ZI Data      Debug   Library Member Name

       200         20          0          0          0        164   cos.o
       368         46         48          0          0        200   cos_i.o
        84         16          0          0          0        372   dunder.o
        24          0          0          0          0        124   fabs.o
        48          0          0          0          0        124   fpclassify.o
       248          0          0          0          0        152   poly.o
      1080        142        200          0          0        188   rred.o
       200         20          0          0          0        164   sin.o
       304         24         40          0          0        208   sin_i.o
       122          0          0          0          0        148   sqrt.o
         0          0          0          0          0          0   entry.o
         0          0          0          0          0          0   entry10a.o
         0          0          0          0          0          0   entry11a.o
         8          4          0          0          0          0   entry2.o
         4          0          0          0          0          0   entry5.o
         0          0          0          0          0          0   entry7b.o
         0          0          0          0          0          0   entry8b.o
         8          4          0          0          0          0   entry9a.o
        12          6          0          4          0         68   errno.o
        30          0          0          0          0          0   handlers.o
        36          8          0          0          0         68   init.o
         0          0          0          0          0          0   iusefp.o
        30          0          0          0          0         68   llshl.o
        36          0          0          0          0         68   llsshr.o
        32          0          0          0          0         68   llushr.o
       108         16          0          0          0         84   malloc.o
        36          0          0          0          0        108   memseta.o
         0          0          0          8          0          0   mvars.o
        36         10          0          4          0        136   rand.o
        98          0          0          0          0         92   uldiv.o
        56          0          0          0          0         88   d2f.o
       334          0          0          0          0        148   dadd.o
       222          0          0          0          0        100   ddiv.o
       186          0          0          0          0        176   depilogue.o
        62          0          0          0          0         80   dfixi.o
        34          0          0          0          0         76   dflti.o
        26          0          0          0          0         76   dfltui.o
       228          0          0          0          0         96   dmul.o
       162          0          0          0          0        100   dsqrt.o
        38          0          0          0          0         68   f2d.o
       110          0          0          0          0        168   fepilogue.o

    ----------------------------------------------------------------------
      4624        316        288         16          0       3780   Library Totals
        14          0          0          0          0          0   (incl. Padding)

    ----------------------------------------------------------------------

      Code (inc. data)   RO Data    RW Data    ZI Data      Debug   Library Name

      2678        268        288          0          0       1844   m_wm.l
       474         48          0         16          0        760   mc_w.l
      1458          0          0          0          0       1176   mf_w.l

    ----------------------------------------------------------------------
      4624        316        288         16          0       3780   Library Totals

    ----------------------------------------------------------------------

==============================================================================


      Code (inc. data)   RO Data    RW Data    ZI Data      Debug   

     19116       1360        748        164       3404     793102   Grand Totals
     19116       1360        748        164       3404     793102   ELF Image Totals
     19116       1360        748        164          0          0   ROM Totals

==============================================================================

    Total RO  Size (Code + RO Data)                19864 (  19.40kB)
    Total RW  Size (RW Data + ZI Data)              3568 (   3.48kB)
    Total ROM Size (Code + RO Data + RW Data)      20028 (  19.56kB)

==============================================================================

