Component: ARM Compiler 5.05 update 1 (build 106) Tool: armlink [4d0efa]

==============================================================================

Section Cross References

    startup_stm32f405xx.o(RESET) refers to startup_stm32f405xx.o(STACK) for __initial_sp
    startup_stm32f405xx.o(RESET) refers to startup_stm32f405xx.o(.text) for Reset_Handler
    startup_stm32f405xx.o(RESET) refers to stm32f4xx_it.o(i.NMI_Handler) for NMI_Handler
    startup_stm32f405xx.o(RESET) refers to stm32f4xx_it.o(i.HardFault_Handler) for HardFault_Handler
    startup_stm32f405xx.o(RESET) refers to stm32f4xx_it.o(i.MemManage_Handler) for MemManage_Handler
    startup_stm32f405xx.o(RESET) refers to stm32f4xx_it.o(i.BusFault_Handler) for BusFault_Handler
    startup_stm32f405xx.o(RESET) refers to stm32f4xx_it.o(i.UsageFault_Handler) for UsageFault_Handler
    startup_stm32f405xx.o(RESET) refers to port.o(.emb_text) for SVC_Handler
    startup_stm32f405xx.o(RESET) refers to stm32f4xx_it.o(i.DebugMon_Handler) for DebugMon_Handler
    startup_stm32f405xx.o(RESET) refers to stm32f4xx_it.o(i.SysTick_Handler) for SysTick_Handler
    startup_stm32f405xx.o(RESET) refers to stm32f4xx_it.o(i.EXTI0_IRQHandler) for EXTI0_IRQHandler
    startup_stm32f405xx.o(RESET) refers to stm32f4xx_it.o(i.DMA1_Stream5_IRQHandler) for DMA1_Stream5_IRQHandler
    startup_stm32f405xx.o(RESET) refers to stm32f4xx_it.o(i.DMA1_Stream6_IRQHandler) for DMA1_Stream6_IRQHandler
    startup_stm32f405xx.o(RESET) refers to stm32f4xx_it.o(i.CAN1_RX0_IRQHandler) for CAN1_RX0_IRQHandler
    startup_stm32f405xx.o(RESET) refers to stm32f4xx_it.o(i.TIM3_IRQHandler) for TIM3_IRQHandler
    startup_stm32f405xx.o(RESET) refers to stm32f4xx_it.o(i.USART1_IRQHandler) for USART1_IRQHandler
    startup_stm32f405xx.o(RESET) refers to stm32f4xx_it.o(i.USART2_IRQHandler) for USART2_IRQHandler
    startup_stm32f405xx.o(RESET) refers to stm32f4xx_it.o(i.DMA2_Stream2_IRQHandler) for DMA2_Stream2_IRQHandler
    startup_stm32f405xx.o(.text) refers to system_stm32f4xx.o(i.SystemInit) for SystemInit
    startup_stm32f405xx.o(.text) refers to entry.o(.ARM.Collect$$$$00000000) for __main
    chassis_control.o(i.chassis_control) refers to memcpya.o(.text) for __aeabi_memcpy
    chassis_control.o(i.chassis_control) refers to chassis_control.o(i.chassis_speed_analysis) for chassis_speed_analysis
    chassis_control.o(i.chassis_control) refers to robo_base.o(i.PID_Send) for PID_Send
    chassis_control.o(i.chassis_control) refers to robo_base.o(i.SystemIO_Usart_ToString) for SystemIO_Usart_ToString
    chassis_control.o(i.chassis_control) refers to remote.o(.data) for RC_CtrlData
    chassis_control.o(i.chassis_control) refers to stm32f4xx_it.o(.bss) for Robo_Base
    chassis_control.o(i.chassis_control) refers to chassis_control.o(.data) for .data
    chassis_control.o(i.chassis_speed_analysis) refers to dflti.o(.text) for __aeabi_i2d
    chassis_control.o(i.chassis_speed_analysis) refers to sqrt.o(i.__hardfp_sqrt) for __hardfp_sqrt
    chassis_control.o(i.chassis_speed_analysis) refers to dmul.o(.text) for __aeabi_dmul
    chassis_control.o(i.chassis_speed_analysis) refers to ddiv.o(.text) for __aeabi_ddiv
    chassis_control.o(i.chassis_speed_analysis) refers to f2d.o(.text) for __aeabi_f2d
    chassis_control.o(i.chassis_speed_analysis) refers to dadd.o(.text) for __aeabi_dsub
    chassis_control.o(i.chassis_speed_analysis) refers to d2f.o(.text) for __aeabi_d2f
    chassis_control.o(i.chassis_speed_analysis) refers to chassis_control.o(.bss) for .bss
    robo_base.o(i.BASE_Init) refers to robo_base.o(i.PID_Init) for PID_Init
    robo_base.o(i.Motor_Speed_Analysis) refers to robo_base.o(i.Speed_Info_Analysis) for Speed_Info_Analysis
    robo_base.o(i.PID_Send) refers to robo_base.o(i.PID_Speed_Cal) for PID_Speed_Cal
    robo_base.o(i.PID_Send) refers to robo_base.o(i.Send_To_Motor_) for Send_To_Motor_
    robo_base.o(i.PID_Send) refers to can.o(.bss) for hcan1
    robo_base.o(i.Send_To_Motor_) refers to stm32f4xx_hal_can.o(i.HAL_CAN_AddTxMessage) for HAL_CAN_AddTxMessage
    robo_base.o(i.Send_To_Motor_) refers to main.o(i.Error_Handler) for Error_Handler
    remote.o(i.RemoteDataProcess) refers to remote.o(.data) for .data
    remote.o(i.Remote_Init) refers to stm32f4xx_hal_uart.o(i.HAL_UART_Receive_DMA) for HAL_UART_Receive_DMA
    remote.o(i.Remote_Init) refers to usart.o(.bss) for huart1
    remote.o(i.Remote_Init) refers to remote.o(.bss) for .bss
    remote.o(i.Usart_Receive_IDLE) refers to stm32f4xx_hal_uart.o(i.HAL_UART_Receive_DMA) for HAL_UART_Receive_DMA
    remote.o(i.Usart_Receive_IDLE) refers to remote.o(i.RemoteDataProcess) for RemoteDataProcess
    remote.o(i.Usart_Receive_IDLE) refers to usart.o(.bss) for hdma_usart1_rx
    remote.o(i.Usart_Receive_IDLE) refers to remote.o(.data) for .data
    remote.o(i.Usart_Receive_IDLE) refers to remote.o(.bss) for .bss
    main.o(i.Send_To_Motor) refers to stm32f4xx_hal_can.o(i.HAL_CAN_AddTxMessage) for HAL_CAN_AddTxMessage
[...]
    ..\\Core\\Src\\led.c                     0x00000000   Number         0  led.o ABSOLUTE
    ..\\Core\\Src\\remote.c                  0x00000000   Number         0  remote.o ABSOLUTE
    ..\\Core\\Src\\robo_base.c               0x00000000   Number         0  robo_base.o ABSOLUTE
    cdcmple.s                                0x00000000   Number         0  cdcmple.o ABSOLUTE
    dc.s                                     0x00000000   Number         0  dc.o ABSOLUTE
    handlers.s                               0x00000000   Number         0  handlers.o ABSOLUTE
    init.s                                   0x00000000   Number         0  init.o ABSOLUTE
    startup_stm32f405xx.s                    0x00000000   Number         0  startup_stm32f405xx.o ABSOLUTE
    RESET                                    0x08000000   Section      392  startup_stm32f405xx.o(RESET)
    .ARM.Collect$$$$00000000                 0x08000188   Section        0  entry.o(.ARM.Collect$$$$00000000)
    .ARM.Collect$$$$00000001                 0x08000188   Section        4  entry2.o(.ARM.Collect$$$$00000001)
    .ARM.Collect$$$$00000004                 0x0800018c   Section        4  entry5.o(.ARM.Collect$$$$00000004)
    .ARM.Collect$$$$00000008                 0x08000190   Section        0  entry7b.o(.ARM.Collect$$$$00000008)
    .ARM.Collect$$$$0000000A                 0x08000190   Section        0  entry8b.o(.ARM.Collect$$$$0000000A)
    .ARM.Collect$$$$0000000B                 0x08000190   Section        8  entry9a.o(.ARM.Collect$$$$0000000B)
    .ARM.Collect$$$$0000000D                 0x08000198   Section        0  entry10a.o(.ARM.Collect$$$$0000000D)
    .ARM.Collect$$$$0000000F                 0x08000198   Section        0  entry11a.o(.ARM.Collect$$$$0000000F)
    .ARM.Collect$$$$00002712                 0x08000198   Section        4  entry2.o(.ARM.Collect$$$$00002712)
    __lit__00000000                          0x08000198   Data           4  entry2.o(.ARM.Collect$$$$00002712)
    .emb_text                                0x0800019c   Section      190  port.o(.emb_text)
    $v0                                      0x0800019c   Number         0  port.o(.emb_text)
    .text                                    0x0800025c   Section       36  startup_stm32f405xx.o(.text)
    $v0                                      0x0800025c   Number         0  startup_stm32f405xx.o(.text)
    .text                                    0x08000280   Section        0  uldiv.o(.text)
    .text                                    0x080002e2   Section        0  memcpya.o(.text)
    .text                                    0x08000306   Section        0  memseta.o(.text)
    .text                                    0x0800032a   Section        0  dadd.o(.text)
    .text                                    0x08000478   Section        0  dmul.o(.text)
    .text                                    0x0800055c   Section        0  ddiv.o(.text)
    .text                                    0x0800063a   Section        0  dflti.o(.text)
    .text                                    0x0800065c   Section        0  f2d.o(.text)
    .text                                    0x08000682   Section        0  d2f.o(.text)
    .text                                    0x080006ba   Section        0  llshl.o(.text)
    .text                                    0x080006d8   Section        0  llushr.o(.text)
    .text                                    0x080006f8   Section        0  llsshr.o(.text)
    .text                                    0x0800071c   Section        0  fepilogue.o(.text)
    .text                                    0x0800071c   Section        0  iusefp.o(.text)
    .text                                    0x0800078a   Section        0  depilogue.o(.text)
    .text                                    0x08000844   Section        0  dsqrt.o(.text)
    .text                                    0x080008e8   Section       36  init.o(.text)
    i.BASE_Init                              0x0800090c   Section        0  robo_base.o(i.BASE_Init)
    i.BusFault_Handler                       0x080009b4   Section        0  stm32f4xx_it.o(i.BusFault_Handler)
    i.CAN1_RX0_IRQHandler                    0x080009b8   Section        0  stm32f4xx_it.o(i.CAN1_RX0_IRQHandler)
    i.CAN_Filter_Init                        0x080009fc   Section        0  can.o(i.CAN_Filter_Init)
    i.DMA1_Stream5_IRQHandler                0x08000a28   Section        0  stm32f4xx_it.o(i.DMA1_Stream5_IRQHandler)
    i.DMA1_Stream6_IRQHandler                0x08000a34   Section        0  stm32f4xx_it.o(i.DMA1_Stream6_IRQHandler)
    i.DMA2_Stream2_IRQHandler                0x08000a40   Section        0  stm32f4xx_it.o(i.DMA2_Stream2_IRQHandler)
    i.DMA_CalcBaseAndBitshift                0x08000a4c   Section        0  stm32f4xx_hal_dma.o(i.DMA_CalcBaseAndBitshift)
    DMA_CalcBaseAndBitshift                  0x08000a4d   Thumb Code    34  stm32f4xx_hal_dma.o(i.DMA_CalcBaseAndBitshift)
    i.DMA_CheckFifoParam                     0x08000a74   Section        0  stm32f4xx_hal_dma.o(i.DMA_CheckFifoParam)
    DMA_CheckFifoParam                       0x08000a75   Thumb Code    84  stm32f4xx_hal_dma.o(i.DMA_CheckFifoParam)
    i.DMA_SetConfig                          0x08000ac8   Section        0  stm32f4xx_hal_dma.o(i.DMA_SetConfig)
    DMA_SetConfig                            0x08000ac9   Thumb Code    40  stm32f4xx_hal_dma.o(i.DMA_SetConfig)
    i.DebugMon_Handler                       0x08000af0   Section        0  stm32f4xx_it.o(i.DebugMon_Handler)
    i.EXTI0_IRQHandler                       0x08000af4   Section        0  stm32f4xx_it.o(i.EXTI0_IRQHandler)
    i.Error_Handler                          0x08000b08   Section        0  main.o(i.Error_Handler)
    i.GREED_ALL_Shine                        0x08000b0c   Section        0  led.o(i.GREED_ALL_Shine)
    i.GREEN_Quick_Shine                      0x08000b2c   Section        0  led.o(i.GREEN_Quick_Shine)
    i.HAL_CAN_ActivateNotification           0x08000b68   Section        0  stm32f4xx_hal_can.o(i.HAL_CAN_ActivateNotification)
    i.HAL_CAN_AddTxMessage                   0x08000b8c   Section        0  stm32f4xx_hal_can.o(i.HAL_CAN_AddTxMessage)
    i.HAL_CAN_ConfigFilter                   0x08000c54   Section        0  stm32f4xx_hal_can.o(i.HAL_CAN_ConfigFilter)
    i.HAL_CAN_ErrorCallback                  0x08000d60   Section        0  stm32f4xx_hal_can.o(i.HAL_CAN_ErrorCallback)
    i.HAL_CAN_GetRxMessage                   0x08000d62   Section        0  stm32f4xx_hal_can.o(i.HAL_CAN_GetRxMessage)
    i.HAL_CAN_IRQHandler                     0x08000e4a   Section        0  stm32f4xx_hal_can.o(i.HAL_CAN_IRQHandler)
    i.HAL_CAN_Init                           0x08001046   Section        0  stm32f4xx_hal_can.o(i.HAL_CAN_Init)
    i.HAL_CAN_MspInit                        0x08001160   Section        0  can.o(i.HAL_CAN_MspInit)
    i.HAL_CAN_RxFifo0FullCallback            0x080011dc   Section        0  stm32f4xx_hal_can.o(i.HAL_CAN_RxFifo0FullCallback)
    i.HAL_CAN_RxFifo0MsgPendingCallback      0x080011de   Section        0  stm32f4xx_hal_can.o(i.HAL_CAN_RxFifo0MsgPendingCallback)
    i.HAL_CAN_RxFifo1FullCallback            0x080011e0   Section        0  stm32f4xx_hal_can.o(i.HAL_CAN_RxFifo1FullCallback)
    i.HAL_CAN_RxFifo1MsgPendingCallback      0x080011e2   Section        0  stm32f4xx_hal_can.o(i.HAL_CAN_RxFifo1MsgPendingCallback)
    i.HAL_CAN_SleepCallback                  0x080011e4   Section        0  stm32f4xx_hal_can.o(i.HAL_CAN_SleepCallback)
    i.HAL_CAN_Start                          0x080011e8   Section        0  stm32f4xx_hal_can.o(i.HAL_CAN_Start)
    i.HAL_CAN_TxMailbox0AbortCallback        0x08001240   Section        0  stm32f4xx_hal_can.o(i.HAL_CAN_TxMailbox0AbortCallback)
    i.HAL_CAN_TxMailbox0CompleteCallback     0x08001242   Section        0  stm32f4xx_hal_can.o(i.HAL_CAN_TxMailbox0CompleteCallback)
    i.HAL_CAN_TxMailbox1AbortCallback        0x08001244   Section        0  stm32f4xx_hal_can.o(i.HAL_CAN_TxMailbox1AbortCallback)
    i.HAL_CAN_TxMailbox1CompleteCallback     0x08001246   Section        0  stm32f4xx_hal_can.o(i.HAL_CAN_TxMailbox1CompleteCallback)
    i.HAL_CAN_TxMailbox2AbortCallback        0x08001248   Section        0  stm32f4xx_hal_can.o(i.HAL_CAN_TxMailbox2AbortCallback)
    i.HAL_CAN_TxMailbox2CompleteCallback     0x0800124a   Section        0  stm32f4xx_hal_can.o(i.HAL_CAN_TxMailbox2CompleteCallback)
    i.HAL_CAN_WakeUpFromRxMsgCallback        0x0800124c   Section        0  stm32f4xx_hal_can.o(i.HAL_CAN_WakeUpFromRxMsgCallback)
    i.HAL_DMA_Abort_IT                       0x0800124e   Section        0  stm32f4xx_hal_dma.o(i.HAL_DMA_Abort_IT)
    i.HAL_DMA_IRQHandler                     0x08001274   Section        0  stm32f4xx_hal_dma.o(i.HAL_DMA_IRQHandler)
    i.HAL_DMA_Init                           0x08001414   Section        0  stm32f4xx_hal_dma.o(i.HAL_DMA_Init)
    i.HAL_DMA_Start_IT                       0x080014e8   Section        0  stm32f4xx_hal_dma.o(i.HAL_DMA_Start_IT)
    i.HAL_GPIO_EXTI_Callback                 0x08001556   Section        0  stm32f4xx_hal_gpio.o(i.HAL_GPIO_EXTI_Callback)
    i.HAL_GPIO_EXTI_IRQHandler               0x08001558   Section        0  stm32f4xx_hal_gpio.o(i.HAL_GPIO_EXTI_IRQHandler)
    i.HAL_GPIO_Init                          0x08001570   Section        0  stm32f4xx_hal_gpio.o(i.HAL_GPIO_Init)
    i.HAL_GPIO_WritePin                      0x08001728   Section        0  stm32f4xx_hal_gpio.o(i.HAL_GPIO_WritePin)
    i.HAL_GetTick                            0x08001734   Section        0  stm32f4xx_hal.o(i.HAL_GetTick)
    i.HAL_IncTick                            0x08001740   Section        0  stm32f4xx_hal.o(i.HAL_IncTick)
    i.HAL_Init                               0x08001750   Section        0  stm32f4xx_hal.o(i.HAL_Init)
    i.HAL_InitTick                           0x08001784   Section        0  stm32f4xx_hal.o(i.HAL_InitTick)
    i.HAL_MspInit                            0x080017c4   Section        0  stm32f4xx_hal_msp.o(i.HAL_MspInit)
    i.HAL_NVIC_EnableIRQ                     0x080017fc   Section        0  stm32f4xx_hal_cortex.o(i.HAL_NVIC_EnableIRQ)
    i.HAL_NVIC_SetPriority                   0x08001818   Section        0  stm32f4xx_hal_cortex.o(i.HAL_NVIC_SetPriority)
    i.HAL_NVIC_SetPriorityGrouping           0x08001858   Section        0  stm32f4xx_hal_cortex.o(i.HAL_NVIC_SetPriorityGrouping)
    i.HAL_RCC_ClockConfig                    0x0800187c   Section        0  stm32f4xx_hal_rcc.o(i.HAL_RCC_ClockConfig)
    i.HAL_RCC_GetPCLK1Freq                   0x080019b0   Section        0  stm32f4xx_hal_rcc.o(i.HAL_RCC_GetPCLK1Freq)
    i.HAL_RCC_GetPCLK2Freq                   0x080019d0   Section        0  stm32f4xx_hal_rcc.o(i.HAL_RCC_GetPCLK2Freq)
    i.HAL_RCC_GetSysClockFreq                0x080019f0   Section        0  stm32f4xx_hal_rcc.o(i.HAL_RCC_GetSysClockFreq)
    i.HAL_RCC_OscConfig                      0x08001a50   Section        0  stm32f4xx_hal_rcc.o(i.HAL_RCC_OscConfig)
    i.HAL_SYSTICK_Config                     0x08001dac   Section        0  stm32f4xx_hal_cortex.o(i.HAL_SYSTICK_Config)
    i.HAL_TIMEx_BreakCallback                0x08001dd4   Section        0  stm32f4xx_hal_tim_ex.o(i.HAL_TIMEx_BreakCallback)
    i.HAL_TIMEx_CommutCallback               0x08001dd6   Section        0  stm32f4xx_hal_tim_ex.o(i.HAL_TIMEx_CommutCallback)
    i.HAL_TIMEx_MasterConfigSynchronization  0x08001dd8   Section        0  stm32f4xx_hal_tim_ex.o(i.HAL_TIMEx_MasterConfigSynchronization)
    i.HAL_TIM_Base_Init                      0x08001e68   Section        0  stm32f4xx_hal_tim.o(i.HAL_TIM_Base_Init)
    i.HAL_TIM_Base_MspInit                   0x08001ea0   Section        0  tim.o(i.HAL_TIM_Base_MspInit)
    i.HAL_TIM_Base_Start_IT                  0x08001edc   Section        0  stm32f4xx_hal_tim.o(i.HAL_TIM_Base_Start_IT)
    i.HAL_TIM_ConfigClockSource              0x08001efe   Section        0  stm32f4xx_hal_tim.o(i.HAL_TIM_ConfigClockSource)
    i.HAL_TIM_IC_CaptureCallback             0x08001fd4   Section        0  stm32f4xx_hal_tim.o(i.HAL_TIM_IC_CaptureCallback)
    i.HAL_TIM_IRQHandler                     0x08001fd6   Section        0  stm32f4xx_hal_tim.o(i.HAL_TIM_IRQHandler)
    i.HAL_TIM_OC_DelayElapsedCallback        0x0800213c   Section        0  stm32f4xx_hal_tim.o(i.HAL_TIM_OC_DelayElapsedCallback)
    i.HAL_TIM_PWM_PulseFinishedCallback      0x0800213e   Section        0  stm32f4xx_hal_tim.o(i.HAL_TIM_PWM_PulseFinishedCallback)
    i.HAL_TIM_PeriodElapsedCallback          0x08002140   Section        0  stm32f4xx_hal_tim.o(i.HAL_TIM_PeriodElapsedCallback)
    i.HAL_TIM_TriggerCallback                0x08002142   Section        0  stm32f4xx_hal_tim.o(i.HAL_TIM_TriggerCallback)
    i.HAL_UART_ErrorCallback                 0x08002144   Section        0  stm32f4xx_hal_uart.o(i.HAL_UART_ErrorCallback)
    i.HAL_UART_IRQHandler                    0x08002148   Section        0  stm32f4xx_hal_uart.o(i.HAL_UART_IRQHandler)
    i.HAL_UART_Init                          0x0800225c   Section        0  stm32f4xx_hal_uart.o(i.HAL_UART_Init)
    i.HAL_UART_MspInit                       0x080022c0   Section        0  usart.o(i.HAL_UART_MspInit)
    i.HAL_UART_Receive_DMA                   0x08002430   Section        0  stm32f4xx_hal_uart.o(i.HAL_UART_Receive_DMA)
    i.HAL_UART_RxCpltCallback                0x080024c8   Section        0  stm32f4xx_hal_uart.o(i.HAL_UART_RxCpltCallback)
    i.HAL_UART_RxHalfCpltCallback            0x080024ca   Section        0  stm32f4xx_hal_uart.o(i.HAL_UART_RxHalfCpltCallback)
    i.HAL_UART_Transmit_DMA                  0x080024cc   Section        0  stm32f4xx_hal_uart.o(i.HAL_UART_Transmit_DMA)
    i.HAL_UART_TxCpltCallback                0x0800254c   Section        0  stm32f4xx_hal_uart.o(i.HAL_UART_TxCpltCallback)
    i.HAL_UART_TxHalfCpltCallback            0x0800254e   Section        0  stm32f4xx_hal_uart.o(i.HAL_UART_TxHalfCpltCallback)
    i.HardFault_Handler                      0x08002550   Section        0  stm32f4xx_it.o(i.HardFault_Handler)
    i.LED_ALL_Shine                          0x08002554   Section        0  led.o(i.LED_ALL_Shine)
    i.LED_Task                               0x08002564   Section        0  led.o(i.LED_Task)
    i.MX_CAN1_Init                           0x08002584   Section        0  can.o(i.MX_CAN1_Init)
    i.MX_DMA_Init                            0x080025c8   Section        0  dma.o(i.MX_DMA_Init)
    i.MX_FREERTOS_Init                       0x08002624   Section        0  freertos.o(i.MX_FREERTOS_Init)
    i.MX_GPIO_Init                           0x08002660   Section        0  gpio.o(i.MX_GPIO_Init)
    i.MX_TIM3_Init                           0x08002704   Section        0  tim.o(i.MX_TIM3_Init)
    i.MX_USART1_UART_Init                    0x0800276c   Section        0  usart.o(i.MX_USART1_UART_Init)
    i.MX_USART2_UART_Init                    0x080027a4   Section        0  usart.o(i.MX_USART2_UART_Init)
    i.MemManage_Handler                      0x080027dc   Section        0  stm32f4xx_it.o(i.MemManage_Handler)
    i.Motor_Speed_Analysis                   0x080027de   Section        0  robo_base.o(i.Motor_Speed_Analysis)
    i.NMI_Handler                            0x080027fe   Section        0  stm32f4xx_it.o(i.NMI_Handler)
    i.PID_Init                               0x08002800   Section        0  robo_base.o(i.PID_Init)
    i.PID_Send                               0x08002834   Section        0  robo_base.o(i.PID_Send)
    i.PID_Speed_Cal                          0x08002868   Section        0  robo_base.o(i.PID_Speed_Cal)
    i.RED_ALL_Shine                          0x080029b0   Section        0  led.o(i.RED_ALL_Shine)
    i.RemoteDataProcess                      0x080029d0   Section        0  remote.o(i.RemoteDataProcess)
    i.Remote_Init                            0x08002a50   Section        0  remote.o(i.Remote_Init)
    i.Send_To_Motor_                         0x08002a70   Section        0  robo_base.o(i.Send_To_Motor_)
    i.Speed_Info_Analysis                    0x08002a9e   Section        0  robo_base.o(i.Speed_Info_Analysis)
    i.StartDefaultTask                       0x08002ab0   Section        0  freertos.o(i.StartDefaultTask)
    i.StartTask02                            0x08002ab8   Section        0  freertos.o(i.StartTask02)
    i.SysTick_Handler                        0x08002ac4   Section        0  stm32f4xx_it.o(i.SysTick_Handler)
    i.SystemClock_Config                     0x08002adc   Section        0  main.o(i.SystemClock_Config)
    i.SystemIO_Usart_ToString                0x08002b60   Section        0  robo_base.o(i.SystemIO_Usart_ToString)
    i.SystemInit                             0x08002cd8   Section        0  system_stm32f4xx.o(i.SystemInit)
    i.TIM3_IRQHandler                        0x08002cf4   Section        0  stm32f4xx_it.o(i.TIM3_IRQHandler)
    i.TIM_Base_SetConfig                     0x08002d2c   Section        0  stm32f4xx_hal_tim.o(i.TIM_Base_SetConfig)
    i.TIM_ETR_SetConfig                      0x08002df4   Section        0  stm32f4xx_hal_tim.o(i.TIM_ETR_SetConfig)
    i.TIM_ITRx_SetConfig                     0x08002e08   Section        0  stm32f4xx_hal_tim.o(i.TIM_ITRx_SetConfig)
    TIM_ITRx_SetConfig                       0x08002e09   Thumb Code    16  stm32f4xx_hal_tim.o(i.TIM_ITRx_SetConfig)
    i.TIM_TI1_ConfigInputStage               0x08002e18   Section        0  stm32f4xx_hal_tim.o(i.TIM_TI1_ConfigInputStage)
    TIM_TI1_ConfigInputStage                 0x08002e19   Thumb Code    34  stm32f4xx_hal_tim.o(i.TIM_TI1_ConfigInputStage)
    i.TIM_TI2_ConfigInputStage               0x08002e3a   Section        0  stm32f4xx_hal_tim.o(i.TIM_TI2_ConfigInputStage)
    TIM_TI2_ConfigInputStage                 0x08002e3b   Thumb Code    36  stm32f4xx_hal_tim.o(i.TIM_TI2_ConfigInputStage)
    i.UART_DMAAbortOnError                   0x08002e5e   Section        0  stm32f4xx_hal_uart.o(i.UART_DMAAbortOnError)
    UART_DMAAbortOnError                     0x08002e5f   Thumb Code    16  stm32f4xx_hal_uart.o(i.UART_DMAAbortOnError)
    i.UART_DMAError                          0x08002e6e   Section        0  stm32f4xx_hal_uart.o(i.UART_DMAError)
    UART_DMAError                            0x08002e6f   Thumb Code    74  stm32f4xx_hal_uart.o(i.UART_DMAError)
    i.UART_DMAReceiveCplt                    0x08002eb8   Section        0  stm32f4xx_hal_uart.o(i.UART_DMAReceiveCplt)
    UART_DMAReceiveCplt                      0x08002eb9   Thumb Code    60  stm32f4xx_hal_uart.o(i.UART_DMAReceiveCplt)
    i.UART_DMARxHalfCplt                     0x08002ef4   Section        0  stm32f4xx_hal_uart.o(i.UART_DMARxHalfCplt)
    UART_DMARxHalfCplt                       0x08002ef5   Thumb Code    10  stm32f4xx_hal_uart.o(i.UART_DMARxHalfCplt)
    i.UART_DMATransmitCplt                   0x08002efe   Section        0  stm32f4xx_hal_uart.o(i.UART_DMATransmitCplt)
    UART_DMATransmitCplt                     0x08002eff   Thumb Code    46  stm32f4xx_hal_uart.o(i.UART_DMATransmitCplt)
    i.UART_DMATxHalfCplt                     0x08002f2c   Section        0  stm32f4xx_hal_uart.o(i.UART_DMATxHalfCplt)
    UART_DMATxHalfCplt                       0x08002f2d   Thumb Code    10  stm32f4xx_hal_uart.o(i.UART_DMATxHalfCplt)
    i.UART_EndRxTransfer                     0x08002f36   Section        0  stm32f4xx_hal_uart.o(i.UART_EndRxTransfer)
    UART_EndRxTransfer                       0x08002f37   Thumb Code    28  stm32f4xx_hal_uart.o(i.UART_EndRxTransfer)
    i.UART_EndTxTransfer                     0x08002f52   Section        0  stm32f4xx_hal_uart.o(i.UART_EndTxTransfer)
    UART_EndTxTransfer                       0x08002f53   Thumb Code    18  stm32f4xx_hal_uart.o(i.UART_EndTxTransfer)
    i.UART_Receive_IT                        0x08002f64   Section        0  stm32f4xx_hal_uart.o(i.UART_Receive_IT)
    UART_Receive_IT                          0x08002f65   Thumb Code   150  stm32f4xx_hal_uart.o(i.UART_Receive_IT)
    i.UART_SetConfig                         0x08002ffc   Section        0  stm32f4xx_hal_uart.o(i.UART_SetConfig)
    UART_SetConfig                           0x08002ffd   Thumb Code   286  stm32f4xx_hal_uart.o(i.UART_SetConfig)
    i.UART_Transmit_IT                       0x08003124   Section        0  stm32f4xx_hal_uart.o(i.UART_Transmit_IT)
    UART_Transmit_IT                         0x08003125   Thumb Code    98  stm32f4xx_hal_uart.o(i.UART_Transmit_IT)
    i.USART1_IRQHandler                      0x08003188   Section        0  stm32f4xx_it.o(i.USART1_IRQHandler)
    i.USART2_IRQHandler                      0x080031a0   Section        0  stm32f4xx_it.o(i.USART2_IRQHandler)
    i.UsageFault_Handler                     0x080031ac   Section        0  stm32f4xx_it.o(i.UsageFault_Handler)
    i.Usart_Receive_IDLE                     0x080031b0   Section        0  remote.o(i.Usart_Receive_IDLE)
    i.__NVIC_SetPriority                     0x08003234   Section        0  stm32f4xx_hal_cortex.o(i.__NVIC_SetPriority)
    __NVIC_SetPriority                       0x08003235   Thumb Code    32  stm32f4xx_hal_cortex.o(i.__NVIC_SetPriority)
    i.__hardfp_sqrt                          0x08003254   Section        0  sqrt.o(i.__hardfp_sqrt)
    i.__scatterload_copy                     0x080032ce   Section       14  handlers.o(i.__scatterload_copy)
    i.__scatterload_null                     0x080032dc   Section        2  handlers.o(i.__scatterload_null)
    i.__scatterload_zeroinit                 0x080032de   Section       14  handlers.o(i.__scatterload_zeroinit)
    i.__set_errno                            0x080032ec   Section        0  errno.o(i.__set_errno)
    i.chassis_control                        0x080032f8   Section        0  chassis_control.o(i.chassis_control)
    i.chassis_speed_analysis                 0x08003340   Section        0  chassis_control.o(i.chassis_speed_analysis)
    i.main                                   0x0800349c   Section        0  main.o(i.main)
    i.makeFreeRtosPriority                   0x080034f4   Section        0  cmsis_os.o(i.makeFreeRtosPriority)
    makeFreeRtosPriority                     0x080034f5   Thumb Code    12  cmsis_os.o(i.makeFreeRtosPriority)
    i.osDelay                                0x08003500   Section        0  cmsis_os.o(i.osDelay)
    i.osKernelStart                          0x0800350e   Section        0  cmsis_os.o(i.osKernelStart)
    i.osThreadCreate                         0x08003518   Section        0  cmsis_os.o(i.osThreadCreate)
    i.prvAddCurrentTaskToDelayedList         0x0800356c   Section        0  tasks.o(i.prvAddCurrentTaskToDelayedList)
    prvAddCurrentTaskToDelayedList           0x0800356d   Thumb Code   102  tasks.o(i.prvAddCurrentTaskToDelayedList)
    i.prvAddNewTaskToReadyList               0x080035dc   Section        0  tasks.o(i.prvAddNewTaskToReadyList)
    prvAddNewTaskToReadyList                 0x080035dd   Thumb Code   194  tasks.o(i.prvAddNewTaskToReadyList)
    i.prvDeleteTCB                           0x080036ac   Section        0  tasks.o(i.prvDeleteTCB)
    prvDeleteTCB                             0x080036ad   Thumb Code    52  tasks.o(i.prvDeleteTCB)
    i.prvHeapInit                            0x080036e0   Section        0  heap_4.o(i.prvHeapInit)
    prvHeapInit                              0x080036e1   Thumb Code    66  heap_4.o(i.prvHeapInit)
    i.prvIdleTask                            0x0800372c   Section        0  tasks.o(i.prvIdleTask)
    prvIdleTask                              0x0800372d   Thumb Code    82  tasks.o(i.prvIdleTask)
    i.prvInitialiseNewTask                   0x0800378c   Section        0  tasks.o(i.prvInitialiseNewTask)
    prvInitialiseNewTask                     0x0800378d   Thumb Code   152  tasks.o(i.prvInitialiseNewTask)
    i.prvInsertBlockIntoFreeList             0x08003824   Section        0  heap_4.o(i.prvInsertBlockIntoFreeList)
    prvInsertBlockIntoFreeList               0x08003825   Thumb Code    72  heap_4.o(i.prvInsertBlockIntoFreeList)
    i.prvResetNextTaskUnblockTime            0x08003870   Section        0  tasks.o(i.prvResetNextTaskUnblockTime)
    prvResetNextTaskUnblockTime              0x08003871   Thumb Code    26  tasks.o(i.prvResetNextTaskUnblockTime)
    i.prvTaskExitError                       0x08003890   Section        0  port.o(i.prvTaskExitError)
    prvTaskExitError                         0x08003891   Thumb Code    36  port.o(i.prvTaskExitError)
    i.pvPortMalloc                           0x080038b8   Section        0  heap_4.o(i.pvPortMalloc)
    i.pxPortInitialiseStack                  0x08003990   Section        0  port.o(i.pxPortInitialiseStack)
    i.uxListRemove                           0x080039bc   Section        0  list.o(i.uxListRemove)
    i.vApplicationGetIdleTaskMemory          0x080039e4   Section        0  freertos.o(i.vApplicationGetIdleTaskMemory)
    i.vListInitialise                        0x080039f8   Section        0  list.o(i.vListInitialise)
    i.vListInitialiseItem                    0x08003a0e   Section        0  list.o(i.vListInitialiseItem)
    i.vListInsert                            0x08003a14   Section        0  list.o(i.vListInsert)
    i.vListInsertEnd                         0x08003a44   Section        0  list.o(i.vListInsertEnd)
    i.vPortEnterCritical                     0x08003a5c   Section        0  port.o(i.vPortEnterCritical)
    i.vPortExitCritical                      0x08003a9c   Section        0  port.o(i.vPortExitCritical)
    i.vPortFree                              0x08003ac4   Section        0  heap_4.o(i.vPortFree)
    i.vPortSetupTimerInterrupt               0x08003b20   Section        0  port.o(i.vPortSetupTimerInterrupt)
    i.vTaskDelay                             0x08003b44   Section        0  tasks.o(i.vTaskDelay)
    i.vTaskStartScheduler                    0x08003b90   Section        0  tasks.o(i.vTaskStartScheduler)
    i.vTaskSuspendAll                        0x08003bfc   Section        0  tasks.o(i.vTaskSuspendAll)
    i.vTaskSwitchContext                     0x08003c0c   Section        0  tasks.o(i.vTaskSwitchContext)
    i.xPortStartScheduler                    0x08003c68   Section        0  port.o(i.xPortStartScheduler)
    i.xPortSysTickHandler                    0x08003d5c   Section        0  port.o(i.xPortSysTickHandler)
    i.xTaskCreate                            0x08003d88   Section        0  tasks.o(i.xTaskCreate)
    i.xTaskCreateStatic                      0x08003de2   Section        0  tasks.o(i.xTaskCreateStatic)
    i.xTaskGetSchedulerState                 0x08003e38   Section        0  tasks.o(i.xTaskGetSchedulerState)
    i.xTaskIncrementTick                     0x08003e54   Section        0  tasks.o(i.xTaskIncrementTick)
    i.xTaskResumeAll                         0x08003f1c   Section        0  tasks.o(i.xTaskResumeAll)
    .constdata                               0x08003fe0   Section       56  freertos.o(.constdata)
    .constdata                               0x08004018   Section        8  stm32f4xx_hal_dma.o(.constdata)
    flagBitshiftOffset                       0x08004018   Data           8  stm32f4xx_hal_dma.o(.constdata)
    .constdata                               0x08004020   Section       16  system_stm32f4xx.o(.constdata)
    .constdata                               0x08004030   Section        8  system_stm32f4xx.o(.constdata)
    .conststring                             0x08004038   Section       24  freertos.o(.conststring)
    .data                                    0x20000000   Section        8  chassis_control.o(.data)
    .data                                    0x20000008   Section       80  remote.o(.data)
    .data                                    0x20000058   Section        4  main.o(.data)
    .data                                    0x2000005c   Section        4  main.o(.data)
    .data                                    0x20000060   Section        8  freertos.o(.data)
    .data                                    0x20000068   Section        1  stm32f4xx_it.o(.data)
    .data                                    0x2000006c   Section       12  stm32f4xx_hal.o(.data)
    .data                                    0x20000078   Section        4  system_stm32f4xx.o(.data)
    .data                                    0x2000007c   Section       60  tasks.o(.data)
    pxDelayedTaskList                        0x20000080   Data           4  tasks.o(.data)
    pxOverflowDelayedTaskList                0x20000084   Data           4  tasks.o(.data)
    uxDeletedTasksWaitingCleanUp             0x20000088   Data           4  tasks.o(.data)
    uxCurrentNumberOfTasks                   0x2000008c   Data           4  tasks.o(.data)
    xTickCount                               0x20000090   Data           4  tasks.o(.data)
    uxTopReadyPriority                       0x20000094   Data           4  tasks.o(.data)
    xSchedulerRunning                        0x20000098   Data           4  tasks.o(.data)
    uxPendedTicks                            0x2000009c   Data           4  tasks.o(.data)
    xYieldPending                            0x200000a0   Data           4  tasks.o(.data)
    xNumOfOverflows                          0x200000a4   Data           4  tasks.o(.data)
    uxTaskNumber                             0x200000a8   Data           4  tasks.o(.data)
    xNextTaskUnblockTime                     0x200000ac   Data           4  tasks.o(.data)
    xIdleTaskHandle                          0x200000b0   Data           4  tasks.o(.data)
    uxSchedulerSuspended                     0x200000b4   Data           4  tasks.o(.data)
    .data                                    0x200000b8   Section       24  heap_4.o(.data)
    pxEnd                                    0x200000b8   Data           4  heap_4.o(.data)
    xFreeBytesRemaining                      0x200000bc   Data           4  heap_4.o(.data)
    xMinimumEverFreeBytesRemaining           0x200000c0   Data           4  heap_4.o(.data)
    xBlockAllocatedBit                       0x200000c4   Data           4  heap_4.o(.data)
    xStart                                   0x200000c8   Data           8  heap_4.o(.data)
    .data                                    0x200000d0   Section       12  port.o(.data)
    ucMaxSysCallPriority                     0x200000d0   Data           1  port.o(.data)
    uxCriticalNesting                        0x200000d4   Data           4  port.o(.data)
    ulMaxPRIGROUPValue                       0x200000d8   Data           4  port.o(.data)
    .data                                    0x200000dc   Section        4  errno.o(.data)
    _errno                                   0x200000dc   Data           4  errno.o(.data)
    .bss                                     0x200000e0   Section       12  chassis_control.o(.bss)
    .bss                                     0x200000ec   Section       36  remote.o(.bss)
    .bss                                     0x20000110   Section      596  freertos.o(.bss)
    xIdleTaskTCBBuffer                       0x20000110   Data          84  freertos.o(.bss)
    xIdleStack                               0x20000164   Data         512  freertos.o(.bss)
    .bss                                     0x20000364   Section       40  can.o(.bss)
    .bss                                     0x2000038c   Section       64  tim.o(.bss)
    .bss                                     0x200003cc   Section      416  usart.o(.bss)
    .bss                                     0x2000056c   Section      300  stm32f4xx_it.o(.bss)
    .bss                                     0x20000698   Section      240  tasks.o(.bss)
    pxReadyTasksLists                        0x20000698   Data         140  tasks.o(.bss)
    xDelayedTaskList1                        0x20000724   Data          20  tasks.o(.bss)
    xDelayedTaskList2                        0x20000738   Data          20  tasks.o(.bss)
    xPendingReadyList                        0x2000074c   Data          20  tasks.o(.bss)
    xTasksWaitingTermination                 0x20000760   Data          20  tasks.o(.bss)
    xSuspendedTaskList                       0x20000774   Data          20  tasks.o(.bss)
    .bss                                     0x20000788   Section    15360  heap_4.o(.bss)
    ucHeap                                   0x20000788   Data       15360  heap_4.o(.bss)
    STACK                                    0x20004388   Section     1024  startup_stm32f405xx.o(STACK)

    Global Symbols

    Symbol Name                              Value     Ov Type        Size  Object(Section)

    BuildAttributes$$THM_ISAv4$E$P$D$K$B$S$7EM$VFPi3$EXTD16$VFPS$VFMA$PE$A:L22UL41UL21$X:L11$S22US41US21$IEEE1$IW$USESV6$~STKCKD$USESV7$~SHL$OTIME$ROPI$IEEEJ$EBA8$MICROLIB$REQ8$PRES8$EABIv2 0x00000000   Number         0  anon$$obj.o ABSOLUTE
    __ARM_use_no_argv                        0x00000000   Number         0  main.o ABSOLUTE
    __cpp_initialize__aeabi_                  - Undefined Weak Reference
    __cxa_finalize                            - Undefined Weak Reference
    __decompress                              - Undefined Weak Reference
    _clock_init                               - Undefined Weak Reference
    _microlib_exit                            - Undefined Weak Reference
    __Vectors_Size                           0x00000188   Number         0  startup_stm32f405xx.o ABSOLUTE
    __Vectors                                0x08000000   Data           4  startup_stm32f405xx.o(RESET)
    __Vectors_End                            0x08000188   Data           0  startup_stm32f405xx.o(RESET)
    __main                                   0x08000189   Thumb Code     0  entry.o(.ARM.Collect$$$$00000000)
    _main_stk                                0x08000189   Thumb Code     0  entry2.o(.ARM.Collect$$$$00000001)
    _main_scatterload                        0x0800018d   Thumb Code     0  entry5.o(.ARM.Collect$$$$00000004)
    __main_after_scatterload                 0x08000191   Thumb Code     0  entry5.o(.ARM.Collect$$$$00000004)
    _main_clock                              0x08000191   Thumb Code     0  entry7b.o(.ARM.Collect$$$$00000008)
    _main_cpp_init                           0x08000191   Thumb Code     0  entry8b.o(.ARM.Collect$$$$0000000A)
    _main_init                               0x08000191   Thumb Code     0  entry9a.o(.ARM.Collect$$$$0000000B)
    __rt_final_cpp                           0x08000199   Thumb Code     0  entry10a.o(.ARM.Collect$$$$0000000D)
    __rt_final_exit                          0x08000199   Thumb Code     0  entry11a.o(.ARM.Collect$$$$0000000F)
    SVC_Handler                              0x0800019d   Thumb Code    28  port.o(.emb_text)
    __asm___6_port_c_39a90d8d__prvStartFirstTask 0x080001bd   Thumb Code    36  port.o(.emb_text)
    __asm___6_port_c_39a90d8d__prvEnableVFP  0x080001e5   Thumb Code    16  port.o(.emb_text)
    PendSV_Handler                           0x080001f9   Thumb Code    88  port.o(.emb_text)
    vPortGetIPSR                             0x08000255   Thumb Code     6  port.o(.emb_text)
    Reset_Handler                            0x0800025d   Thumb Code     8  startup_stm32f405xx.o(.text)
    ADC_IRQHandler                           0x08000277   Thumb Code     0  startup_stm32f405xx.o(.text)
    CAN1_RX1_IRQHandler                      0x08000277   Thumb Code     0  startup_stm32f405xx.o(.text)
    CAN1_SCE_IRQHandler                      0x08000277   Thumb Code     0  startup_stm32f405xx.o(.text)
    CAN1_TX_IRQHandler                       0x08000277   Thumb Code     0  startup_stm32f405xx.o(.text)
    CAN2_RX0_IRQHandler                      0x08000277   Thumb Code     0  startup_stm32f405xx.o(.text)
    CAN2_RX1_IRQHandler                      0x08000277   Thumb Code     0  startup_stm32f405xx.o(.text)
    CAN2_SCE_IRQHandler                      0x08000277   Thumb Code     0  startup_stm32f405xx.o(.text)
    CAN2_TX_IRQHandler                       0x08000277   Thumb Code     0  startup_stm32f405xx.o(.text)
    DMA1_Stream0_IRQHandler                  0x08000277   Thumb Code     0  startup_stm32f405xx.o(.text)
    DMA1_Stream1_IRQHandler                  0x08000277   Thumb Code     0  startup_stm32f405xx.o(.text)
    DMA1_Stream2_IRQHandler                  0x08000277   Thumb Code     0  startup_stm32f405xx.o(.text)
    DMA1_Stream3_IRQHandler                  0x08000277   Thumb Code     0  startup_stm32f405xx.o(.text)
    DMA1_Stream4_IRQHandler                  0x08000277   Thumb Code     0  startup_stm32f405xx.o(.text)
    DMA1_Stream7_IRQHandler                  0x08000277   Thumb Code     0  startup_stm32f405xx.o(.text)
    DMA2_Stream0_IRQHandler                  0x08000277   Thumb Code     0  startup_stm32f405xx.o(.text)
    DMA2_Stream1_IRQHandler                  0x08000277   Thumb Code     0  startup_stm32f405xx.o(.text)
    DMA2_Stream3_IRQHandler                  0x08000277   Thumb Code     0  startup_stm32f405xx.o(.text)
    DMA2_Stream4_IRQHandler                  0x08000277   Thumb Code     0  startup_stm32f405xx.o(.text)
    DMA2_Stream5_IRQHandler                  0x08000277   Thumb Code     0  startup_stm32f405xx.o(.text)
    DMA2_Stream6_IRQHandler                  0x08000277   Thumb Code     0  startup_stm32f405xx.o(.text)
    DMA2_Stream7_IRQHandler                  0x08000277   Thumb Code     0  startup_stm32f405xx.o(.text)
    EXTI15_10_IRQHandler                     0x08000277   Thumb Code     0  startup_stm32f405xx.o(.text)
    EXTI1_IRQHandler                         0x08000277   Thumb Code     0  startup_stm32f405xx.o(.text)
    EXTI2_IRQHandler                         0x08000277   Thumb Code     0  startup_stm32f405xx.o(.text)
    EXTI3_IRQHandler                         0x08000277   Thumb Code     0  startup_stm32f405xx.o(.text)
    EXTI4_IRQHandler                         0x08000277   Thumb Code     0  startup_stm32f405xx.o(.text)
    EXTI9_5_IRQHandler                       0x08000277   Thumb Code     0  startup_stm32f405xx.o(.text)
    FLASH_IRQHandler                         0x08000277   Thumb Code     0  startup_stm32f405xx.o(.text)
    FMC_IRQHandler                           0x08000277   Thumb Code     0  startup_stm32f405xx.o(.text)
    FPU_IRQHandler                           0x08000277   Thumb Code     0  startup_stm32f405xx.o(.text)
    HASH_RNG_IRQHandler                      0x08000277   Thumb Code     0  startup_stm32f405xx.o(.text)
    I2C1_ER_IRQHandler                       0x08000277   Thumb Code     0  startup_stm32f405xx.o(.text)
    I2C1_EV_IRQHandler                       0x08000277   Thumb Code     0  startup_stm32f405xx.o(.text)
    I2C2_ER_IRQHandler                       0x08000277   Thumb Code     0  startup_stm32f405xx.o(.text)
    I2C2_EV_IRQHandler                       0x08000277   Thumb Code     0  startup_stm32f405xx.o(.text)
    I2C3_ER_IRQHandler                       0x08000277   Thumb Code     0  startup_stm32f405xx.o(.text)
    I2C3_EV_IRQHandler                       0x08000277   Thumb Code     0  startup_stm32f405xx.o(.text)
    OTG_FS_IRQHandler                        0x08000277   Thumb Code     0  startup_stm32f405xx.o(.text)
    OTG_FS_WKUP_IRQHandler                   0x08000277   Thumb Code     0  startup_stm32f405xx.o(.text)
    OTG_HS_EP1_IN_IRQHandler                 0x08000277   Thumb Code     0  startup_stm32f405xx.o(.text)
    OTG_HS_EP1_OUT_IRQHandler                0x08000277   Thumb Code     0  startup_stm32f405xx.o(.text)
    OTG_HS_IRQHandler                        0x08000277   Thumb Code     0  startup_stm32f405xx.o(.text)
    OTG_HS_WKUP_IRQHandler                   0x08000277   Thumb Code     0  startup_stm32f405xx.o(.text)
    PVD_IRQHandler                           0x08000277   Thumb Code     0  startup_stm32f405xx.o(.text)
    RCC_IRQHandler                           0x08000277   Thumb Code     0  startup_stm32f405xx.o(.text)
    RTC_Alarm_IRQHandler                     0x08000277   Thumb Code     0  startup_stm32f405xx.o(.text)
    RTC_WKUP_IRQHandler                      0x08000277   Thumb Code     0  startup_stm32f405xx.o(.text)
    SDIO_IRQHandler                          0x08000277   Thumb Code     0  startup_stm32f405xx.o(.text)
    SPI1_IRQHandler                          0x08000277   Thumb Code     0  startup_stm32f405xx.o(.text)
    SPI2_IRQHandler                          0x08000277   Thumb Code     0  startup_stm32f405xx.o(.text)
    SPI3_IRQHandler                          0x08000277   Thumb Code     0  startup_stm32f405xx.o(.text)
    TAMP_STAMP_IRQHandler                    0x08000277   Thumb Code     0  startup_stm32f405xx.o(.text)
    TIM1_BRK_TIM9_IRQHandler                 0x08000277   Thumb Code     0  startup_stm32f405xx.o(.text)
    TIM1_CC_IRQHandler                       0x08000277   Thumb Code     0  startup_stm32f405xx.o(.text)
    TIM1_TRG_COM_TIM11_IRQHandler            0x08000277   Thumb Code     0  startup_stm32f405xx.o(.text)
    TIM1_UP_TIM10_IRQHandler                 0x08000277   Thumb Code     0  startup_stm32f405xx.o(.text)
    TIM2_IRQHandler                          0x08000277   Thumb Code     0  startup_stm32f405xx.o(.text)
    TIM4_IRQHandler                          0x08000277   Thumb Code     0  startup_stm32f405xx.o(.text)
    TIM5_IRQHandler                          0x08000277   Thumb Code     0  startup_stm32f405xx.o(.text)
    TIM6_DAC_IRQHandler                      0x08000277   Thumb Code     0  startup_stm32f405xx.o(.text)
    TIM7_IRQHandler                          0x08000277   Thumb Code     0  startup_stm32f405xx.o(.text)
    TIM8_BRK_TIM12_IRQHandler                0x08000277   Thumb Code     0  startup_stm32f405xx.o(.text)
    TIM8_CC_IRQHandler                       0x08000277   Thumb Code     0  startup_stm32f405xx.o(.text)
    TIM8_TRG_COM_TIM14_IRQHandler            0x08000277   Thumb Code     0  startup_stm32f405xx.o(.text)
    TIM8_UP_TIM13_IRQHandler                 0x08000277   Thumb Code     0  startup_stm32f405xx.o(.text)
    UART4_IRQHandler                         0x08000277   Thumb Code     0  startup_stm32f405xx.o(.text)
    UART5_IRQHandler                         0x08000277   Thumb Code     0  startup_stm32f405xx.o(.text)
    USART3_IRQHandler                        0x08000277   Thumb Code     0  startup_stm32f405xx.o(.text)
    USART6_IRQHandler                        0x08000277   Thumb Code     0  startup_stm32f405xx.o(.text)
    WWDG_IRQHandler                          0x08000277   Thumb Code     0  startup_stm32f405xx.o(.text)
    __aeabi_uldivmod                         0x08000281   Thumb Code    98  uldiv.o(.text)
    __aeabi_memcpy                           0x080002e3   Thumb Code    36  memcpya.o(.text)
    __aeabi_memcpy4                          0x080002e3   Thumb Code     0  memcpya.o(.text)
    __aeabi_memcpy8                          0x080002e3   Thumb Code     0  memcpya.o(.text)
    __aeabi_memset                           0x08000307   Thumb Code    14  memseta.o(.text)
    __aeabi_memset4                          0x08000307   Thumb Code     0  memseta.o(.text)
    __aeabi_memset8                          0x08000307   Thumb Code     0  memseta.o(.text)
    __aeabi_memclr                           0x08000315   Thumb Code     4  memseta.o(.text)
    __aeabi_memclr4                          0x08000315   Thumb Code     0  memseta.o(.text)
    __aeabi_memclr8                          0x08000315   Thumb Code     0  memseta.o(.text)
    memset                                   0x08000319   Thumb Code    18  memseta.o(.text)
    __aeabi_dadd                             0x0800032b   Thumb Code   322  dadd.o(.text)
    __aeabi_dsub                             0x0800046d   Thumb Code     6  dadd.o(.text)
    __aeabi_drsub                            0x08000473   Thumb Code     6  dadd.o(.text)
    __aeabi_dmul                             0x08000479   Thumb Code   228  dmul.o(.text)
    __aeabi_ddiv                             0x0800055d   Thumb Code   222  ddiv.o(.text)
    __aeabi_i2d                              0x0800063b   Thumb Code    34  dflti.o(.text)
    __aeabi_f2d                              0x0800065d   Thumb Code    38  f2d.o(.text)
    __aeabi_d2f                              0x08000683   Thumb Code    56  d2f.o(.text)
    __aeabi_llsl                             0x080006bb   Thumb Code    30  llshl.o(.text)
    _ll_shift_l                              0x080006bb   Thumb Code     0  llshl.o(.text)
    __aeabi_llsr                             0x080006d9   Thumb Code    32  llushr.o(.text)
    _ll_ushift_r                             0x080006d9   Thumb Code     0  llushr.o(.text)
    __aeabi_lasr                             0x080006f9   Thumb Code    36  llsshr.o(.text)
    _ll_sshift_r                             0x080006f9   Thumb Code     0  llsshr.o(.text)
    __I$use$fp                               0x0800071d   Thumb Code     0  iusefp.o(.text)
    _float_round                             0x0800071d   Thumb Code    18  fepilogue.o(.text)
    _float_epilogue                          0x0800072f   Thumb Code    92  fepilogue.o(.text)
    _double_round                            0x0800078b   Thumb Code    30  depilogue.o(.text)
    _double_epilogue                         0x080007a9   Thumb Code   156  depilogue.o(.text)
    _dsqrt                                   0x08000845   Thumb Code   162  dsqrt.o(.text)
    __scatterload                            0x080008e9   Thumb Code    28  init.o(.text)
    __scatterload_rt2                        0x080008e9   Thumb Code     0  init.o(.text)
    BASE_Init                                0x0800090d   Thumb Code   152  robo_base.o(i.BASE_Init)
    BusFault_Handler                         0x080009b5   Thumb Code     2  stm32f4xx_it.o(i.BusFault_Handler)
    CAN1_RX0_IRQHandler                      0x080009b9   Thumb Code    50  stm32f4xx_it.o(i.CAN1_RX0_IRQHandler)
    CAN_Filter_Init                          0x080009fd   Thumb Code    40  can.o(i.CAN_Filter_Init)
    DMA1_Stream5_IRQHandler                  0x08000a29   Thumb Code     6  stm32f4xx_it.o(i.DMA1_Stream5_IRQHandler)
    DMA1_Stream6_IRQHandler                  0x08000a35   Thumb Code     6  stm32f4xx_it.o(i.DMA1_Stream6_IRQHandler)
    DMA2_Stream2_IRQHandler                  0x08000a41   Thumb Code     6  stm32f4xx_it.o(i.DMA2_Stream2_IRQHandler)
    DebugMon_Handler                         0x08000af1   Thumb Code     2  stm32f4xx_it.o(i.DebugMon_Handler)
    EXTI0_IRQHandler                         0x08000af5   Thumb Code    16  stm32f4xx_it.o(i.EXTI0_IRQHandler)
    Error_Handler                            0x08000b09   Thumb Code     2  main.o(i.Error_Handler)
    GREED_ALL_Shine                          0x08000b0d   Thumb Code    28  led.o(i.GREED_ALL_Shine)
    GREEN_Quick_Shine                        0x08000b2d   Thumb Code    50  led.o(i.GREEN_Quick_Shine)
    HAL_CAN_ActivateNotification             0x08000b69   Thumb Code    36  stm32f4xx_hal_can.o(i.HAL_CAN_ActivateNotification)
    HAL_CAN_AddTxMessage                     0x08000b8d   Thumb Code   200  stm32f4xx_hal_can.o(i.HAL_CAN_AddTxMessage)
    HAL_CAN_ConfigFilter                     0x08000c55   Thumb Code   262  stm32f4xx_hal_can.o(i.HAL_CAN_ConfigFilter)
    HAL_CAN_ErrorCallback                    0x08000d61   Thumb Code     2  stm32f4xx_hal_can.o(i.HAL_CAN_ErrorCallback)
    HAL_CAN_GetRxMessage                     0x08000d63   Thumb Code   232  stm32f4xx_hal_can.o(i.HAL_CAN_GetRxMessage)
    HAL_CAN_IRQHandler                       0x08000e4b   Thumb Code   508  stm32f4xx_hal_can.o(i.HAL_CAN_IRQHandler)
    HAL_CAN_Init                             0x08001047   Thumb Code   282  stm32f4xx_hal_can.o(i.HAL_CAN_Init)
    HAL_CAN_MspInit                          0x08001161   Thumb Code   110  can.o(i.HAL_CAN_MspInit)
    HAL_CAN_RxFifo0FullCallback              0x080011dd   Thumb Code     2  stm32f4xx_hal_can.o(i.HAL_CAN_RxFifo0FullCallback)
    HAL_CAN_RxFifo0MsgPendingCallback        0x080011df   Thumb Code     2  stm32f4xx_hal_can.o(i.HAL_CAN_RxFifo0MsgPendingCallback)
    HAL_CAN_RxFifo1FullCallback              0x080011e1   Thumb Code     2  stm32f4xx_hal_can.o(i.HAL_CAN_RxFifo1FullCallback)
    HAL_CAN_RxFifo1MsgPendingCallback        0x080011e3   Thumb Code     2  stm32f4xx_hal_can.o(i.HAL_CAN_RxFifo1MsgPendingCallback)
    HAL_CAN_SleepCallback                    0x080011e5   Thumb Code     2  stm32f4xx_hal_can.o(i.HAL_CAN_SleepCallback)
    HAL_CAN_Start                            0x080011e9   Thumb Code    88  stm32f4xx_hal_can.o(i.HAL_CAN_Start)
    HAL_CAN_TxMailbox0AbortCallback          0x08001241   Thumb Code     2  stm32f4xx_hal_can.o(i.HAL_CAN_TxMailbox0AbortCallback)
    HAL_CAN_TxMailbox0CompleteCallback       0x08001243   Thumb Code     2  stm32f4xx_hal_can.o(i.HAL_CAN_TxMailbox0CompleteCallback)
    HAL_CAN_TxMailbox1AbortCallback          0x08001245   Thumb Code     2  stm32f4xx_hal_can.o(i.HAL_CAN_TxMailbox1AbortCallback)
    HAL_CAN_TxMailbox1CompleteCallback       0x08001247   Thumb Code     2  stm32f4xx_hal_can.o(i.HAL_CAN_TxMailbox1CompleteCallback)
    HAL_CAN_TxMailbox2AbortCallback          0x08001249   Thumb Code     2  stm32f4xx_hal_can.o(i.HAL_CAN_TxMailbox2AbortCallback)
    HAL_CAN_TxMailbox2CompleteCallback       0x0800124b   Thumb Code     2  stm32f4xx_hal_can.o(i.HAL_CAN_TxMailbox2CompleteCallback)
    HAL_CAN_WakeUpFromRxMsgCallback          0x0800124d   Thumb Code     2  stm32f4xx_hal_can.o(i.HAL_CAN_WakeUpFromRxMsgCallback)
    HAL_DMA_Abort_IT                         0x0800124f   Thumb Code    36  stm32f4xx_hal_dma.o(i.HAL_DMA_Abort_IT)
    HAL_DMA_IRQHandler                       0x08001275   Thumb Code   412  stm32f4xx_hal_dma.o(i.HAL_DMA_IRQHandler)
    HAL_DMA_Init                             0x08001415   Thumb Code   206  stm32f4xx_hal_dma.o(i.HAL_DMA_Init)
    HAL_DMA_Start_IT                         0x080014e9   Thumb Code   110  stm32f4xx_hal_dma.o(i.HAL_DMA_Start_IT)
    HAL_GPIO_EXTI_Callback                   0x08001557   Thumb Code     2  stm32f4xx_hal_gpio.o(i.HAL_GPIO_EXTI_Callback)
    HAL_GPIO_EXTI_IRQHandler                 0x08001559   Thumb Code    18  stm32f4xx_hal_gpio.o(i.HAL_GPIO_EXTI_IRQHandler)
    HAL_GPIO_Init                            0x08001571   Thumb Code   394  stm32f4xx_hal_gpio.o(i.HAL_GPIO_Init)
    HAL_GPIO_WritePin                        0x08001729   Thumb Code    10  stm32f4xx_hal_gpio.o(i.HAL_GPIO_WritePin)
    HAL_GetTick                              0x08001735   Thumb Code     6  stm32f4xx_hal.o(i.HAL_GetTick)
    HAL_IncTick                              0x08001741   Thumb Code    12  stm32f4xx_hal.o(i.HAL_IncTick)
    HAL_Init                                 0x08001751   Thumb Code    48  stm32f4xx_hal.o(i.HAL_Init)
    HAL_InitTick                             0x08001785   Thumb Code    54  stm32f4xx_hal.o(i.HAL_InitTick)
    HAL_MspInit                              0x080017c5   Thumb Code    52  stm32f4xx_hal_msp.o(i.HAL_MspInit)
    HAL_NVIC_EnableIRQ                       0x080017fd   Thumb Code    26  stm32f4xx_hal_cortex.o(i.HAL_NVIC_EnableIRQ)
    HAL_NVIC_SetPriority                     0x08001819   Thumb Code    60  stm32f4xx_hal_cortex.o(i.HAL_NVIC_SetPriority)
    HAL_NVIC_SetPriorityGrouping             0x08001859   Thumb Code    26  stm32f4xx_hal_cortex.o(i.HAL_NVIC_SetPriorityGrouping)
    HAL_RCC_ClockConfig                      0x0800187d   Thumb Code   288  stm32f4xx_hal_rcc.o(i.HAL_RCC_ClockConfig)
    HAL_RCC_GetPCLK1Freq                     0x080019b1   Thumb Code    20  stm32f4xx_hal_rcc.o(i.HAL_RCC_GetPCLK1Freq)
    HAL_RCC_GetPCLK2Freq                     0x080019d1   Thumb Code    20  stm32f4xx_hal_rcc.o(i.HAL_RCC_GetPCLK2Freq)
    HAL_RCC_GetSysClockFreq                  0x080019f1   Thumb Code    88  stm32f4xx_hal_rcc.o(i.HAL_RCC_GetSysClockFreq)
    HAL_RCC_OscConfig                        0x08001a51   Thumb Code   840  stm32f4xx_hal_rcc.o(i.HAL_RCC_OscConfig)
    HAL_SYSTICK_Config                       0x08001dad   Thumb Code    40  stm32f4xx_hal_cortex.o(i.HAL_SYSTICK_Config)
    HAL_TIMEx_BreakCallback                  0x08001dd5   Thumb Code     2  stm32f4xx_hal_tim_ex.o(i.HAL_TIMEx_BreakCallback)
    HAL_TIMEx_CommutCallback                 0x08001dd7   Thumb Code     2  stm32f4xx_hal_tim_ex.o(i.HAL_TIMEx_CommutCallback)
    HAL_TIMEx_MasterConfigSynchronization    0x08001dd9   Thumb Code   116  stm32f4xx_hal_tim_ex.o(i.HAL_TIMEx_MasterConfigSynchronization)
    HAL_TIM_Base_Init                        0x08001e69   Thumb Code    54  stm32f4xx_hal_tim.o(i.HAL_TIM_Base_Init)
    HAL_TIM_Base_MspInit                     0x08001ea1   Thumb Code    50  tim.o(i.HAL_TIM_Base_MspInit)
    HAL_TIM_Base_Start_IT                    0x08001edd   Thumb Code    34  stm32f4xx_hal_tim.o(i.HAL_TIM_Base_Start_IT)
    HAL_TIM_ConfigClockSource                0x08001eff   Thumb Code   214  stm32f4xx_hal_tim.o(i.HAL_TIM_ConfigClockSource)
    HAL_TIM_IC_CaptureCallback               0x08001fd5   Thumb Code     2  stm32f4xx_hal_tim.o(i.HAL_TIM_IC_CaptureCallback)
    HAL_TIM_IRQHandler                       0x08001fd7   Thumb Code   358  stm32f4xx_hal_tim.o(i.HAL_TIM_IRQHandler)
    HAL_TIM_OC_DelayElapsedCallback          0x0800213d   Thumb Code     2  stm32f4xx_hal_tim.o(i.HAL_TIM_OC_DelayElapsedCallback)
    HAL_TIM_PWM_PulseFinishedCallback        0x0800213f   Thumb Code     2  stm32f4xx_hal_tim.o(i.HAL_TIM_PWM_PulseFinishedCallback)
    HAL_TIM_PeriodElapsedCallback            0x08002141   Thumb Code     2  stm32f4xx_hal_tim.o(i.HAL_TIM_PeriodElapsedCallback)
    HAL_TIM_TriggerCallback                  0x08002143   Thumb Code     2  stm32f4xx_hal_tim.o(i.HAL_TIM_TriggerCallback)
    HAL_UART_ErrorCallback                   0x08002145   Thumb Code     2  stm32f4xx_hal_uart.o(i.HAL_UART_ErrorCallback)
    HAL_UART_IRQHandler                      0x08002149   Thumb Code   270  stm32f4xx_hal_uart.o(i.HAL_UART_IRQHandler)
    HAL_UART_Init                            0x0800225d   Thumb Code    98  stm32f4xx_hal_uart.o(i.HAL_UART_Init)
    HAL_UART_MspInit                         0x080022c1   Thumb Code   338  usart.o(i.HAL_UART_MspInit)
    HAL_UART_Receive_DMA                     0x08002431   Thumb Code   138  stm32f4xx_hal_uart.o(i.HAL_UART_Receive_DMA)
    HAL_UART_RxCpltCallback                  0x080024c9   Thumb Code     2  stm32f4xx_hal_uart.o(i.HAL_UART_RxCpltCallback)
    HAL_UART_RxHalfCpltCallback              0x080024cb   Thumb Code     2  stm32f4xx_hal_uart.o(i.HAL_UART_RxHalfCpltCallback)
    HAL_UART_Transmit_DMA                    0x080024cd   Thumb Code   114  stm32f4xx_hal_uart.o(i.HAL_UART_Transmit_DMA)
    HAL_UART_TxCpltCallback                  0x0800254d   Thumb Code     2  stm32f4xx_hal_uart.o(i.HAL_UART_TxCpltCallback)
    HAL_UART_TxHalfCpltCallback              0x0800254f   Thumb Code     2  stm32f4xx_hal_uart.o(i.HAL_UART_TxHalfCpltCallback)
    HardFault_Handler                        0x08002551   Thumb Code     2  stm32f4xx_it.o(i.HardFault_Handler)
    LED_ALL_Shine                            0x08002555   Thumb Code    10  led.o(i.LED_ALL_Shine)
    LED_Task                                 0x08002565   Thumb Code    32  led.o(i.LED_Task)
    MX_CAN1_Init                             0x08002585   Thumb Code    60  can.o(i.MX_CAN1_Init)
    MX_DMA_Init                              0x080025c9   Thumb Code    88  dma.o(i.MX_DMA_Init)
    MX_FREERTOS_Init                         0x08002625   Thumb Code    52  freertos.o(i.MX_FREERTOS_Init)
    MX_GPIO_Init                             0x08002661   Thumb Code   148  gpio.o(i.MX_GPIO_Init)
    MX_TIM3_Init                             0x08002705   Thumb Code    96  tim.o(i.MX_TIM3_Init)
    MX_USART1_UART_Init                      0x0800276d   Thumb Code    48  usart.o(i.MX_USART1_UART_Init)
    MX_USART2_UART_Init                      0x080027a5   Thumb Code    48  usart.o(i.MX_USART2_UART_Init)
    MemManage_Handler                        0x080027dd   Thumb Code     2  stm32f4xx_it.o(i.MemManage_Handler)
    Motor_Speed_Analysis                     0x080027df   Thumb Code    32  robo_base.o(i.Motor_Speed_Analysis)
    NMI_Handler                              0x080027ff   Thumb Code     2  stm32f4xx_it.o(i.NMI_Handler)
    PID_Init                                 0x08002801   Thumb Code    46  robo_base.o(i.PID_Init)
    PID_Send                                 0x08002835   Thumb Code    46  robo_base.o(i.PID_Send)
    PID_Speed_Cal                            0x08002869   Thumb Code   322  robo_base.o(i.PID_Speed_Cal)
    RED_ALL_Shine                            0x080029b1   Thumb Code    28  led.o(i.RED_ALL_Shine)
    RemoteDataProcess                        0x080029d1   Thumb Code   124  remote.o(i.RemoteDataProcess)
    Remote_Init                              0x08002a51   Thumb Code    22  remote.o(i.Remote_Init)
    Send_To_Motor_                           0x08002a71   Thumb Code    46  robo_base.o(i.Send_To_Motor_)
    Speed_Info_Analysis                      0x08002a9f   Thumb Code    18  robo_base.o(i.Speed_Info_Analysis)
    StartDefaultTask                         0x08002ab1   Thumb Code     8  freertos.o(i.StartDefaultTask)
    StartTask02                              0x08002ab9   Thumb Code    12  freertos.o(i.StartTask02)
    SysTick_Handler                          0x08002ac5   Thumb Code    24  stm32f4xx_it.o(i.SysTick_Handler)
    SystemClock_Config                       0x08002add   Thumb Code   122  main.o(i.SystemClock_Config)
    SystemIO_Usart_ToString                  0x08002b61   Thumb Code   372  robo_base.o(i.SystemIO_Usart_ToString)
    SystemInit                               0x08002cd9   Thumb Code    22  system_stm32f4xx.o(i.SystemInit)
    TIM3_IRQHandler                          0x08002cf5   Thumb Code    38  stm32f4xx_it.o(i.TIM3_IRQHandler)
    TIM_Base_SetConfig                       0x08002d2d   Thumb Code   156  stm32f4xx_hal_tim.o(i.TIM_Base_SetConfig)
    TIM_ETR_SetConfig                        0x08002df5   Thumb Code    20  stm32f4xx_hal_tim.o(i.TIM_ETR_SetConfig)
    USART1_IRQHandler                        0x08003189   Thumb Code    18  stm32f4xx_it.o(i.USART1_IRQHandler)
    USART2_IRQHandler                        0x080031a1   Thumb Code     6  stm32f4xx_it.o(i.USART2_IRQHandler)
    UsageFault_Handler                       0x080031ad   Thumb Code     2  stm32f4xx_it.o(i.UsageFault_Handler)
    Usart_Receive_IDLE                       0x080031b1   Thumb Code   112  remote.o(i.Usart_Receive_IDLE)
    __hardfp_sqrt                            0x08003255   Thumb Code   122  sqrt.o(i.__hardfp_sqrt)
    __scatterload_copy                       0x080032cf   Thumb Code    14  handlers.o(i.__scatterload_copy)
    __scatterload_null                       0x080032dd   Thumb Code     2  handlers.o(i.__scatterload_null)
    __scatterload_zeroinit                   0x080032df   Thumb Code    14  handlers.o(i.__scatterload_zeroinit)
    __set_errno                              0x080032ed   Thumb Code     6  errno.o(i.__set_errno)
    chassis_control                          0x080032f9   Thumb Code    60  chassis_control.o(i.chassis_control)
    chassis_speed_analysis                   0x08003341   Thumb Code   314  chassis_control.o(i.chassis_speed_analysis)
    main                                     0x0800349d   Thumb Code    76  main.o(i.main)
    osDelay                                  0x08003501   Thumb Code    14  cmsis_os.o(i.osDelay)
    osKernelStart                            0x0800350f   Thumb Code    10  cmsis_os.o(i.osKernelStart)
    osThreadCreate                           0x08003519   Thumb Code    84  cmsis_os.o(i.osThreadCreate)
    pvPortMalloc                             0x080038b9   Thumb Code   210  heap_4.o(i.pvPortMalloc)
    pxPortInitialiseStack                    0x08003991   Thumb Code    40  port.o(i.pxPortInitialiseStack)
    uxListRemove                             0x080039bd   Thumb Code    38  list.o(i.uxListRemove)
    vApplicationGetIdleTaskMemory            0x080039e5   Thumb Code    16  freertos.o(i.vApplicationGetIdleTaskMemory)
    vListInitialise                          0x080039f9   Thumb Code    22  list.o(i.vListInitialise)
    vListInitialiseItem                      0x08003a0f   Thumb Code     6  list.o(i.vListInitialiseItem)
    vListInsert                              0x08003a15   Thumb Code    48  list.o(i.vListInsert)
    vListInsertEnd                           0x08003a45   Thumb Code    24  list.o(i.vListInsertEnd)
    vPortEnterCritical                       0x08003a5d   Thumb Code    54  port.o(i.vPortEnterCritical)
    vPortExitCritical                        0x08003a9d   Thumb Code    34  port.o(i.vPortExitCritical)
    vPortFree                                0x08003ac5   Thumb Code    88  heap_4.o(i.vPortFree)
    vPortSetupTimerInterrupt                 0x08003b21   Thumb Code    32  port.o(i.vPortSetupTimerInterrupt)
    vTaskDelay                               0x08003b45   Thumb Code    66  tasks.o(i.vTaskDelay)
    vTaskStartScheduler                      0x08003b91   Thumb Code    90  tasks.o(i.vTaskStartScheduler)
    vTaskSuspendAll                          0x08003bfd   Thumb Code    10  tasks.o(i.vTaskSuspendAll)
    vTaskSwitchContext                       0x08003c0d   Thumb Code    82  tasks.o(i.vTaskSwitchContext)
    xPortStartScheduler                      0x08003c69   Thumb Code   222  port.o(i.xPortStartScheduler)
    xPortSysTickHandler                      0x08003d5d   Thumb Code    38  port.o(i.xPortSysTickHandler)
    xTaskCreate                              0x08003d89   Thumb Code    90  tasks.o(i.xTaskCreate)
    xTaskCreateStatic                        0x08003de3   Thumb Code    86  tasks.o(i.xTaskCreateStatic)
    xTaskGetSchedulerState                   0x08003e39   Thumb Code    22  tasks.o(i.xTaskGetSchedulerState)
    xTaskIncrementTick                       0x08003e55   Thumb Code   192  tasks.o(i.xTaskIncrementTick)
    xTaskResumeAll                           0x08003f1d   Thumb Code   182  tasks.o(i.xTaskResumeAll)
    AHBPrescTable                            0x08004020   Data          16  system_stm32f4xx.o(.constdata)
    APBPrescTable                            0x08004030   Data           8  system_stm32f4xx.o(.constdata)
    Region$$Table$$Base                      0x08004050   Number         0  anon$$obj.o(Region$$Table)
    Region$$Table$$Limit                     0x08004070   Number         0  anon$$obj.o(Region$$Table)
    System_Out                               0x20000000   Data           4  chassis_control.o(.data)
    System_In                                0x20000004   Data           4  chassis_control.o(.data)
    uart1_rx_buff_num                        0x20000008   Data           1  remote.o(.data)
    RC_CtrlData                              0x2000000a   Data          78  remote.o(.data)
    SYS_Time                                 0x20000058   Data           4  main.o(.data)
    Flag                                     0x2000005c   Data           4  main.o(.data)
    defaultTaskHandle                        0x20000060   Data           4  freertos.o(.data)
    start_TaskHandle                         0x20000064   Data           4  freertos.o(.data)
    mode                                     0x20000068   Data           1  stm32f4xx_it.o(.data)
    uwTickFreq                               0x2000006c   Data           1  stm32f4xx_hal.o(.data)
    uwTickPrio                               0x20000070   Data           4  stm32f4xx_hal.o(.data)
    uwTick                                   0x20000074   Data           4  stm32f4xx_hal.o(.data)
    SystemCoreClock                          0x20000078   Data           4  system_stm32f4xx.o(.data)
    pxCurrentTCB                             0x2000007c   Data           4  tasks.o(.data)
    data                                     0x200000e0   Data          12  chassis_control.o(.bss)
    Rx_buffer                                0x200000ec   Data          36  remote.o(.bss)
    hcan1                                    0x20000364   Data          40  can.o(.bss)
    htim3                                    0x2000038c   Data          64  tim.o(.bss)
    huart1                                   0x200003cc   Data          64  usart.o(.bss)
    huart2                                   0x2000040c   Data          64  usart.o(.bss)
    hdma_usart1_rx                           0x2000044c   Data          96  usart.o(.bss)
    hdma_usart2_rx                           0x200004ac   Data          96  usart.o(.bss)
    hdma_usart2_tx                           0x2000050c   Data          96  usart.o(.bss)
    Robo_Base                                0x2000056c   Data         300  stm32f4xx_it.o(.bss)
    __initial_sp                             0x20004788   Data           0  startup_stm32f405xx.o(STACK)



==============================================================================

Memory Map of the image

  Image Entry point : 0x08000189

  Load Region LR_IROM1 (Base: 0x08000000, Size: 0x00004150, Max: 0x00100000, ABSOLUTE)

    Execution Region ER_IROM1 (Base: 0x08000000, Size: 0x00004070, Max: 0x00100000, ABSOLUTE)

    Base Addr    Size         Type   Attr      Idx    E Section Name        Object

    0x08000000   0x00000188   Data   RO            3    RESET               startup_stm32f405xx.o
    0x08000188   0x00000000   Code   RO         4775  * .ARM.Collect$$$$00000000  mc_w.l(entry.o)
    0x08000188   0x00000004   Code   RO         4800    .ARM.Collect$$$$00000001  mc_w.l(entry2.o)
    0x0800018c   0x00000004   Code   RO         4803    .ARM.Collect$$$$00000004  mc_w.l(entry5.o)
    0x08000190   0x00000000   Code   RO         4805    .ARM.Collect$$$$00000008  mc_w.l(entry7b.o)
    0x08000190   0x00000000   Code   RO         4807    .ARM.Collect$$$$0000000A  mc_w.l(entry8b.o)
    0x08000190   0x00000008   Code   RO         4808    .ARM.Collect$$$$0000000B  mc_w.l(entry9a.o)
    0x08000198   0x00000000   Code   RO         4810    .ARM.Collect$$$$0000000D  mc_w.l(entry10a.o)
    0x08000198   0x00000000   Code   RO         4812    .ARM.Collect$$$$0000000F  mc_w.l(entry11a.o)
    0x08000198   0x00000004   Code   RO         4801    .ARM.Collect$$$$00002712  mc_w.l(entry2.o)
    0x0800019c   0x000000be   Code   RO         4686    .emb_text           port.o
    0x0800025a   0x00000002   PAD
    0x0800025c   0x00000024   Code   RO            4    .text               startup_stm32f405xx.o
    0x08000280   0x00000062   Code   RO         4778    .text               mc_w.l(uldiv.o)
    0x080002e2   0x00000024   Code   RO         4780    .text               mc_w.l(memcpya.o)
    0x08000306   0x00000024   Code   RO         4784    .text               mc_w.l(memseta.o)
    0x0800032a   0x0000014e   Code   RO         4788    .text               mf_w.l(dadd.o)
    0x08000478   0x000000e4   Code   RO         4790    .text               mf_w.l(dmul.o)
    0x0800055c   0x000000de   Code   RO         4792    .text               mf_w.l(ddiv.o)
    0x0800063a   0x00000022   Code   RO         4794    .text               mf_w.l(dflti.o)
    0x0800065c   0x00000026   Code   RO         4796    .text               mf_w.l(f2d.o)
    0x08000682   0x00000038   Code   RO         4798    .text               mf_w.l(d2f.o)
    0x080006ba   0x0000001e   Code   RO         4814    .text               mc_w.l(llshl.o)
    0x080006d8   0x00000020   Code   RO         4816    .text               mc_w.l(llushr.o)
    0x080006f8   0x00000024   Code   RO         4818    .text               mc_w.l(llsshr.o)
    0x0800071c   0x00000000   Code   RO         4827    .text               mc_w.l(iusefp.o)
    0x0800071c   0x0000006e   Code   RO         4828    .text               mf_w.l(fepilogue.o)
    0x0800078a   0x000000ba   Code   RO         4830    .text               mf_w.l(depilogue.o)
    0x08000844   0x000000a2   Code   RO         4832    .text               mf_w.l(dsqrt.o)
    0x080008e6   0x00000002   PAD
    0x080008e8   0x00000024   Code   RO         4836    .text               mc_w.l(init.o)
    0x0800090c   0x000000a8   Code   RO          161    i.BASE_Init         robo_base.o
    0x080009b4   0x00000002   Code   RO          619    i.BusFault_Handler  stm32f4xx_it.o
    0x080009b6   0x00000002   PAD
    0x080009b8   0x00000044   Code   RO          620    i.CAN1_RX0_IRQHandler  stm32f4xx_it.o
    0x080009fc   0x0000002c   Code   RO          457    i.CAN_Filter_Init   can.o
    0x08000a28   0x0000000c   Code   RO          621    i.DMA1_Stream5_IRQHandler  stm32f4xx_it.o
    0x08000a34   0x0000000c   Code   RO          622    i.DMA1_Stream6_IRQHandler  stm32f4xx_it.o
    0x08000a40   0x0000000c   Code   RO          623    i.DMA2_Stream2_IRQHandler  stm32f4xx_it.o
    0x08000a4c   0x00000028   Code   RO         1504    i.DMA_CalcBaseAndBitshift  stm32f4xx_hal_dma.o
    0x08000a74   0x00000054   Code   RO         1505    i.DMA_CheckFifoParam  stm32f4xx_hal_dma.o
    0x08000ac8   0x00000028   Code   RO         1506    i.DMA_SetConfig     stm32f4xx_hal_dma.o
    0x08000af0   0x00000002   Code   RO          624    i.DebugMon_Handler  stm32f4xx_it.o
    0x08000af2   0x00000002   PAD
    0x08000af4   0x00000014   Code   RO          625    i.EXTI0_IRQHandler  stm32f4xx_it.o
    0x08000b08   0x00000002   Code   RO          275    i.Error_Handler     main.o
    0x08000b0a   0x00000002   PAD
    0x08000b0c   0x00000020   Code   RO          765    i.GREED_ALL_Shine   led.o
    0x08000b2c   0x0000003c   Code   RO          766    i.GREEN_Quick_Shine  led.o
    0x08000b68   0x00000024   Code   RO          812    i.HAL_CAN_ActivateNotification  stm32f4xx_hal_can.o
    0x08000b8c   0x000000c8   Code   RO          813    i.HAL_CAN_AddTxMessage  stm32f4xx_hal_can.o
    0x08000c54   0x0000010c   Code   RO          814    i.HAL_CAN_ConfigFilter  stm32f4xx_hal_can.o
    0x08000d60   0x00000002   Code   RO          817    i.HAL_CAN_ErrorCallback  stm32f4xx_hal_can.o
    0x08000d62   0x000000e8   Code   RO          820    i.HAL_CAN_GetRxMessage  stm32f4xx_hal_can.o
    0x08000e4a   0x000001fc   Code   RO          824    i.HAL_CAN_IRQHandler  stm32f4xx_hal_can.o
    0x08001046   0x0000011a   Code   RO          825    i.HAL_CAN_Init      stm32f4xx_hal_can.o
    0x08001160   0x0000007c   Code   RO          459    i.HAL_CAN_MspInit   can.o
    0x080011dc   0x00000002   Code   RO          832    i.HAL_CAN_RxFifo0FullCallback  stm32f4xx_hal_can.o
    0x080011de   0x00000002   Code   RO          833    i.HAL_CAN_RxFifo0MsgPendingCallback  stm32f4xx_hal_can.o
    0x080011e0   0x00000002   Code   RO          834    i.HAL_CAN_RxFifo1FullCallback  stm32f4xx_hal_can.o
    0x080011e2   0x00000002   Code   RO          835    i.HAL_CAN_RxFifo1MsgPendingCallback  stm32f4xx_hal_can.o
    0x080011e4   0x00000002   Code   RO          836    i.HAL_CAN_SleepCallback  stm32f4xx_hal_can.o
    0x080011e6   0x00000002   PAD
    0x080011e8   0x00000058   Code   RO          837    i.HAL_CAN_Start     stm32f4xx_hal_can.o
    0x08001240   0x00000002   Code   RO          839    i.HAL_CAN_TxMailbox0AbortCallback  stm32f4xx_hal_can.o
    0x08001242   0x00000002   Code   RO          840    i.HAL_CAN_TxMailbox0CompleteCallback  stm32f4xx_hal_can.o
    0x08001244   0x00000002   Code   RO          841    i.HAL_CAN_TxMailbox1AbortCallback  stm32f4xx_hal_can.o
    0x08001246   0x00000002   Code   RO          842    i.HAL_CAN_TxMailbox1CompleteCallback  stm32f4xx_hal_can.o
    0x08001248   0x00000002   Code   RO          843    i.HAL_CAN_TxMailbox2AbortCallback  stm32f4xx_hal_can.o
    0x0800124a   0x00000002   Code   RO          844    i.HAL_CAN_TxMailbox2CompleteCallback  stm32f4xx_hal_can.o
    0x0800124c   0x00000002   Code   RO          846    i.HAL_CAN_WakeUpFromRxMsgCallback  stm32f4xx_hal_can.o
    0x0800124e   0x00000024   Code   RO         1508    i.HAL_DMA_Abort_IT  stm32f4xx_hal_dma.o
    0x08001272   0x00000002   PAD
    0x08001274   0x000001a0   Code   RO         1512    i.HAL_DMA_IRQHandler  stm32f4xx_hal_dma.o
    0x08001414   0x000000d4   Code   RO         1513    i.HAL_DMA_Init      stm32f4xx_hal_dma.o
    0x080014e8   0x0000006e   Code   RO         1517    i.HAL_DMA_Start_IT  stm32f4xx_hal_dma.o
    0x08001556   0x00000002   Code   RO         1398    i.HAL_GPIO_EXTI_Callback  stm32f4xx_hal_gpio.o
    0x08001558   0x00000018   Code   RO         1399    i.HAL_GPIO_EXTI_IRQHandler  stm32f4xx_hal_gpio.o
    0x08001570   0x000001b8   Code   RO         1400    i.HAL_GPIO_Init     stm32f4xx_hal_gpio.o
    0x08001728   0x0000000a   Code   RO         1404    i.HAL_GPIO_WritePin  stm32f4xx_hal_gpio.o
    0x08001732   0x00000002   PAD
    0x08001734   0x0000000c   Code   RO         1932    i.HAL_GetTick       stm32f4xx_hal.o
    0x08001740   0x00000010   Code   RO         1938    i.HAL_IncTick       stm32f4xx_hal.o
    0x08001750   0x00000034   Code   RO         1939    i.HAL_Init          stm32f4xx_hal.o
    0x08001784   0x00000040   Code   RO         1940    i.HAL_InitTick      stm32f4xx_hal.o
    0x080017c4   0x00000038   Code   RO          741    i.HAL_MspInit       stm32f4xx_hal_msp.o
    0x080017fc   0x0000001a   Code   RO         1789    i.HAL_NVIC_EnableIRQ  stm32f4xx_hal_cortex.o
    0x08001816   0x00000002   PAD
    0x08001818   0x00000040   Code   RO         1795    i.HAL_NVIC_SetPriority  stm32f4xx_hal_cortex.o
    0x08001858   0x00000024   Code   RO         1796    i.HAL_NVIC_SetPriorityGrouping  stm32f4xx_hal_cortex.o
    0x0800187c   0x00000134   Code   RO         1046    i.HAL_RCC_ClockConfig  stm32f4xx_hal_rcc.o
    0x080019b0   0x00000020   Code   RO         1053    i.HAL_RCC_GetPCLK1Freq  stm32f4xx_hal_rcc.o
    0x080019d0   0x00000020   Code   RO         1054    i.HAL_RCC_GetPCLK2Freq  stm32f4xx_hal_rcc.o
    0x080019f0   0x00000060   Code   RO         1055    i.HAL_RCC_GetSysClockFreq  stm32f4xx_hal_rcc.o
    0x08001a50   0x0000035c   Code   RO         1058    i.HAL_RCC_OscConfig  stm32f4xx_hal_rcc.o
    0x08001dac   0x00000028   Code   RO         1800    i.HAL_SYSTICK_Config  stm32f4xx_hal_cortex.o
    0x08001dd4   0x00000002   Code   RO         2854    i.HAL_TIMEx_BreakCallback  stm32f4xx_hal_tim_ex.o
    0x08001dd6   0x00000002   Code   RO         2855    i.HAL_TIMEx_CommutCallback  stm32f4xx_hal_tim_ex.o
    0x08001dd8   0x00000090   Code   RO         2872    i.HAL_TIMEx_MasterConfigSynchronization  stm32f4xx_hal_tim_ex.o
    0x08001e68   0x00000036   Code   RO         2179    i.HAL_TIM_Base_Init  stm32f4xx_hal_tim.o
    0x08001e9e   0x00000002   PAD
    0x08001ea0   0x0000003c   Code   RO          530    i.HAL_TIM_Base_MspInit  tim.o
    0x08001edc   0x00000022   Code   RO         2184    i.HAL_TIM_Base_Start_IT  stm32f4xx_hal_tim.o
    0x08001efe   0x000000d6   Code   RO         2188    i.HAL_TIM_ConfigClockSource  stm32f4xx_hal_tim.o
    0x08001fd4   0x00000002   Code   RO         2208    i.HAL_TIM_IC_CaptureCallback  stm32f4xx_hal_tim.o
    0x08001fd6   0x00000166   Code   RO         2222    i.HAL_TIM_IRQHandler  stm32f4xx_hal_tim.o
    0x0800213c   0x00000002   Code   RO         2225    i.HAL_TIM_OC_DelayElapsedCallback  stm32f4xx_hal_tim.o
    0x0800213e   0x00000002   Code   RO         2252    i.HAL_TIM_PWM_PulseFinishedCallback  stm32f4xx_hal_tim.o
    0x08002140   0x00000002   Code   RO         2260    i.HAL_TIM_PeriodElapsedCallback  stm32f4xx_hal_tim.o
    0x08002142   0x00000002   Code   RO         2265    i.HAL_TIM_TriggerCallback  stm32f4xx_hal_tim.o
    0x08002144   0x00000002   Code   RO         3126    i.HAL_UART_ErrorCallback  stm32f4xx_hal_uart.o
    0x08002146   0x00000002   PAD
    0x08002148   0x00000114   Code   RO         3129    i.HAL_UART_IRQHandler  stm32f4xx_hal_uart.o
    0x0800225c   0x00000062   Code   RO         3130    i.HAL_UART_Init     stm32f4xx_hal_uart.o
    0x080022be   0x00000002   PAD
    0x080022c0   0x00000170   Code   RO          572    i.HAL_UART_MspInit  usart.o
    0x08002430   0x00000098   Code   RO         3134    i.HAL_UART_Receive_DMA  stm32f4xx_hal_uart.o
    0x080024c8   0x00000002   Code   RO         3136    i.HAL_UART_RxCpltCallback  stm32f4xx_hal_uart.o
    0x080024ca   0x00000002   Code   RO         3137    i.HAL_UART_RxHalfCpltCallback  stm32f4xx_hal_uart.o
    0x080024cc   0x00000080   Code   RO         3139    i.HAL_UART_Transmit_DMA  stm32f4xx_hal_uart.o
    0x0800254c   0x00000002   Code   RO         3141    i.HAL_UART_TxCpltCallback  stm32f4xx_hal_uart.o
    0x0800254e   0x00000002   Code   RO         3142    i.HAL_UART_TxHalfCpltCallback  stm32f4xx_hal_uart.o
    0x08002550   0x00000002   Code   RO          626    i.HardFault_Handler  stm32f4xx_it.o
    0x08002552   0x00000002   PAD
    0x08002554   0x00000010   Code   RO          767    i.LED_ALL_Shine     led.o
    0x08002564   0x00000020   Code   RO          768    i.LED_Task          led.o
    0x08002584   0x00000044   Code   RO          460    i.MX_CAN1_Init      can.o
    0x080025c8   0x0000005c   Code   RO          505    i.MX_DMA_Init       dma.o
    0x08002624   0x0000003c   Code   RO          401    i.MX_FREERTOS_Init  freertos.o
    0x08002660   0x000000a4   Code   RO          377    i.MX_GPIO_Init      gpio.o
    0x08002704   0x00000068   Code   RO          531    i.MX_TIM3_Init      tim.o
    0x0800276c   0x00000038   Code   RO          573    i.MX_USART1_UART_Init  usart.o
    0x080027a4   0x00000038   Code   RO          574    i.MX_USART2_UART_Init  usart.o
    0x080027dc   0x00000002   Code   RO          627    i.MemManage_Handler  stm32f4xx_it.o
    0x080027de   0x00000020   Code   RO          162    i.Motor_Speed_Analysis  robo_base.o
    0x080027fe   0x00000002   Code   RO          628    i.NMI_Handler       stm32f4xx_it.o
    0x08002800   0x00000034   Code   RO          163    i.PID_Init          robo_base.o
    0x08002834   0x00000034   Code   RO          164    i.PID_Send          robo_base.o
    0x08002868   0x00000148   Code   RO          165    i.PID_Speed_Cal     robo_base.o
    0x080029b0   0x00000020   Code   RO          769    i.RED_ALL_Shine     led.o
    0x080029d0   0x00000080   Code   RO          234    i.RemoteDataProcess  remote.o
    0x08002a50   0x00000020   Code   RO          235    i.Remote_Init       remote.o
    0x08002a70   0x0000002e   Code   RO          166    i.Send_To_Motor_    robo_base.o
    0x08002a9e   0x00000012   Code   RO          167    i.Speed_Info_Analysis  robo_base.o
    0x08002ab0   0x00000008   Code   RO          402    i.StartDefaultTask  freertos.o
    0x08002ab8   0x0000000c   Code   RO          403    i.StartTask02       freertos.o
    0x08002ac4   0x00000018   Code   RO          629    i.SysTick_Handler   stm32f4xx_it.o
    0x08002adc   0x00000084   Code   RO          277    i.SystemClock_Config  main.o
    0x08002b60   0x00000178   Code   RO          168    i.SystemIO_Usart_ToString  robo_base.o
    0x08002cd8   0x0000001c   Code   RO         3432    i.SystemInit        system_stm32f4xx.o
    0x08002cf4   0x00000038   Code   RO          630    i.TIM3_IRQHandler   stm32f4xx_it.o
    0x08002d2c   0x000000c8   Code   RO         2267    i.TIM_Base_SetConfig  stm32f4xx_hal_tim.o
    0x08002df4   0x00000014   Code   RO         2278    i.TIM_ETR_SetConfig  stm32f4xx_hal_tim.o
    0x08002e08   0x00000010   Code   RO         2279    i.TIM_ITRx_SetConfig  stm32f4xx_hal_tim.o
    0x08002e18   0x00000022   Code   RO         2285    i.TIM_TI1_ConfigInputStage  stm32f4xx_hal_tim.o
    0x08002e3a   0x00000024   Code   RO         2287    i.TIM_TI2_ConfigInputStage  stm32f4xx_hal_tim.o
    0x08002e5e   0x00000010   Code   RO         3143    i.UART_DMAAbortOnError  stm32f4xx_hal_uart.o
    0x08002e6e   0x0000004a   Code   RO         3144    i.UART_DMAError     stm32f4xx_hal_uart.o
    0x08002eb8   0x0000003c   Code   RO         3145    i.UART_DMAReceiveCplt  stm32f4xx_hal_uart.o
    0x08002ef4   0x0000000a   Code   RO         3147    i.UART_DMARxHalfCplt  stm32f4xx_hal_uart.o
    0x08002efe   0x0000002e   Code   RO         3149    i.UART_DMATransmitCplt  stm32f4xx_hal_uart.o
    0x08002f2c   0x0000000a   Code   RO         3151    i.UART_DMATxHalfCplt  stm32f4xx_hal_uart.o
    0x08002f36   0x0000001c   Code   RO         3153    i.UART_EndRxTransfer  stm32f4xx_hal_uart.o
    0x08002f52   0x00000012   Code   RO         3154    i.UART_EndTxTransfer  stm32f4xx_hal_uart.o
    0x08002f64   0x00000096   Code   RO         3155    i.UART_Receive_IT   stm32f4xx_hal_uart.o
    0x08002ffa   0x00000002   PAD
    0x08002ffc   0x00000128   Code   RO         3156    i.UART_SetConfig    stm32f4xx_hal_uart.o
    0x08003124   0x00000062   Code   RO         3157    i.UART_Transmit_IT  stm32f4xx_hal_uart.o
    0x08003186   0x00000002   PAD
    0x08003188   0x00000018   Code   RO          631    i.USART1_IRQHandler  stm32f4xx_it.o
    0x080031a0   0x0000000c   Code   RO          632    i.USART2_IRQHandler  stm32f4xx_it.o
    0x080031ac   0x00000002   Code   RO          633    i.UsageFault_Handler  stm32f4xx_it.o
    0x080031ae   0x00000002   PAD
    0x080031b0   0x00000084   Code   RO          236    i.Usart_Receive_IDLE  remote.o
    0x08003234   0x00000020   Code   RO         1802    i.__NVIC_SetPriority  stm32f4xx_hal_cortex.o
    0x08003254   0x0000007a   Code   RO         4763    i.__hardfp_sqrt     m_wm.l(sqrt.o)
    0x080032ce   0x0000000e   Code   RO         4840    i.__scatterload_copy  mc_w.l(handlers.o)
    0x080032dc   0x00000002   Code   RO         4841    i.__scatterload_null  mc_w.l(handlers.o)
    0x080032de   0x0000000e   Code   RO         4842    i.__scatterload_zeroinit  mc_w.l(handlers.o)
    0x080032ec   0x0000000c   Code   RO         4822    i.__set_errno       mc_w.l(errno.o)
    0x080032f8   0x00000048   Code   RO           13    i.chassis_control   chassis_control.o
    0x08003340   0x0000015c   Code   RO           14    i.chassis_speed_analysis  chassis_control.o
    0x0800349c   0x00000058   Code   RO          278    i.main              main.o
    0x080034f4   0x0000000c   Code   RO         4258    i.makeFreeRtosPriority  cmsis_os.o
    0x08003500   0x0000000e   Code   RO         4260    i.osDelay           cmsis_os.o
    0x0800350e   0x0000000a   Code   RO         4263    i.osKernelStart     cmsis_os.o
    0x08003518   0x00000054   Code   RO         4297    i.osThreadCreate    cmsis_os.o
    0x0800356c   0x00000070   Code   RO         3946    i.prvAddCurrentTaskToDelayedList  tasks.o
    0x080035dc   0x000000d0   Code   RO         3947    i.prvAddNewTaskToReadyList  tasks.o
    0x080036ac   0x00000034   Code   RO         3948    i.prvDeleteTCB      tasks.o
    0x080036e0   0x0000004c   Code   RO         4625    i.prvHeapInit       heap_4.o
    0x0800372c   0x00000060   Code   RO         3949    i.prvIdleTask       tasks.o
    0x0800378c   0x00000098   Code   RO         3950    i.prvInitialiseNewTask  tasks.o
    0x08003824   0x0000004c   Code   RO         4626    i.prvInsertBlockIntoFreeList  heap_4.o
    0x08003870   0x00000020   Code   RO         3951    i.prvResetNextTaskUnblockTime  tasks.o
    0x08003890   0x00000028   Code   RO         4687    i.prvTaskExitError  port.o
    0x080038b8   0x000000d8   Code   RO         4627    i.pvPortMalloc      heap_4.o
    0x08003990   0x0000002c   Code   RO         4688    i.pxPortInitialiseStack  port.o
    0x080039bc   0x00000026   Code   RO         3570    i.uxListRemove      list.o
    0x080039e2   0x00000002   PAD
    0x080039e4   0x00000014   Code   RO          404    i.vApplicationGetIdleTaskMemory  freertos.o
    0x080039f8   0x00000016   Code   RO         3571    i.vListInitialise   list.o
    0x08003a0e   0x00000006   Code   RO         3572    i.vListInitialiseItem  list.o
    0x08003a14   0x00000030   Code   RO         3573    i.vListInsert       list.o
    0x08003a44   0x00000018   Code   RO         3574    i.vListInsertEnd    list.o
    0x08003a5c   0x00000040   Code   RO         4690    i.vPortEnterCritical  port.o
    0x08003a9c   0x00000028   Code   RO         4691    i.vPortExitCritical  port.o
    0x08003ac4   0x0000005c   Code   RO         4628    i.vPortFree         heap_4.o
    0x08003b20   0x00000024   Code   RO         4692    i.vPortSetupTimerInterrupt  port.o
    0x08003b44   0x0000004c   Code   RO         3959    i.vTaskDelay        tasks.o
    0x08003b90   0x0000006c   Code   RO         3973    i.vTaskStartScheduler  tasks.o
    0x08003bfc   0x00000010   Code   RO         3975    i.vTaskSuspendAll   tasks.o
    0x08003c0c   0x0000005c   Code   RO         3976    i.vTaskSwitchContext  tasks.o
    0x08003c68   0x000000f4   Code   RO         4694    i.xPortStartScheduler  port.o
    0x08003d5c   0x0000002c   Code   RO         4695    i.xPortSysTickHandler  port.o
    0x08003d88   0x0000005a   Code   RO         3978    i.xTaskCreate       tasks.o
    0x08003de2   0x00000056   Code   RO         3979    i.xTaskCreateStatic  tasks.o
    0x08003e38   0x0000001c   Code   RO         3983    i.xTaskGetSchedulerState  tasks.o
    0x08003e54   0x000000c8   Code   RO         3986    i.xTaskIncrementTick  tasks.o
    0x08003f1c   0x000000c4   Code   RO         3992    i.xTaskResumeAll    tasks.o
    0x08003fe0   0x00000038   Data   RO          406    .constdata          freertos.o
    0x08004018   0x00000008   Data   RO         1519    .constdata          stm32f4xx_hal_dma.o
    0x08004020   0x00000010   Data   RO         3433    .constdata          system_stm32f4xx.o
    0x08004030   0x00000008   Data   RO         3434    .constdata          system_stm32f4xx.o
    0x08004038   0x00000018   Data   RO          407    .conststring        freertos.o
    0x08004050   0x00000020   Data   RO         4838    Region$$Table       anon$$obj.o


    Execution Region RW_IRAM2 (Base: 0x10000000, Size: 0x00000000, Max: 0x00010000, ABSOLUTE)

    **** No section assigned to this execution region ****


    Execution Region RW_IRAM1 (Base: 0x20000000, Size: 0x00004788, Max: 0x00020000, ABSOLUTE)

    Base Addr    Size         Type   Attr      Idx    E Section Name        Object

    0x20000000   0x00000008   Data   RW           16    .data               chassis_control.o
    0x20000008   0x00000050   Data   RW          238    .data               remote.o
    0x20000058   0x00000004   Data   RW          279    .data               main.o
    0x2000005c   0x00000004   Data   RW          280    .data               main.o
    0x20000060   0x00000008   Data   RW          408    .data               freertos.o
    0x20000068   0x00000001   Data   RW          636    .data               stm32f4xx_it.o
    0x20000069   0x00000003   PAD
    0x2000006c   0x0000000c   Data   RW         1946    .data               stm32f4xx_hal.o
    0x20000078   0x00000004   Data   RW         3435    .data               system_stm32f4xx.o
    0x2000007c   0x0000003c   Data   RW         3995    .data               tasks.o
    0x200000b8   0x00000018   Data   RW         4633    .data               heap_4.o
    0x200000d0   0x0000000c   Data   RW         4696    .data               port.o
    0x200000dc   0x00000004   Data   RW         4823    .data               mc_w.l(errno.o)
    0x200000e0   0x0000000c   Zero   RW           15    .bss                chassis_control.o
    0x200000ec   0x00000024   Zero   RW          237    .bss                remote.o
    0x20000110   0x00000254   Zero   RW          405    .bss                freertos.o
    0x20000364   0x00000028   Zero   RW          461    .bss                can.o
    0x2000038c   0x00000040   Zero   RW          532    .bss                tim.o
    0x200003cc   0x000001a0   Zero   RW          575    .bss                usart.o
    0x2000056c   0x0000012c   Zero   RW          634    .bss                stm32f4xx_it.o
    0x20000698   0x000000f0   Zero   RW         3994    .bss                tasks.o
    0x20000788   0x00003c00   Zero   RW         4632    .bss                heap_4.o
    0x20004388   0x00000400   Zero   RW            1    STACK               startup_stm32f405xx.o


==============================================================================

Image component sizes


      Code (inc. data)   RO Data    RW Data    ZI Data      Debug   Object Name

       236         26          0          0         40       2191   can.o
       420         46          0          8         12     651379   chassis_control.o
       120          0          0          0          0      22857   cmsis_os.o
        92          4          0          0          0        822   dma.o
         0          0          0          0          0      15676   event_groups.o
       100         12         80          8        596       2977   freertos.o
       164         16          0          0          0        967   gpio.o
       460         24          0         24      15360       7075   heap_4.o
       172         24          0          0          0       2650   led.o
       138          0          0          0          0       3354   list.o
       222         22          0          8          0      33856   main.o
       702         72          0         12          0      11008   port.o
       292         34          0         80         36       2333   remote.o
      1072         38          0          0          0       5248   robo_base.o
        36          8        392          0       1024        832   startup_stm32f405xx.o
       144         24          0         12          0       8721   stm32f4xx_hal.o
      1640          6          0          0          0      13839   stm32f4xx_hal_can.o
       198         14          0          0          0      33583   stm32f4xx_hal_cortex.o
       938         16          8          0          0       5746   stm32f4xx_hal_dma.o
       476         52          0          0          0       3312   stm32f4xx_hal_gpio.o
        56          4          0          0          0        862   stm32f4xx_hal_msp.o
      1328         72          0          0          0       4988   stm32f4xx_hal_rcc.o
       976         44          0          0          0      10017   stm32f4xx_hal_tim.o
       148         28          0          0          0       2385   stm32f4xx_hal_tim_ex.o
      1470         44          0          0          0      13102   stm32f4xx_hal_uart.o
       252         70          0          1        300       8471   stm32f4xx_it.o
         0          0          0          0          0        408   stream_buffer.o
        28          6         24          4          0       1143   system_stm32f4xx.o
      1544        116          0         60        240      19099   tasks.o
       164         18          0          0         64       1658   tim.o
       480         46          0          0        416       2628   usart.o

    ----------------------------------------------------------------------
     14100        886        536        220      18088     893187   Object Totals
         0          0         32          0          0          0   (incl. Generated)
        32          0          0          3          0          0   (incl. Padding)

    ----------------------------------------------------------------------

      Code (inc. data)   RO Data    RW Data    ZI Data      Debug   Library Member Name

       122          0          0          0          0        148   sqrt.o
         0          0          0          0          0          0   entry.o
         0          0          0          0          0          0   entry10a.o
         0          0          0          0          0          0   entry11a.o
         8          4          0          0          0          0   entry2.o
         4          0          0          0          0          0   entry5.o
         0          0          0          0          0          0   entry7b.o
         0          0          0          0          0          0   entry8b.o
         8          4          0          0          0          0   entry9a.o
        12          6          0          4          0         68   errno.o
        30          0          0          0          0          0   handlers.o
        36          8          0          0          0         68   init.o
         0          0          0          0          0          0   iusefp.o
        30          0          0          0          0         68   llshl.o
        36          0          0          0          0         68   llsshr.o
        32          0          0          0          0         68   llushr.o
        36          0          0          0          0         68   memcpya.o
        36          0          0          0          0        108   memseta.o
        98          0          0          0          0         92   uldiv.o
        56          0          0          0          0         88   d2f.o
       334          0          0          0          0        148   dadd.o
       222          0          0          0          0        100   ddiv.o
       186          0          0          0          0        176   depilogue.o
        34          0          0          0          0         76   dflti.o
       228          0          0          0          0         96   dmul.o
       162          0          0          0          0        100   dsqrt.o
        38          0          0          0          0         68   f2d.o
       110          0          0          0          0        168   fepilogue.o

    ----------------------------------------------------------------------
      1860         22          0          4          0       1776   Library Totals
         2          0          0          0          0          0   (incl. Padding)

    ----------------------------------------------------------------------

      Code (inc. data)   RO Data    RW Data    ZI Data      Debug   Library Name

       122          0          0          0          0        148   m_wm.l
       366         22          0          4          0        608   mc_w.l
      1370          0          0          0          0       1020   mf_w.l

    ----------------------------------------------------------------------
      1860         22          0          4          0       1776   Library Totals

    ----------------------------------------------------------------------

==============================================================================


      Code (inc. data)   RO Data    RW Data    ZI Data      Debug   

     15960        908        536        224      18088     878339   Grand Totals
     15960        908        536        224      18088     878339   ELF Image Totals
     15960        908        536        224          0          0   ROM Totals

==============================================================================

    Total RO  Size (Code + RO Data)                16496 (  16.11kB)
    Total RW  Size (RW Data + ZI Data)             18312 (  17.88kB)
    Total ROM Size (Code + RO Data + RW Data)      16720 (  16.33kB)

==============================================================================

