<html>
<body>
<pre>
<h1>µVision Build Log</h1>
<h2>Tool Versions:</h2>
IDE-Version: ¦ÌVision V5.14.0.0
Copyright (C) 2015 ARM Ltd and ARM Germany GmbH. All rights reserved.
License Information: 1 1, 1, LIC=ATT9U-S4FHJ-GI85Q-NIJH8-RA7NC-SLDJB
 
Tool Versions:
Toolchain:       MDK-ARM Standard  Version: 5.14.0.0
Toolchain Path:  D:\aaaMMJ\IFR\keil5\ARM\ARMCC\Bin
C Compiler:      Armcc.exe V5.05 update 1 (build 106)
Assembler:       Armasm.exe V5.05 update 1 (build 106)
Linker/Locator:  ArmLink.exe V5.05 update 1 (build 106)
Library Manager: ArmAr.exe V5.05 update 1 (build 106)
Hex Converter:   FromElf.exe V5.05 update 1 (build 106)
CPU DLL:         SARMCM3.DLL V5.14.0.0
Dialog DLL:      DCM.DLL V1.13.1.0
Target DLL:      Segger\JL2CM3.dll V2.97.0.0
Dialog DLL:      TCM.DLL V1.14.4.0
 
<h2>Project:</h2>
C:\Users\MY\Desktop\catch_OpenTest\catch_OpenTest\MDK-ARM\catch_OpenTest.uvprojx
Project File Date:  12/31/2020

<h2>Output:</h2>
Build target 'led'
assembling startup_stm32f405xx.s...
compiling main.c...
compiling gpio.c...
compiling can.c...
compiling tim.c...
compiling stm32f4xx_it.c...
compiling stm32f4xx_hal_msp.c...
compiling stm32f4xx_hal_can.c...
compiling stm32f4xx_hal_rcc.c...
compiling stm32f4xx_hal_rcc_ex.c...
compiling stm32f4xx_hal_flash.c...
compiling stm32f4xx_hal_flash_ex.c...
compiling stm32f4xx_hal_flash_ramfunc.c...
compiling stm32f4xx_hal_gpio.c...
compiling stm32f4xx_hal_dma_ex.c...
compiling stm32f4xx_hal_dma.c...
compiling stm32f4xx_hal_pwr.c...
compiling stm32f4xx_hal_pwr_ex.c...
compiling stm32f4xx_hal_cortex.c...
compiling stm32f4xx_hal.c...
compiling stm32f4xx_hal_exti.c...
compiling stm32f4xx_hal_tim.c...
compiling stm32f4xx_hal_tim_ex.c...
compiling system_stm32f4xx.c...
compiling robo_base.c...
linking...
Program Size: Code=6672 RO-data=440 RW-data=36 ZI-data=1220  
FromELF: creating hex file...
"LED\LED.axf" - 0 Error(s), 0 Warning(s).

<h2>Software Packages used:</h2>

Package Vendor: ARM
                http://www.keil.com/pack/ARM.CMSIS.5.7.0.pack
                ARM::CMSIS:CORE:5.4.0
                CMSIS (Cortex Microcontroller Software Interface Standard)
   * Component: CORE Version: 5.4.0

<h2>Collection of Component include folders:</h2>
  C:\Users\MY\Desktop\catch_OpenTest\catch_OpenTest\MDK-ARM\RTE
  D:\aaa MMJ\IFR\keil5\ARM\PACK\ARM\CMSIS\5.7.0\CMSIS\Core\Include
  D:\aaa MMJ\IFR\keil5\ARM\PACK\Keil\STM32F4xx_DFP\2.12.0

<h2>Collection of Component Files used:</h2>

   * Component: ARM::CMSIS:CORE:5.4.0
      Source file:   CMSIS\Core\Template\ARMv8-M\main_s.c
      Source file:   CMSIS\Core\Template\ARMv8-M\tz_context.c
      Include file:  CMSIS\Core\Include\tz_context.h
</pre>
</body>
</html>
